******************************************************************************
                  TI ARM Linker PC v15.12.1                    
******************************************************************************
>> Linked Mon Oct 31 18:31:28 2016

OUTPUT FILE NAME:   <Lopputyo_.out>
ENTRY POINT SYMBOL: "ResetISR"  address: 00007ce9


MEMORY CONFIGURATION

         name            origin    length      used     unused   attr    fill
----------------------  --------  ---------  --------  --------  ----  --------
  FLASH                 00000000   00020000  00009ebc  00016144  R  X
  SRAM                  20000000   00005000  0000461e  000009e2  RW X


SEGMENT ALLOCATION MAP

run origin  load origin   length   init length attrs members
----------  ----------- ---------- ----------- ----- -------
00000000    00000000    0000003c   0000003c    r--
  00000000    00000000    0000003c   0000003c    r-- .resetVecs
00000100    00000100    00009e34   00009e34    r-x
  00000100    00000100    0000003c   0000003c    r-- .const:ti_sysbios_knl_Task_Object__PARAMS__C
  0000013c    0000013c    00000034   00000034    r-- .const:ti_sysbios_knl_Mailbox_Object__PARAMS__C
  00000170    00000170    00000030   00000030    r-- .const:ti_sysbios_family_arm_m3_Hwi_Object__PARAMS__C
  000001a0    000001a0    0000002c   0000002c    r-- .const:ti_sysbios_hal_Hwi_Object__PARAMS__C
  000001cc    000001cc    00000028   00000028    r-- .const:ti_sysbios_heaps_HeapMem_Module__FXNS__C
  000001f4    000001f4    00000028   00000028    r-- .const:ti_sysbios_knl_Swi_Object__PARAMS__C
  0000021c    0000021c    00000024   00000024    r-- .const:ti_sysbios_gates_GateHwi_Module__FXNS__C
  00000240    00000240    00000024   00000024    r-- .const:ti_sysbios_gates_GateMutex_Module__FXNS__C
  00000264    00000264    00000024   00000024    r-- .const:ti_sysbios_heaps_HeapMem_Object__PARAMS__C
  00000288    00000288    00000024   00000024    r-- .const:ti_sysbios_knl_Clock_Object__PARAMS__C
  000002ac    000002ac    00000024   00000024    r-- .const:ti_sysbios_knl_Semaphore_Object__PARAMS__C
  000002d0    000002d0    00000020   00000020    r-- .const:ti_sysbios_family_arm_m3_Hwi_Object__DESC__C
  000002f0    000002f0    00000020   00000020    r-- .const:ti_sysbios_gates_GateHwi_Object__DESC__C
  00000310    00000310    00000020   00000020    r-- .const:ti_sysbios_gates_GateMutex_Object__DESC__C
  00000330    00000330    00000020   00000020    r-- .const:ti_sysbios_hal_Hwi_Object__DESC__C
  00000350    00000350    00000020   00000020    r-- .const:ti_sysbios_heaps_HeapMem_Object__DESC__C
  00000370    00000370    00000020   00000020    r-- .const:ti_sysbios_knl_Clock_Object__DESC__C
  00000390    00000390    00000020   00000020    r-- .const:ti_sysbios_knl_Mailbox_Object__DESC__C
  000003b0    000003b0    00000020   00000020    r-- .const:ti_sysbios_knl_Queue_Object__DESC__C
  000003d0    000003d0    00000020   00000020    r-- .const:ti_sysbios_knl_Semaphore_Object__DESC__C
  000003f0    000003f0    00000020   00000020    r-- .const:ti_sysbios_knl_Swi_Object__DESC__C
  00000410    00000410    00000020   00000020    r-- .const:ti_sysbios_knl_Task_Object__DESC__C
  00000430    00000430    00000018   00000018    r-- .const:ti_sysbios_gates_GateHwi_Object__PARAMS__C
  00000448    00000448    00000018   00000018    r-- .const:ti_sysbios_gates_GateMutex_Object__PARAMS__C
  00000460    00000460    00000018   00000018    r-- .const:ti_sysbios_knl_Queue_Object__PARAMS__C
  00000478    00000478    00000008   00000008    r-- .const:ti_sysbios_knl_Idle_funcList__C
  00000484    00000484    00000004   00000004    r-- .const:ti_sysbios_family_arm_cc26xx_Timer_startupNeeded__C
  00000488    00000488    00000004   00000004    r-- .const:ti_sysbios_family_arm_m3_Hwi_E_alreadyDefined__C
  0000048c    0000048c    00000004   00000004    r-- .const:ti_sysbios_family_arm_m3_Hwi_E_hwiLimitExceeded__C
  00000490    00000490    00000004   00000004    r-- .const:ti_sysbios_family_arm_m3_Hwi_NUM_INTERRUPTS__C
  00000494    00000494    00000004   00000004    r-- .const:ti_sysbios_family_arm_m3_Hwi_Object__count__C
  00000498    00000498    00000004   00000004    r-- .const:ti_sysbios_family_arm_m3_Hwi_Object__table__C
  0000049c    0000049c    00000004   00000004    r-- .const:ti_sysbios_family_arm_m3_Hwi_ccr__C
  000004a0    000004a0    00000004   00000004    r-- .const:ti_sysbios_family_arm_m3_Hwi_excHandlerFunc__C
  000004a4    000004a4    00000004   00000004    r-- .const:ti_sysbios_family_arm_m3_Hwi_nullIsrFunc__C
  000004a8    000004a8    00000004   00000004    r-- .const:ti_sysbios_family_arm_m3_Hwi_numSparseInterrupts__C
  000004ac    000004ac    00000004   00000004    r-- .const:ti_sysbios_family_arm_m3_Hwi_priGroup__C
  000004b0    000004b0    00000004   00000004    r-- .const:ti_sysbios_family_arm_m3_TaskSupport_stackAlignment__C
  000004b4    000004b4    00000004   00000004    r-- .const:ti_sysbios_heaps_HeapMem_E_memory__C
  000004b8    000004b8    00000004   00000004    r-- .const:ti_sysbios_heaps_HeapMem_Module__gateObj__C
  000004bc    000004bc    00000004   00000004    r-- .const:ti_sysbios_heaps_HeapMem_Object__count__C
  000004c0    000004c0    00000004   00000004    r-- .const:ti_sysbios_heaps_HeapMem_Object__table__C
  000004c4    000004c4    00000004   00000004    r-- .const:ti_sysbios_heaps_HeapMem_reqAlign__C
  000004c8    000004c8    00000004   00000004    r-- .const:ti_sysbios_knl_Clock_serviceMargin__C
  000004cc    000004cc    00000004   00000004    r-- .const:ti_sysbios_knl_Mailbox_Object__count__C
  000004d0    000004d0    00000004   00000004    r-- .const:ti_sysbios_knl_Mailbox_Object__table__C
  000004d4    000004d4    00000004   00000004    r-- .const:ti_sysbios_knl_Queue_Object__count__C
  000004d8    000004d8    00000004   00000004    r-- .const:ti_sysbios_knl_Queue_Object__table__C
  000004dc    000004dc    00000004   00000004    r-- .const:ti_sysbios_knl_Swi_Object__count__C
  000004e0    000004e0    00000004   00000004    r-- .const:ti_sysbios_knl_Swi_Object__table__C
  000004e4    000004e4    00000004   00000004    r-- .const:ti_sysbios_knl_Swi_numPriorities__C
  000004e8    000004e8    00000004   00000004    r-- .const:ti_sysbios_knl_Task_Object__count__C
  000004ec    000004ec    00000004   00000004    r-- .const:ti_sysbios_knl_Task_Object__table__C
  000004f0    000004f0    00000004   00000004    r-- .const:ti_sysbios_knl_Task_allBlockedFunc__C
  000004f4    000004f4    00000004   00000004    r-- .const:ti_sysbios_knl_Task_defaultStackHeap__C
  000004f8    000004f8    00000004   00000004    r-- .const:ti_sysbios_knl_Task_defaultStackSize__C
  000004fc    000004fc    00000004   00000004    r-- .const:ti_sysbios_knl_Task_numConstructedTasks__C
  00000502    00000502    00000002   00000002    r-- .const:ti_sysbios_family_arm_cc26xx_Timer_Module__id__C
  00000504    00000504    00000002   00000002    r-- .const:ti_sysbios_family_arm_cc26xx_TimestampProvider_useClockTimer__C
  00000506    00000506    00000002   00000002    r-- .const:ti_sysbios_family_arm_m3_Hwi_Module__id__C
  00000508    00000508    00000002   00000002    r-- .const:ti_sysbios_gates_GateHwi_Module__id__C
  0000050a    0000050a    00000002   00000002    r-- .const:ti_sysbios_gates_GateMutex_Module__id__C
  0000050c    0000050c    00000002   00000002    r-- .const:ti_sysbios_heaps_HeapMem_Module__id__C
  0000050e    0000050e    00000002   00000002    r-- .const:ti_sysbios_knl_Task_initStackFlag__C
  00000510    00000510    00000001   00000001    r-- .const:ti_sysbios_knl_Clock_tickMode__C
  00000514    00000514    00000008   00000008    r-- .const:xdc_runtime_Startup_firstFxns__C
  0000051c    0000051c    00000008   00000008    r-- .const:xdc_runtime_Startup_lastFxns__C
  00000524    00000524    00000004   00000004    r-- .const:xdc_runtime_Assert_E_assertFailed__C
  00000528    00000528    00000004   00000004    r-- .const:xdc_runtime_Error_E_memory__C
  0000052c    0000052c    00000004   00000004    r-- .const:xdc_runtime_Error_policyFxn__C
  00000530    00000530    00000004   00000004    r-- .const:xdc_runtime_IGateProvider_Interface__BASE__C
  00000534    00000534    00000004   00000004    r-- .const:xdc_runtime_IHeap_Interface__BASE__C
  00000538    00000538    00000004   00000004    r-- .const:xdc_runtime_IModule_Interface__BASE__C
  0000053c    0000053c    00000004   00000004    r-- .const:xdc_runtime_Main_Module__diagsEnabled__C
  00000540    00000540    00000004   00000004    r-- .const:xdc_runtime_Main_Module__diagsIncluded__C
  00000544    00000544    00000004   00000004    r-- .const:xdc_runtime_Main_Module__diagsMask__C
  00000548    00000548    00000004   00000004    r-- .const:xdc_runtime_Memory_defaultHeapInstance__C
  0000054c    0000054c    00000004   00000004    r-- .const:xdc_runtime_Startup_execImpl__C
  00000550    00000550    00000004   00000004    r-- .const:xdc_runtime_Startup_maxPasses__C
  00000554    00000554    00000004   00000004    r-- .const:xdc_runtime_Startup_sfxnRts__C
  00000558    00000558    00000004   00000004    r-- .const:xdc_runtime_Startup_sfxnTab__C
  0000055c    0000055c    00000004   00000004    r-- .const:xdc_runtime_Startup_startModsFxn__C
  00000560    00000560    00000004   00000004    r-- .const:xdc_runtime_SysCallback_abortFxn__C
  00000564    00000564    00000004   00000004    r-- .const:xdc_runtime_SysCallback_exitFxn__C
  00000568    00000568    00000004   00000004    r-- .const:xdc_runtime_System_abortFxn__C
  0000056c    0000056c    00000004   00000004    r-- .const:xdc_runtime_System_exitFxn__C
  00000570    00000570    00000004   00000004    r-- .const:xdc_runtime_System_maxAtexitHandlers__C
  00000574    00000574    00000004   00000004    r-- .const:xdc_runtime_Text_charTab__C
  00000578    00000578    00000004   00000004    r-- .const:xdc_runtime_Text_nameEmpty__C
  0000057c    0000057c    00000004   00000004    r-- .const:xdc_runtime_Text_nameStatic__C
  00000580    00000580    00000004   00000004    r-- .const:xdc_runtime_Text_nameUnknown__C
  00000584    00000584    00000002   00000002    r-- .const:xdc_runtime_Main_Module__id__C
  00000586    00000586    00000002   00000002    r-- .const:xdc_runtime_Memory_Module__id__C
  00000588    00000588    00000002   00000002    r-- .const:xdc_runtime_Text_charCnt__C
  0000058a    0000058a    00000002   00000002    r-- .const:xdc_runtime_Text_isLoaded__C
  0000058c    0000058c    00000001   00000001    r-- .const:xdc_runtime_Error_policy__C
  00000590    00000590    00000004   00000004    r-- .const:ti_sysbios_rom_ROM_AONRTCChannelEnable
  00000594    00000594    00000004   00000004    r-- .const:ti_sysbios_rom_ROM_AONRTCCompareValueSet
  00000598    00000598    00000004   00000004    r-- .const:ti_sysbios_rom_ROM_AONRTCCurrentCompareValueGet
  0000059c    0000059c    00000004   00000004    r-- .const:ti_sysbios_rom_ROM_AONRTCEventClear
  000005a0    000005a0    00000004   00000004    r-- .const:ti_sysbios_rom_ROM_ti_sysbios_family_arm_cc26xx_Timer_getCount64__E
  000005a4    000005a4    00000004   00000004    r-- .const:ti_sysbios_rom_ROM_ti_sysbios_family_arm_cc26xx_Timer_getCurrentTick__E
  000005a8    000005a8    00000004   00000004    r-- .const:ti_sysbios_rom_ROM_ti_sysbios_family_arm_cc26xx_Timer_getMaxTicks__E
  000005ac    000005ac    00000004   00000004    r-- .const:ti_sysbios_rom_ROM_ti_sysbios_family_arm_cc26xx_Timer_initDevice__I
  000005b0    000005b0    00000004   00000004    r-- .const:ti_sysbios_rom_ROM_ti_sysbios_family_arm_cc26xx_Timer_setNextTick__E
  000005b4    000005b4    00000004   00000004    r-- .const:ti_sysbios_rom_ROM_ti_sysbios_family_arm_cc26xx_Timer_setThreshold__I
  000005b8    000005b8    00000004   00000004    r-- .const:ti_sysbios_rom_ROM_ti_sysbios_family_arm_cc26xx_Timer_start__E
  000005bc    000005bc    00000004   00000004    r-- .const:ti_sysbios_rom_ROM_ti_sysbios_family_arm_cc26xx_TimestampProvider_get32__E
  000005c0    000005c0    00000004   00000004    r-- .const:ti_sysbios_rom_ROM_xdc_runtime_Startup_getState__I
  000005c4    000005c4    00000004   00000004    r-- .const:ti_sysbios_rom_ROM_xdc_runtime_System_SupportProxy_abort__E
  000005c8    000005c8    00000004   00000004    r-- .const:ti_sysbios_rom_ROM_xdc_runtime_System_SupportProxy_exit__E
  000005cc    000005cc    00000004   00000004    r-- .const:ti_sysbios_gates_GateMutex_Instance_State_sem__O
  000005d0    000005d0    00000004   00000004    r-- .const:ti_sysbios_knl_Clock_Module_State_clockQ__O
  000005d4    000005d4    00000004   00000004    r-- .const:ti_sysbios_knl_Mailbox_Instance_State_dataQue__O
  000005d8    000005d8    00000004   00000004    r-- .const:ti_sysbios_knl_Mailbox_Instance_State_dataSem__O
  000005dc    000005dc    00000004   00000004    r-- .const:ti_sysbios_knl_Mailbox_Instance_State_freeQue__O
  000005e0    000005e0    00000004   00000004    r-- .const:ti_sysbios_knl_Mailbox_Instance_State_freeSem__O
  000005e4    000005e4    00000004   00000004    r-- .const:ti_sysbios_knl_Semaphore_Instance_State_pendQ__O
  000005e8    000005e8    00000004   00000004    r-- .const:ti_sysbios_knl_Task_Module_State_inactiveQ__O
  000005ec    000005ec    00008bfc   00008bfc    r-x .text
  000091e8    000091e8    000008d0   000008d0    r-- .const
  00009ab8    00009ab8    0000047c   0000047c    r-- .cinit
0001ffa8    0001ffa8    00000058   00000058    r--
  0001ffa8    0001ffa8    00000058   00000058    r-- .ccfg
20000000    20000000    000000c8   00000000    rw-
  20000000    20000000    000000c8   00000000    rw- .vecs
20000100    20000100    00000104   00000000    rw-
  20000100    20000100    00000044   00000000    rw- .data:ti_sysbios_knl_Task_Module__state__V
  20000144    20000144    00000034   00000000    rw- .data:ti_sysbios_family_arm_m3_Hwi_Module__state__V
  20000178    20000178    0000002c   00000000    rw- .data:ti_sysbios_knl_Clock_Module__state__V
  200001a4    200001a4    00000024   00000000    rw- .data:ti_sysbios_BIOS_Module__state__V
  200001c8    200001c8    0000001c   00000000    rw- .data:ti_sysbios_knl_Swi_Module__state__V
  200001e4    200001e4    00000008   00000000    rw- .data:ti_sysbios_family_arm_cc26xx_Timer_Module__state__V
  200001ec    200001ec    00000004   00000000    rw- .data:ti_sysbios_family_arm_cc26xx_TimestampProvider_Module__state__V
  200001f0    200001f0    00000008   00000000    rw- .data:xdc_runtime_Startup_Module__state__V
  200001f8    200001f8    00000008   00000000    rw- .data:xdc_runtime_System_Module__state__V
  20000200    20000200    00000004   00000000    rw- .data:xdc_runtime_Memory_Module__state__V
20000430    20000430    00000010   00000000    rw-
  20000430    20000430    00000010   00000000    rw- .TI.bound:dmaSpi0RxControlTableEntry
20000440    20000440    00000010   00000000    rw-
  20000440    20000440    00000010   00000000    rw- .TI.bound:dmaSpi0TxControlTableEntry
20000500    20000500    00000010   00000000    rw-
  20000500    20000500    00000010   00000000    rw- .TI.bound:dmaSpi1RxControlTableEntry
20000510    20000510    00004122   00000000    rw-
  20000510    20000510    00000010   00000000    rw- .TI.bound:dmaSpi1TxControlTableEntry
  20000520    20000520    00003af8   00000000    rw- .bss
  20004018    20004018    0000061a   00000000    rw- .data
20004d00    20004d00    00000300   00000000    rw-
  20004d00    20004d00    00000300   00000000    rw- .stack


SECTION ALLOCATION MAP

 output                                  attributes/
section   page    origin      length       input sections
--------  ----  ----------  ----------   ----------------
.text      0    000005ec    00008bfc     
                  000005ec    000010f0     rtsv7M3_T_le_eabi.lib : _printfi.obj (.text)
                  000016dc    00000338     rom_sysbios.aem3 : rom_sysbios.obj (.text:xdc_runtime_System_doPrint__I)
                  00001a14    00000324     rtsv7M3_T_le_eabi.lib : trgdrv.obj (.text)
                  00001d38    0000030c                           : lowlev.obj (.text)
                  00002044    000002e8     grlib.aem3 : string.oem3 (.text:GrStringDraw)
                  0000232c    00000268     CWC_CC2650_154Drv.obj (.text:CWC_CC2650_154_Init)
                  00002594    00000228     drivers_cc26xxware.aem3 : PowerCC26XX.oem3 (.text:Power_sleep)
                  000027bc    00000224     main.obj (.text:main)
                  000029e0    00000204     driverlib.lib : sys_ctrl.obj (.text:NOROM_SysCtrlSetRechargeBeforePowerDown)
                  00002be4    000001f4     rtsv7M3_T_le_eabi.lib : ull_div_t2.obj (.text)
                  00002dd8    000001d0     drivers_cc26xxware.aem3 : PowerCC26XX_calibrateRCOSC.oem3 (.text:calibrateRcoscHf1)
                  00002fa8    000001c4                             : PINCC26XX.oem3 (.text:PIN_init)
                  0000316c    000001c4     rtsv7M3_T_le_eabi.lib : fopen.obj (.text)
                  00003330    000001b6                           : fd_add_t2.obj (.text)
                  000034e6    00000002     ERRORS.obj (.text:ERROR_CRITICAL)
                  000034e8    00000184     drivers_cc26xxware.aem3 : PowerCC26XX_calibrateRCOSC.oem3 (.text:PowerCC26XX_doCalibrate)
                  0000366c    00000170     opt3001.obj (.text:OPT3001_GetLuminosity)
                  000037dc    00000160     drivers_cc26xxware.aem3 : SPICC26XXDMA.oem3 (.text:SPICC26XXDMA_initIO)
                  0000393c    00000148                             : SPICC26XXDMA.oem3 (.text:SPICC26XXDMA_open)
                  00003a84    00000144     CWC_CC2650_154Drv.obj (.text:CWC_CC2650_154_SendDataPacket_Forced)
                  00003bc8    00000140     display.aem3 : DisplaySharp.oem3 (.text:DisplaySharp_open)
                  00003d08    00000136     rtsv7M3_T_le_eabi.lib : fd_div_t2.obj (.text)
                  00003e3e    00000002     drivers_cc26xxware.aem3 : SPICC26XXDMA.oem3 (.text:SPICC26XXDMA_serviceISR)
                  00003e40    00000134     rtsv7M3_T_le_eabi.lib : fputs.obj (.text)
                  00003f74    00000134     main.obj (.text:taskFxn)
                  000040a8    00000130     driverlib.lib : setup.obj (.text:NOROM_SetupAfterColdResetWakeupFromShutDownCfg3)
                  000041d8    0000011c     drivers_cc26xxware.aem3 : PowerCC26XX.oem3 (.text:Power_init)
                  000042f4    00000114                             : PowerCC26XX.oem3 (.text:Power_shutdown)
                  00004408    00000100     comm_lib.obj (.text:Init6LoWPAN)
                  00004508    00000100     lcd.aem3 : SharpGrLib.oem3 (.text:SharpGrLib_flush)
                  00004608    000000fc     rtsv7M3_T_le_eabi.lib : fd_mul_t2.obj (.text)
                  00004704    000000fa                           : fs_add_t2.obj (.text)
                  000047fe    00000002     drivers_cc26xxware.aem3 : PowerCC26XX.oem3 (.text:emptyClockFunc)
                  00004800    000000f8                             : I2CCC26XX.oem3 (.text:I2CCC26XX_open)
                  000048f8    000000f8     tmp007.obj (.text:TMP007_GetTemperature)
                  000049f0    000000f8     empty_pem3.oem3 (.text:xdc_runtime_System_printfExtend__I)
                  00004ae8    000000ec     drivers_cc26xxware.aem3 : SPICC26XXDMA.oem3 (.text:SPICC26XXDMA_transferCancel)
                  00004bd4    000000e8                             : I2CCC26XX.oem3 (.text:I2CCC26XX_hwiFxn)
                  00004cbc    000000e6     lcd.aem3 : SharpGrLib.oem3 (.text:SharpGrLib_rectFill)
                  00004da2    00000002     rtsv7M3_T_le_eabi.lib : i_div0.obj (.text)
                  00004da4    000000e4     driverlib.lib : setup.obj (.text:NOROM_SetupAfterColdResetWakeupFromShutDownCfg2)
                  00004e88    000000e0     display.aem3 : DisplaySharp.oem3 (.text:DisplaySharp_put5)
                  00004f68    000000dc     rtsv7M3_T_le_eabi.lib : setvbuf.obj (.text)
                  00005044    000000d4     drivers_cc26xxware.aem3 : PowerCC26XX.oem3 (.text:Power_releaseDependency)
                  00005118    000000d4                             : SPICC26XXDMA.oem3 (.text:SPICC26XXDMA_configDMA)
                  000051ec    000000d0     display.aem3 : DisplaySharp.oem3 (.text:DisplaySharp_control)
                  000052bc    000000d0     drivers_cc26xxware.aem3 : PowerCC26XX.oem3 (.text:Power_setDependency)
                  0000538c    000000d0     rtsv7M3_T_le_eabi.lib : s_scalbn.obj (.text)
                  0000545c    000000cc     driverlib.lib : setup.obj (.text:TrimAfterColdResetWakeupFromShutDown)
                  00005528    000000c8     rtsv7M3_T_le_eabi.lib : fflush.obj (.text)
                  000055f0    000000c4     drivers_cc26xxware.aem3 : SPICC26XXDMA.oem3 (.text:SPICC26XXDMA_transfer)
                  000056b4    000000c2                             : I2CCC26XX.oem3 (.text:I2CCC26XX_transfer)
                  00005776    00000002     rom_sysbios.aem3 : rom_sysbios.obj (.text:ti_sysbios_BIOS_linkedWithIncorrectBootLibrary__E)
                  00005778    000000bc     power_cc26xx_tirtos.aem3 : PowerCC26XX_tirtos.oem3 (.text:PowerCC26XX_standbyPolicy)
                  00005834    000000bc     lcd.aem3 : SharpGrLib.oem3 (.text:SharpGrLib_clearScreen)
                  000058f0    000000b8     drivers_cc26xxware.aem3 : PINCC26XX.oem3 (.text:PINCC26XX_setIoCfg)
                  000059a8    000000b0     opt3001.obj (.text:OPT3001_Setup)
                  00005a58    000000ac     rtsv7M3_T_le_eabi.lib : _io_perm.obj (.text)
                  00005b04    000000aa     lcd.aem3 : SharpGrLib.oem3 (.text:SharpGrLib_lineDrawH)
                  00005bae    00000002     empty_pem3.oem3 (.text:ti_sysbios_BIOS_nullFunc__I)
                  00005bb0    000000a4     driverlib.lib : setup.obj (.text:NOROM_SetupTrimDevice)
                  00005c54    000000a2     drivers_cc26xxware.aem3 : SPICC26XXDMA.oem3 (.text:SPICC26XXDMA_hwiFxn)
                  00005cf6    00000002     rom_sysbios.aem3 : rom_sysbios.obj (.text:ti_sysbios_knl_Clock_triggerFunc__I)
                  00005cf8    000000a0     comm_lib.obj (.text:Receive6LoWPAN)
                  00005d98    000000a0     auto_init.aem3 : auto_init.oem3 (.text)
                  00005e38    0000009c     rtsv7M3_T_le_eabi.lib : memcpy_t2.obj (.text)
                  00005ed4    0000009a     rom_sysbios.aem3 : rom_sysbios.obj (.text:xdc_runtime_Text_putSite__E)
                  00005f6e    00000002     empty_pem3.oem3 (.text:ti_sysbios_rom_cortexm_cc26xx_CC26xx_badRomRevision__E)
                  00005f70    00000098     CWC_CC2650_154Drv.obj (.text:RFCCPE1IntHandler)
                  00006008    00000098     math.obj (.text:ipow2)
                  000060a0    00000098     rtsv7M3_T_le_eabi.lib : fclose.obj (.text)
                  00006138    00000098     rom_sysbios.aem3 : rom_sysbios.obj (.text:ti_sysbios_knl_Clock_workFuncDynamic__E)
                  000061d0    00000094     comm_lib.obj (.text:CC2650_RXEntry_Decode)
                  00006264    00000094     drivers_cc26xxware.aem3 : PINCC26XX.oem3 (.text:PIN_open)
                  000062f8    00000094     rom_sysbios.aem3 : rom_sysbios.obj (.text:xdc_runtime_Text_putMod__E)
                  0000638c    00000090     drivers_cc26xxware.aem3 : I2CCC26XX.oem3 (.text:I2CCC26XX_cancel)
                  0000641c    00000090     main.obj (.text:commFxn)
                  000064ac    00000090     drivers_cc26xxware.aem3 : PowerCC26XX.oem3 (.text:switchXOSCHFclockFunc)
                  0000653c    0000008c                             : I2CCC26XX.oem3 (.text:I2CCC26XX_primeTransfer)
                  000065c8    0000008c                             : SPICC26XXDMA.oem3 (.text:SPICC26XXDMA_control)
                  00006654    00000088     grlib.aem3 : rectangle.oem3 (.text:GrRectFill)
                  000066dc    00000086     rtsv7M3_T_le_eabi.lib : fd_cmp_t2.obj (.text:__aeabi_cdcmple)
                  00006762    00000086                           : fd_cmp_t2.obj (.text:__aeabi_cdrcmple)
                  000067e8    0000007c     drivers_cc26xxware.aem3 : PowerCC26XX.oem3 (.text:disableLFClockQualifiers)
                  00006864    0000007a     rtsv7M3_T_le_eabi.lib : fs_mul_t2.obj (.text)
                  000068de    0000007a                           : memset_t2.obj (.text)
                  00006958    00000078     driverlib.lib : setup.obj (.text:NOROM_SetupAfterColdResetWakeupFromShutDownCfg1)
                  000069d0    00000074     drivers_cc26xxware.aem3 : PowerCC26XX_calibrateRCOSC.oem3 (.text:PowerCC26XX_auxISR)
                  00006a44    00000074                             : PowerCC26XX_calibrateRCOSC.oem3 (.text:calibrateRcoscHf2)
                  00006ab8    00000070     driverlib.lib : chipinfo.obj (.text:NOROM_ChipInfo_GetHwRevision)
                  00006b28    0000006e     rtsv7M3_T_le_eabi.lib : fd_tos_t2.obj (.text)
                  00006b96    00000002     rom_sysbios.aem3 : rom_sysbios.obj (.text:xdc_runtime_SysCallback_defaultAbort)
                  00006b98    0000006d                      : rom_sysbios.obj (.text:xdc_runtime_System_formatNum__I)
                  00006c05    00000001     --HOLE-- [fill = 0]
                  00006c06    00000002                      : rom_sysbios.obj (.text:xdc_runtime_SysCallback_defaultExit)
                  00006c08    0000006c     driverlib.lib : setup.obj (.text:NOROM_SetupGetTrimForAmpcompCtrl)
                  00006c74    0000006c     drivers_cc26xxware.aem3 : PINCC26XX.oem3 (.text:PIN_add)
                  00006ce0    0000006c                             : PowerCC26XX.oem3 (.text:PowerCC26XX_calibrate)
                  00006d4c    0000006a     rtsv7M3_T_le_eabi.lib : copy_decompress_rle.obj (.text)
                  00006db6    00000002     --HOLE-- [fill = 0]
                  00006db8    00000068     driverlib.lib : setup.obj (.text:NOROM_SetupGetTrimForAnabypassValue1)
                  00006e20    00000068                   : sys_ctrl.obj (.text:NOROM_SysCtrl_DCDC_VoltageConditionalControl)
                  00006e88    00000068     rtsv7M3_T_le_eabi.lib : trgmsg.obj (.text)
                  00006ef0    00000064     drivers_cc26xxware.aem3 : I2CCC26XX.oem3 (.text:I2CCC26XX_close)
                  00006f54    00000064                             : I2CCC26XX.oem3 (.text:I2CCC26XX_initIO)
                  00006fb8    00000064     rtsv7M3_T_le_eabi.lib : fseek.obj (.text)
                  0000701c    00000064     rom_sysbios.aem3 : rom_sysbios.obj (.text:ti_sysbios_family_arm_cc26xx_Timer_start__E)
                  00007080    00000060     display.aem3 : DisplaySharp.oem3 (.text:DisplaySharp_clearLines)
                  000070e0    00000060     drivers_cc26xxware.aem3 : PowerCC26XX_calibrateRCOSC.oem3 (.text:PowerCC26XX_RCOSC_clockFunc)
                  00007140    00000060                             : SPICC26XXDMA.oem3 (.text:SPICC26XXDMA_initHw)
                  000071a0    00000060     rtsv7M3_T_le_eabi.lib : sprintf.obj (.text)
                  00007200    00000060     drivers_cc26xxware.aem3 : PowerCC26XX_calibrateRCOSC.oem3 (.text:updateSubSecInc)
                  00007260    0000005c     driverlib.lib : osc.obj (.text:NOROM_OSCHF_AttemptToSwitchToXosc)
                  000072bc    0000005c                   : sys_ctrl.obj (.text:NOROM_SysCtrlAdjustRechargeAfterPowerDown)
                  00007318    0000005c     drivers_cc26xxware.aem3 : PINCC26XX.oem3 (.text:PIN_remove)
                  00007374    0000005c     comm_lib.obj (.text:Send6LoWPAN)
                  000073d0    0000005c     drivers_cc26xxware.aem3 : UDMACC26XX.oem3 (.text:UDMACC26XX_open)
                  0000742c    0000005c     rtsv7M3_T_le_eabi.lib : s_frexp.obj (.text)
                  00007488    0000005c     empty_pem3.oem3 (.text:xdc_runtime_Startup_getState__I)
                  000074e4    0000005b     rom_sysbios.aem3 : rom_sysbios.obj (.text:xdc_runtime_Text_putLab__E)
                  0000753f    00000001     --HOLE-- [fill = 0]
                  00007540    0000005a     drivers_cc26xxware.aem3 : SPICC26XXDMA.oem3 (.text:SPICC26XXDMA_close)
                  0000759a    00000058                             : I2CCC26XX.oem3 (.text:I2CCC26XX_swiFxn)
                  000075f2    00000002     --HOLE-- [fill = 0]
                  000075f4    00000058                             : PowerCC26XX_calibrateRCOSC.oem3 (.text:PowerCC26XX_initiateCalibration)
                  0000764c    00000058     lcd.aem3 : SharpGrLib.oem3 (.text:SharpGrLib_lineDrawV)
                  000076a4    00000056     rtsv7M3_T_le_eabi.lib : ltoa.obj (.text)
                  000076fa    00000002     --HOLE-- [fill = 0]
                  000076fc    00000054     drivers_cc26xxware.aem3 : PowerCC26XX.oem3 (.text:configureXOSCHF)
                  00007750    00000054     main.obj (.text:powerButtonFxn)
                  000077a4    00000054     rtsv7M3_T_le_eabi.lib : exit.obj (.text)
                  000077f8    00000052     drivers_cc26xxware.aem3 : SPICC26XXDMA.oem3 (.text:SPICC26XXDMA_swiFxn)
                  0000784a    00000002     --HOLE-- [fill = 0]
                  0000784c    00000050     driverlib.lib : setup.obj (.text:NOROM_SetupSetCacheModeAccordingToCcfgSetting)
                  0000789c    0000004e     grlib.aem3 : line.oem3 (.text:GrLineDrawH)
                  000078ea    00000002     --HOLE-- [fill = 0]
                  000078ec    0000004c     driverlib.lib : osc.obj (.text:NOROM_OSCClockSourceSet)
                  00007938    0000004c     rtsv7M3_T_le_eabi.lib : atoi.obj (.text)
                  00007984    0000004c                           : cpy_tbl.obj (.text)
                  000079d0    0000004a     display.aem3 : DisplaySharp.oem3 (.text:DisplaySharp_close)
                  00007a1a    0000004a     lcd.aem3 : SharpGrLib.oem3 (.text:SharpGrLib_drawMultiple)
                  00007a64    00000048     CWC_CC2650_154Drv.obj (.text:CWC_CC2650_154_ReceiveStart)
                  00007aac    00000048     display.aem3 : Display.oem3 (.text:Display_doOpen)
                  00007af4    00000048     drivers_cc26xxware.aem3 : I2CCC26XX.oem3 (.text:I2CCC26XX_initHw)
                  00007b3c    00000048     driverlib.lib : chipinfo.obj (.text:NOROM_ChipInfo_GetChipFamily)
                  00007b84    00000048                   : ddi.obj (.text:NOROM_DDI16BitfieldWrite)
                  00007bcc    00000048     drivers_cc26xxware.aem3 : PINCC26XX.oem3 (.text:PIN_swi)
                  00007c14    00000048                             : PowerCC26XX.oem3 (.text:notify)
                  00007c5c    00000048     rtsv7M3_T_le_eabi.lib : fd_toi_t2.obj (.text)
                  00007ca4    00000044     comm_lib.obj (.text:Radio_IRQ)
                  00007ce8    00000044     boot.aem3 : boot.oem3 (.text)
                  00007d2c    00000044     rom_sysbios.aem3 : rom_sysbios.obj (.text:xdc_runtime_SysMin_flush__E)
                  00007d70    00000044                      : rom_sysbios.obj (.text:xdc_runtime_Text_xprintf__I)
                  00007db4    00000042     lcd.aem3 : SharpGrLib.oem3 (.text:SharpGrLib_pixelDraw)
                  00007df6    00000002     --HOLE-- [fill = 0]
                  00007df8    00000040     driverlib.lib : ddi.obj (.text:NOROM_DDI16BitfieldRead)
                  00007e38    00000040     rtsv7M3_T_le_eabi.lib : u_divt2.obj (.text)
                  00007e78    0000003c     CWC_CC2650_154Drv.obj (.text:CWC_CC2650_154_EnableRadioIRQs)
                  00007eb4    0000003c     driverlib.lib : osc.obj (.text:NOROM_OSC_HPOSCRelativeFrequencyOffsetGet)
                  00007ef0    0000003c     drivers_cc26xxware.aem3 : PINCC26XX.oem3 (.text:PINCC26XX_getConfig)
                  00007f2c    0000003c                             : PINCC26XX.oem3 (.text:PIN_setOutputValue)
                  00007f68    0000003c                             : SPICC26XXDMA.oem3 (.text:SPICC26XXDMA_csnCallback)
                  00007fa4    00000038                             : PINCC26XX.oem3 (.text:PIN_setInterrupt)
                  00007fdc    00000038     rtsv7M3_T_le_eabi.lib : fs_tod_t2.obj (.text)
                  00008014    00000038                           : i_tofs_t2.obj (.text)
                  0000804c    00000038     rom_sysbios.aem3 : rom_sysbios.obj (.text:ti_sysbios_family_arm_cc26xx_Timer_getCurrentTick__E)
                  00008084    00000038                      : rom_sysbios.obj (.text:xdc_runtime_SysMin_putch__E)
                  000080bc    00000036     drivers_cc26xxware.aem3 : UDMACC26XX.oem3 (.text:UDMACC26XX_close)
                  000080f2    00000002     --HOLE-- [fill = 0]
                  000080f4    00000034     driverlib.lib : osc.obj (.text:NOROM_OSCHF_SwitchToRcOscTurnOffXosc)
                  00008128    00000034     drivers_cc26xxware.aem3 : PINCC26XX.oem3 (.text:PIN_setConfig)
                  0000815c    00000032     display.aem3 : DisplaySharp.oem3 (.text:DisplaySharp_clear)
                  0000818e    00000032     rom_sysbios.aem3 : rom_sysbios.obj (.text:ti_sysbios_family_arm_cc26xx_Timer_setNextTick__E)
                  000081c0    00000030     drivers_cc26xxware.aem3 : I2C.oem3 (.text:I2C_open)
                  000081f0    00000030     driverlib.lib : setup.obj (.text:NOROM_SetupSetAonRtcSubSecInc)
                  00008220    00000030     drivers_cc26xxware.aem3 : PowerCC26XX.oem3 (.text:Power_releaseConstraint)
                  00008250    00000030                             : PowerCC26XX.oem3 (.text:Power_setConstraint)
                  00008280    00000030                             : SPI.oem3 (.text:SPI_open)
                  000082b0    00000030     rtsv7M3_T_le_eabi.lib : strncpy.obj (.text)
                  000082e0    00000030     empty_pem3.oem3 (.text:ti_sysbios_BIOS_atExitFunc__I)
                  00008310    00000030     empty_pem3.oem3 (.text:ti_sysbios_BIOS_startFunc__I)
                  00008340    00000030     rom_sysbios.aem3 : rom_sysbios.obj (.text:ti_sysbios_family_arm_cc26xx_Timer_initDevice__I)
                  00008370    00000030                      : rom_sysbios.obj (.text:ti_sysbios_family_arm_cc26xx_Timer_setThreshold__I)
                  000083a0    00000030                      : rom_sysbios.obj (.text:xdc_runtime_SysMin_abort__E)
                  000083d0    0000002f                      : rom_sysbios.obj (.text:xdc_runtime_Text_printVisFxn__I)
                  000083ff    00000001     --HOLE-- [fill = 0]
                  00008400    0000002e     lcd.aem3 : SharpGrLib.oem3 (.text:SharpGrLib_initializeDisplayBuffer)
                  0000842e    0000002e     empty_pem3.oem3 (.text:malloc)
                  0000845c    0000002e     rtsv7M3_T_le_eabi.lib : i_tofd_t2.obj (.text)
                  0000848a    00000002     --HOLE-- [fill = 0]
                  0000848c    0000002c     driverlib.lib : ddi.obj (.text:NOROM_DDI32RegWrite)
                  000084b8    0000002c                   : setup.obj (.text:NOROM_SetupGetTrimForRadcExtCfg)
                  000084e4    0000002c     drivers_cc26xxware.aem3 : PINCC26XX.oem3 (.text:PINCC26XX_setMux)
                  00008510    0000002c     lcd.aem3 : SharpGrLib.oem3 (.text:SharpGrLib_init)
                  0000853c    0000002c     tmp007.obj (.text:TMP007_Setup)
                  00008568    0000002c     main.obj (.text:ledButtonFxn)
                  00008594    0000002c     rtsv7M3_T_le_eabi.lib : assert.obj (.text)
                  000085c0    0000002c     rom_sysbios.aem3 : rom_sysbios.obj (.text:ti_sysbios_knl_Clock_getTicksUntilInterrupt__E)
                  000085ec    0000002a                      : rom_sysbios.obj (.text:xdc_runtime_System_putchar__I)
                  00008616    00000002     --HOLE-- [fill = 0]
                  00008618    00000028     driverlib.lib : aon_batmon.obj (.text:NOROM_AONBatMonTemperatureGetDegC)
                  00008640    00000028     drivers_cc26xxware.aem3 : PINCC26XX.oem3 (.text:PINCC26XX_setWakeup)
                  00008668    00000028                             : PowerCC26XX.oem3 (.text:Power_registerNotify)
                  00008690    00000028                             : SPICC26XXDMA.oem3 (.text:SPICC26XXDMA_flushFifos)
                  000086b8    00000028     driverlib.lib : adi.obj (.text:SafeHapiVoid)
                  000086e0    00000028     rom_sysbios.aem3 : rom_sysbios.obj (.text:ti_sysbios_family_arm_cc26xx_Timer_getMaxTicks__E)
                  00008708    00000026     display.aem3 : Display.oem3 (.text:Display_doPut5)
                  0000872e    00000026     drivers_cc26xxware.aem3 : List.oem3 (.text:List_put)
                  00008754    00000024     comm_lib.obj (.text:CC2650_RXEntry_Release)
                  00008778    00000024     drivers_cc26xxware.aem3 : PINCC26XX.oem3 (.text:PINCC26XX_getPinCount)
                  0000879c    00000024                             : PowerCC26XX_calibrateRCOSC.oem3 (.text:getTdcSemaphore)
                  000087c0    00000024     empty_pem3.oem3 (.text:ti_sysbios_BIOS_registerRTSLock__I)
                  000087e4    00000024     empty_pem3.oem3 (.text:ti_sysbios_BIOS_removeRTSLock__I)
                  00008808    00000024     rom_sysbios.aem3 : rom_sysbios.obj (.text:xdc_runtime_System_vprintf__E)
                  0000882c    00000022     grlib.aem3 : context.oem3 (.text:GrContextInit)
                  0000884e    00000022     empty_pem3.oem3 (.text:xdc_runtime_SysMin_output__I)
                  00008870    00000020     driverlib.lib : rfc.obj (.text:NOROM_RFCDoorbellSendTo)
                  00008890    00000020                   : setup.obj (.text:NOROM_SetupGetTrimForXoscHfCtl)
                  000088b0    00000020     drivers_cc26xxware.aem3 : PowerCC26XX.oem3 (.text:Power_unregisterNotify)
                  000088d0    00000020     rtsv7M3_T_le_eabi.lib : memchr.obj (.text)
                  000088f0    00000020     empty_pem3.oem3 (.text:ti_sysbios_BIOS_rtsLock__I)
                  00008910    00000020     rom_sysbios.aem3 : rom_sysbios.obj (.text:ti_sysbios_knl_Clock_stop__E)
                  00008930    00000020                      : rom_sysbios.obj (.text:xdc_runtime_Registry_findById__E)
                  00008950    00000020                      : rom_sysbios.obj (.text:xdc_runtime_SysMin_Module_startup__E)
                  00008970    0000001e     drivers_cc26xxware.aem3 : PINCC26XX.oem3 (.text:PIN_close)
                  0000898e    0000001e                             : PowerCC26XX.oem3 (.text:Power_getTransitionLatency)
                  000089ac    0000001c     driverlib.lib : osc.obj (.text:NOROM_OSCClockSourceGet)
                  000089c8    0000001c                   : setup.obj (.text:NOROM_SetupGetTrimForAmpcompTh2)
                  000089e4    0000001c                   : setup.obj (.text:NOROM_SetupGetTrimForRcOscLfRtuneCtuneTrim)
                  00008a00    0000001c     drivers_cc26xxware.aem3 : PINCC26XX.oem3 (.text:PINCC26XX_setIoCfgMux)
                  00008a1c    0000001c                             : PINCC26XX.oem3 (.text:PIN_hwi)
                  00008a38    0000001c     CWC_CC2650_154Drv.obj (.text:RFCCPE0IntHandler)
                  00008a54    0000001c     drivers_cc26xxware.aem3 : UDMACC26XX.oem3 (.text:UDMACC26XX_initHw)
                  00008a70    0000001c     rom_sysbios.aem3 : rom_sysbios.obj (.text:ti_sysbios_family_arm_cc26xx_Timer_dynamicStub__E)
                  00008a8c    0000001c                      : rom_sysbios.obj (.text:xdc_runtime_SysMin_exit__E)
                  00008aa8    0000001a     drivers_cc26xxware.aem3 : List.oem3 (.text:List_remove)
                  00008ac2    0000001a     grlib.aem3 : string.oem3 (.text:NumLeadingZeros)
                  00008adc    0000001a     rtsv7M3_T_le_eabi.lib : memccpy.obj (.text)
                  00008af6    0000001a     rom_sysbios.aem3 : rom_sysbios_config.obj (.text:xdc_runtime_System_printf__E)
                  00008b10    0000001a                      : rom_sysbios_config.obj (.text:xdc_runtime_System_snprintf__E)
                  00008b2a    00000002     --HOLE-- [fill = 0]
                  00008b2c    00000018     driverlib.lib : aon_rtc.obj (.text:NOROM_AONRTCCurrentCompareValueGet)
                  00008b44    00000018                   : chipinfo.obj (.text:NOROM_ChipInfo_GetPackageType)
                  00008b5c    00000018                   : osc.obj (.text:NOROM_OSCHF_TurnOnXosc)
                  00008b74    00000018                   : setup.obj (.text:NOROM_SetupGetTrimForAdcShModeEn)
                  00008b8c    00000018                   : setup.obj (.text:NOROM_SetupGetTrimForAdcShVbufEn)
                  00008ba4    00000018                   : setup.obj (.text:NOROM_SetupGetTrimForAmpcompTh1)
                  00008bbc    00000018                   : setup.obj (.text:NOROM_SetupGetTrimForDblrLoopFilterResetVoltage)
                  00008bd4    00000018                   : setup.obj (.text:NOROM_SetupGetTrimForRcOscLfIBiasTrim)
                  00008bec    00000018                   : setup.obj (.text:NOROM_SetupGetTrimForXoscLfRegulatorAndCmirrwrRatio)
                  00008c04    00000018     drivers_cc26xxware.aem3 : PINCC26XX.oem3 (.text:PIN_getConfig)
                  00008c1c    00000018                             : PowerCC26XX.oem3 (.text:Power_idleFunc)
                  00008c34    00000018                             : PowerCC26XX.oem3 (.text:configureRFCoreClocks)
                  00008c4c    00000018     empty_pem3.oem3 (.text:free)
                  00008c64    00000018     lcd.aem3 : SharpGrLib.oem3 (.text:reverse)
                  00008c7c    00000018     rtsv7M3_T_le_eabi.lib : args_main.obj (.text)
                  00008c94    00000018                           : ll_mul_t2.obj (.text)
                  00008cac    00000018                           : strcmp.obj (.text)
                  00008cc4    00000018     empty_pem3.oem3 (.text:ti_sysbios_BIOS_rtsUnlock__I)
                  00008cdc    00000018     rom_sysbios.aem3 : rom_sysbios.obj (.text:ti_sysbios_knl_Swi_or__E)
                  00008cf4    00000018     empty_pem3.oem3 (.text:ti_sysbios_rom_cortexm_cc26xx_CC26xx_checkRevision__E)
                  00008d0c    00000016     rtsv7M3_T_le_eabi.lib : strchr.obj (.text)
                  00008d22    00000016                           : strcpy.obj (.text)
                  00008d38    00000016     empty_pem3.oem3 (.text:ti_sysbios_BIOS_exitFunc__I)
                  00008d4e    00000016     comm_lib.obj (.text:ti_sysbios_hal_Hwi_Params_init)
                  00008d64    00000016     main.obj (.text:ti_sysbios_knl_Task_Params_init)
                  00008d7a    00000002     --HOLE-- [fill = 0]
                  00008d7c    00000014     driverlib.lib : aon_rtc.obj (.text:NOROM_AONRTCCurrent64BitValueGet)
                  00008d90    00000014                   : chipinfo.obj (.text:NOROM_ThisCodeIsBuiltForCC26xxHwRev22AndLater_HaltIfViolated)
                  00008da4    00000014     drivers_cc26xxware.aem3 : PINCC26XX.oem3 (.text:PINCC26XX_getOutputValue)
                  00008db8    00000014                             : SPI.oem3 (.text:SPI_Params_init)
                  00008dcc    00000014     rtsv7M3_T_le_eabi.lib : _lock.obj (.text)
                  00008de0    00000014                           : strlen.obj (.text)
                  00008df4    00000014     empty_pem3.oem3 (.text:ti_sysbios_knl_Clock_doTick__I)
                  00008e08    00000012     empty_pem3.oem3 (.text:xdc_runtime_Startup_exec__I)
                  00008e1a    00000002     --HOLE-- [fill = 0]
                  00008e1c    00000010     drivers_cc26xxware.aem3 : I2C.oem3 (.text:I2C_Params_init)
                  00008e2c    00000010     CWC_CC2650_154Drv.obj (.text:IntMasterDisable)
                  00008e3c    00000010     CWC_CC2650_154Drv.obj (.text:IntMasterEnable)
                  00008e4c    00000010     driverlib.lib : setup.obj (.text:NOROM_SetupGetTrimForXoscHfFastStart)
                  00008e5c    00000010                   : setup.obj (.text:NOROM_SetupGetTrimForXoscHfIbiastherm)
                  00008e6c    00000010     CWC_CC2650_154Drv.obj (.text:RFCClockEnable)
                  00008e7c    00000010     drivers_cc26xxware.aem3 : I2CCC26XX.oem3 (.text:i2cPostNotify)
                  00008e8c    00000010     rom_sysbios.aem3 : rom_sysbios.obj (.text:xdc_runtime_SysMin_ready__E)
                  00008e9c    00000010                      : rom_sysbios.obj (.text:xdc_runtime_System_vsnprintf__E)
                  00008eac    0000000e     driverlib.lib : setup.obj (.text:NOROM_SetupSignExtendVddrTrimValue)
                  00008eba    0000000e                   : vims.obj (.text:NOROM_VIMSModeGet)
                  00008ec8    0000000e     drivers_cc26xxware.aem3 : SPICC26XXDMA.oem3 (.text:SPICC26XXDMA_init)
                  00008ed6    0000000e     rtsv7M3_T_le_eabi.lib : copy_decompress_none.obj (.text:decompress:none)
                  00008ee4    0000000e     rom_sysbios.aem3 : rom_sysbios.obj (.text:ti_sysbios_family_arm_cc26xx_TimestampProvider_get32__E)
                  00008ef2    0000000c     display.aem3 : Display.oem3 (.text:Display_doClear)
                  00008efe    0000000c                  : Display.oem3 (.text:Display_doClose)
                  00008f0a    00000002     --HOLE-- [fill = 0]
                  00008f0c    0000000c     comm_lib.obj (.text:GetRXFlag)
                  00008f18    0000000c     driverlib.lib : cpu.obj (.text:NOROM_CPUcpsid)
                  00008f24    0000000c                   : cpu.obj (.text:NOROM_CPUcpsie)
                  00008f30    0000000c     drivers_cc26xxware.aem3 : PINCC26XX.oem3 (.text:PIN_registerIntCb)
                  00008f3c    0000000c                             : PowerCC26XX.oem3 (.text:Power_getConstraintMask)
                  00008f48    0000000c                             : PowerCC26XX.oem3 (.text:Power_getDependencyCount)
                  00008f54    0000000c     CWC_CC2650_154Drv.obj (.text:RFCAckIntClear)
                  00008f60    0000000c     drivers_cc26xxware.aem3 : SPICC26XXDMA.oem3 (.text:spiPostNotify)
                  00008f6c    0000000c     rom_sysbios.aem3 : rom_sysbios_config.obj (.text:ti_sysbios_hal_Hwi_Params__init__S)
                  00008f78    0000000c                      : rom_sysbios.obj (.text:ti_sysbios_knl_Swi_getTrigger__E)
                  00008f84    0000000c     empty_pem3.oem3 (.text:xdc_runtime_Startup_reset__I)
                  00008f90    0000000c     rom_sysbios.aem3 : rom_sysbios.obj (.text:xdc_runtime_Startup_rtsDone__E)
                  00008f9c    0000000a     drivers_cc26xxware.aem3 : I2CCC26XX.oem3 (.text:I2CCC26XX_init)
                  00008fa6    0000000a                             : I2C.oem3 (.text:I2C_transfer)
                  00008fb0    0000000a                             : List.oem3 (.text:List_empty)
                  00008fba    0000000a                             : SPI.oem3 (.text:SPI_close)
                  00008fc4    0000000a                             : SPI.oem3 (.text:SPI_transfer)
                  00008fce    0000000a     lcd.aem3 : SharpGrLib.oem3 (.text:SharpGrLib_colorTranslate)
                  00008fd8    0000000a     comm_lib.obj (.text:StartReceive6LoWPAN)
                  00008fe2    0000000a     drivers_cc26xxware.aem3 : UDMACC26XX.oem3 (.text:UDMACC26XX_hwiIntFxn)
                  00008fec    00000008     display.aem3 : DisplaySharp.oem3 (.text:DisplaySharp_getType)
                  00008ff4    00000008     drivers_cc26xxware.aem3 : I2CCC26XX.oem3 (.text:I2CCC26XX_blockingCallback)
                  00008ffc    00000008                             : SPICC26XXDMA.oem3 (.text:SPICC26XXDMA_transferCallback)
                  00009004    00000008     rtsv7M3_T_le_eabi.lib : s_copysign.obj (.text)
                  0000900c    00000008     empty_pem3.oem3 (.text:xdc_runtime_Text_visitRope__I)
                  00009014    00000006     display.aem3 : Display.oem3 (.text:Display_doParamsInit)
                  0000901a    00000006     drivers_cc26xxware.aem3 : I2CCC26XX.oem3 (.text:I2CCC26XX_control)
                  00009020    00000006     driverlib.lib : cpu.obj (.text:NOROM_CPUdelay)
                  00009026    00000006     rtsv7M3_T_le_eabi.lib : copy_decompress_rle.obj (.text:decompress:rle24)
                  0000902c    00000004     tirtosport.aem3 : HwiP_tirtos.oem3 (.text:HwiP_disable)
                  00009030    00000004     drivers_cc26xxware.aem3 : List.oem3 (.text:List_head)
                  00009034    00000004                             : List.oem3 (.text:List_next)
                  00009038    00000004                             : PowerCC26XX.oem3 (.text:nopResourceHandler)
                  0000903c    00000004     rom_sysbios.aem3 : rom_sysbios.obj (.text:ti_sysbios_family_arm_cc26xx_Timer_getCount64__E)
                  00009040    00000004                      : rom_sysbios.obj (.text:xdc_runtime_System_printf_va__F)
                  00009044    00000004                      : rom_sysbios.obj (.text:xdc_runtime_System_snprintf_va__F)
                  00009048    00000008     (.tramp.xdc_runtime_Core_assignParams__I.1)
                  00009050    00000008     (.tramp.xdc_runtime_Startup_startMods__I.1)
                  00009058    00000008     (.tramp.ti_sysbios_knl_Clock_logTick__E.1)
                  00009060    00000008     (.tramp.ti_sysbios_knl_Task_Params__init__S.1)
                  00009068    00000008     (.tramp.ti_sysbios_BIOS_RtsGateProxy_leave__E.1)
                  00009070    00000008     (.tramp.xdc_runtime_Memory_free__E.1)
                  00009078    00000008     (.tramp.ti_sysbios_BIOS_RtsGateProxy_enter__E.1)
                  00009080    00000008     (.tramp.xdc_runtime_Memory_alloc__E.1)
                  00009088    00000008     (.tramp.xdc_runtime_Error_init__E.1)
                  00009090    00000008     (.tramp.ti_sysbios_knl_Task_startup__E.1)
                  00009098    00000008     (.tramp.ti_sysbios_knl_Swi_startup__E.1)
                  000090a0    00000008     (.tramp.ti_sysbios_hal_Hwi_startup__E.1)
                  000090a8    00000008     (.tramp.ti_sysbios_family_arm_cc26xx_Timer_startup__E.1)
                  000090b0    00000008     (.tramp.xdc_runtime_System_atexit__E.1)
                  000090b8    00000008     (.tramp.ti_sysbios_BIOS_setThreadType__E.1)
                  000090c0    00000008     (.tramp.xdc_runtime_Gate_leaveSystem__E.1)
                  000090c8    00000008     (.tramp.xdc_runtime_Gate_enterSystem__E.1)
                  000090d0    00000008     (.tramp.xdc_runtime_System_exit__E.1)
                  000090d8    00000008     (.tramp.ti_sysbios_BIOS_getCpuFreq__E.1)
                  000090e0    00000008     (.tramp.ti_sysbios_knl_Semaphore_destruct.1)
                  000090e8    00000008     (.tramp.ti_sysbios_knl_Swi_destruct.1)
                  000090f0    00000008     (.tramp.ti_sysbios_family_arm_m3_Hwi_destruct.1)
                  000090f8    00000008     (.tramp.ti_sysbios_knl_Clock_scheduleNextTick__E.1)
                  00009100    00000008     (.tramp.ti_sysbios_knl_Clock_walkQueueDynamic__E.1)
                  00009108    00000008     (.tramp.ti_sysbios_knl_Clock_TimerProxy_getCurrentTick__E.1)
                  00009110    00000008     (.tramp.ti_sysbios_family_arm_m3_Hwi_enableInterrupt__E.1)
                  00009118    00000008     (.tramp.ti_sysbios_family_arm_m3_Hwi_disableInterrupt__E.1)
                  00009120    00000008     (.tramp.ti_sysbios_knl_Swi_post__E.1)
                  00009128    00000008     (.tramp.ti_sysbios_hal_Hwi_create.1)
                  00009130    00000008     (.tramp.ti_sysbios_knl_Clock_setTimeout__E.1)
                  00009138    00000008     (.tramp.ti_sysbios_knl_Clock_construct.1)
                  00009140    00000008     (.tramp.ti_sysbios_knl_Clock_Params__init__S.1)
                  00009148    00000008     (.tramp.ti_sysbios_knl_Task_sleep__E.1)
                  00009150    00000008     (.tramp.ti_sysbios_knl_Semaphore_post__E.1)
                  00009158    00000008     (.tramp.ti_sysbios_knl_Semaphore_pend__E.1)
                  00009160    00000008     (.tramp.ti_sysbios_family_arm_m3_Hwi_restoreFxn__E.1)
                  00009168    00000008     (.tramp.ti_sysbios_family_arm_m3_Hwi_disableFxn__E.1)
                  00009170    00000008     (.tramp.ti_sysbios_knl_Clock_start__E.1)
                  00009178    00000008     (.tramp.xdc_runtime_System_abortSpin__E.1)
                  00009180    00000008     (.tramp.ti_sysbios_knl_Swi_construct.1)
                  00009188    00000008     (.tramp.ti_sysbios_knl_Swi_Params__init__S.1)
                  00009190    00000008     (.tramp.ti_sysbios_family_arm_m3_Hwi_construct.1)
                  00009198    00000008     (.tramp.ti_sysbios_family_arm_m3_Hwi_Params__init__S.1)
                  000091a0    00000008     (.tramp.ti_sysbios_knl_Semaphore_construct.1)
                  000091a8    00000008     (.tramp.ti_sysbios_knl_Semaphore_Params__init__S.1)
                  000091b0    00000008     (.tramp.ti_sysbios_BIOS_start__E.1)
                  000091b8    00000008     (.tramp.ti_sysbios_knl_Task_create.1)
                  000091c0    00000008     (.tramp.xdc_runtime_System_abort__E.1)
                  000091c8    00000008     (.tramp.ti_sysbios_knl_Task_restore__E.1)
                  000091d0    00000008     (.tramp.ti_sysbios_knl_Swi_restore__E.1)
                  000091d8    00000008     (.tramp.ti_sysbios_knl_Swi_disable__E.1)
                  000091e0    00000008     (.tramp.ti_sysbios_knl_Task_disable__E.1)

.const     0    000091e8    000008d0     
                  000091e8    000002f8     grlib.aem3 : fontfixed6x8.oem3 (.const:.string:g_pucFontFixed6x8Data)
                  000094e0    00000101     rtsv7M3_T_le_eabi.lib : ctype.obj (.const:.string:_ctypes_)
                  000095e1    00000001     display.aem3 : Display.oem3 (.const)
                  000095e2    00000002     CWC_CC2650_154Drv.obj (.const:RF_cmdPing)
                  000095e4    000000c8     grlib.aem3 : fontfixed6x8.oem3 (.const:g_sFontFixed6x8)
                  000096ac    00000068     CC2650STK.obj (.const:BoardGpioInitTable)
                  00009714    00000054     drivers_cc26xxware.aem3 : SPICC26XXDMA.oem3 (.const)
                  00009768    0000004c                             : PowerCC26XX.oem3 (.const:resourceDB)
                  000097b4    00000048     empty_pem3.oem3 (.const:.string)
                  000097fc    00000004     empty_pem3.oem3 (.const:ti_sysbios_knl_Clock_tickPeriod__C)
                  00009800    00000040     CWC_CC2650_154Drv.obj (.const:IEEE_RX)
                  00009840    00000038     CC2650STK.obj (.const:spiCC26XXDMAHWAttrs)
                  00009878    00000028     empty_pem3.oem3 (.const:xdc_runtime_Startup_sfxnTab__A)
                  000098a0    00000024     math.obj (.const:POW2_NEGATIVE)
                  000098c4    00000024     CC2650STK.obj (.const:SPI_config)
                  000098e8    00000024     display.aem3 : DisplaySharp.oem3 (.const)
                  0000990c    00000020     CWC_CC2650_154Drv.obj (.const:ChannelMap)
                  0000992c    00000020     drivers_cc26xxware.aem3 : I2CCC26XX.oem3 (.const)
                  0000994c    00000020                             : SPI.oem3 (.const)
                  0000996c    00000020     lcd.aem3 : SharpGrLib.oem3 (.const)
                  0000998c    00000018     CC2650STK.obj (.const:Display_config)
                  000099a4    00000018     CC2650STK.obj (.const:I2C_config)
                  000099bc    00000018     CWC_CC2650_154Drv.obj (.const:IEEE_TX)
                  000099d4    00000018     CWC_CC2650_154Drv.obj (.const:RF_cmdRadioSetup)
                  000099ec    00000018     CC2650STK.obj (.const:i2cCC26xxHWAttrs)
                  00009a04    00000014     empty_pem3.oem3 (.const:xdc_runtime_Startup_sfxnRts__A)
                  00009a18    00000010     lcd.aem3 : SharpGrLib.oem3 (.const:.string)
                  00009a28    00000010     CC2650STK.obj (.const:PowerCC26XX_config)
                  00009a38    00000010     CC2650STK.obj (.const:UDMACC26XX_config)
                  00009a48    00000010     CC2650STK.obj (.const:displaySharpHWattrs)
                  00009a58    00000010     drivers_cc26xxware.aem3 : I2C.oem3 (.const)
                  00009a68    0000000c     empty_pem3.oem3 (.const:xdc_runtime_Startup_firstFxns__A)
                  00009a74    0000000a     CWC_CC2650_154Drv.obj (.const:RF_cmdGetFvInfo)
                  00009a7e    00000009     CWC_CC2650_154Drv.obj (.const:IEEE154_header)
                  00009a87    00000001     empty_pem3.oem3 (.const:xdc_runtime_Text_charTab__A)
                  00009a88    00000008     CC2650STK.obj (.const:PINCC26XX_hwAttrs)
                  00009a90    00000008     CC2650STK.obj (.const:udmaHWAttrs)
                  00009a98    00000004     empty_pem3.oem3 (.const:ti_sysbios_knl_Clock_triggerClock__C)
                  00009a9c    00000004     empty_pem3.oem3 (.const:ti_sysbios_knl_Idle_funcList__A)
                  00009aa0    00000004     empty_pem3.oem3 (.const:xdc_runtime_SysMin_bufSize__C)
                  00009aa4    00000004     empty_pem3.oem3 (.const:xdc_runtime_SysMin_outputFunc__C)
                  00009aa8    00000004     empty_pem3.oem3 (.const:xdc_runtime_System_extendFxn__C)
                  00009aac    00000004     empty_pem3.oem3 (.const:xdc_runtime_Text_visitRopeFxn__C)
                  00009ab0    00000002     CWC_CC2650_154Drv.obj (.const:RF_cmdStartRat)
                  00009ab2    00000002     empty_pem3.oem3 (.const:xdc_runtime_SysMin_flushAtExit__C)
                  00009ab4    00000002     empty_pem3.oem3 (.const:xdc_runtime_Text_registryModsLastId__C)
                  00009ab6    00000002     empty_pem3.oem3 (.const:xdc_runtime_Text_unnamedModsLastId__C)

.cinit     0    00009ab8    0000047c     
                  00009ab8    0000027a     (.cinit..data.load) [load image, compression = rle]
                  00009d32    00000006     --HOLE-- [fill = 0]
                  00009d38    0000002c     (.cinit..data:ti_sysbios_family_arm_m3_Hwi_Module__state__V.load) [load image, compression = rle]
                  00009d64    00000004     --HOLE-- [fill = 0]
                  00009d68    0000002c     (.cinit..data:ti_sysbios_knl_Task_Module__state__V.load) [load image, compression = rle]
                  00009d94    00000004     --HOLE-- [fill = 0]
                  00009d98    00000021     (.cinit..data:ti_sysbios_knl_Clock_Module__state__V.load) [load image, compression = rle]
                  00009db9    00000007     --HOLE-- [fill = 0]
                  00009dc0    0000001f     (.cinit..data:ti_sysbios_BIOS_Module__state__V.load) [load image, compression = rle]
                  00009ddf    00000001     --HOLE-- [fill = 0]
                  00009de0    00000011     (.cinit..data:ti_sysbios_knl_Swi_Module__state__V.load) [load image, compression = rle]
                  00009df1    00000007     --HOLE-- [fill = 0]
                  00009df8    0000000d     (.cinit..data:ti_sysbios_family_arm_cc26xx_Timer_Module__state__V.load) [load image, compression = rle]
                  00009e05    00000003     --HOLE-- [fill = 0]
                  00009e08    0000000d     (.cinit..data:xdc_runtime_System_Module__state__V.load) [load image, compression = rle]
                  00009e15    00000003     --HOLE-- [fill = 0]
                  00009e18    0000000b     (.cinit..bss.load) [load image, compression = rle]
                  00009e23    00000005     --HOLE-- [fill = 0]
                  00009e28    0000000a     (.cinit..data:xdc_runtime_Memory_Module__state__V.load) [load image, compression = rle]
                  00009e32    00000006     --HOLE-- [fill = 0]
                  00009e38    00000009     (.cinit..TI.bound:dmaSpi0RxControlTableEntry.load) [load image, compression = rle]
                  00009e41    00000007     --HOLE-- [fill = 0]
                  00009e48    00000009     (.cinit..TI.bound:dmaSpi0TxControlTableEntry.load) [load image, compression = rle]
                  00009e51    00000007     --HOLE-- [fill = 0]
                  00009e58    00000009     (.cinit..TI.bound:dmaSpi1RxControlTableEntry.load) [load image, compression = rle]
                  00009e61    00000007     --HOLE-- [fill = 0]
                  00009e68    00000009     (.cinit..TI.bound:dmaSpi1TxControlTableEntry.load) [load image, compression = rle]
                  00009e71    00000007     --HOLE-- [fill = 0]
                  00009e78    00000009     (.cinit..data:ti_sysbios_family_arm_cc26xx_TimestampProvider_Module__state__V.load) [load image, compression = rle]
                  00009e81    00000007     --HOLE-- [fill = 0]
                  00009e88    00000009     (.cinit..data:xdc_runtime_Startup_Module__state__V.load) [load image, compression = rle]
                  00009e91    00000007     --HOLE-- [fill = 0]
                  00009e98    00000009     (.cinit..vecs.load) [load image, compression = rle]
                  00009ea1    00000003     --HOLE-- [fill = 0]
                  00009ea4    00000008     (__TI_handler_table)
                  00009eac    00000088     (__TI_cinit_table)

.init_array 
*          0    00000000    00000000     UNINITIALIZED

.ccfg      0    0001ffa8    00000058     
                  0001ffa8    00000058     ccfg.obj (.ccfg:retain)

.resetVecs 
*          0    00000000    0000003c     
                  00000000    0000003c     empty_pem3.oem3 (.resetVecs)

.binit     0    00000000    00000000     

.const:ti_sysbios_knl_Task_Object__PARAMS__C 
*          0    00000100    0000003c     
                  00000100    0000003c     empty_pem3.oem3 (.const:ti_sysbios_knl_Task_Object__PARAMS__C)

.const:ti_sysbios_knl_Mailbox_Object__PARAMS__C 
*          0    0000013c    00000034     
                  0000013c    00000034     empty_pem3.oem3 (.const:ti_sysbios_knl_Mailbox_Object__PARAMS__C)

.const:ti_sysbios_family_arm_m3_Hwi_Object__PARAMS__C 
*          0    00000170    00000030     
                  00000170    00000030     empty_pem3.oem3 (.const:ti_sysbios_family_arm_m3_Hwi_Object__PARAMS__C)

.const:ti_sysbios_hal_Hwi_Object__PARAMS__C 
*          0    000001a0    0000002c     
                  000001a0    0000002c     empty_pem3.oem3 (.const:ti_sysbios_hal_Hwi_Object__PARAMS__C)

.const:ti_sysbios_heaps_HeapMem_Module__FXNS__C 
*          0    000001cc    00000028     
                  000001cc    00000028     empty_pem3.oem3 (.const:ti_sysbios_heaps_HeapMem_Module__FXNS__C)

.const:ti_sysbios_knl_Swi_Object__PARAMS__C 
*          0    000001f4    00000028     
                  000001f4    00000028     empty_pem3.oem3 (.const:ti_sysbios_knl_Swi_Object__PARAMS__C)

.const:ti_sysbios_gates_GateHwi_Module__FXNS__C 
*          0    0000021c    00000024     
                  0000021c    00000024     empty_pem3.oem3 (.const:ti_sysbios_gates_GateHwi_Module__FXNS__C)

.const:ti_sysbios_gates_GateMutex_Module__FXNS__C 
*          0    00000240    00000024     
                  00000240    00000024     empty_pem3.oem3 (.const:ti_sysbios_gates_GateMutex_Module__FXNS__C)

.const:ti_sysbios_heaps_HeapMem_Object__PARAMS__C 
*          0    00000264    00000024     
                  00000264    00000024     empty_pem3.oem3 (.const:ti_sysbios_heaps_HeapMem_Object__PARAMS__C)

.const:ti_sysbios_knl_Clock_Object__PARAMS__C 
*          0    00000288    00000024     
                  00000288    00000024     empty_pem3.oem3 (.const:ti_sysbios_knl_Clock_Object__PARAMS__C)

.const:ti_sysbios_knl_Semaphore_Object__PARAMS__C 
*          0    000002ac    00000024     
                  000002ac    00000024     empty_pem3.oem3 (.const:ti_sysbios_knl_Semaphore_Object__PARAMS__C)

.const:ti_sysbios_family_arm_m3_Hwi_Object__DESC__C 
*          0    000002d0    00000020     
                  000002d0    00000020     empty_pem3.oem3 (.const:ti_sysbios_family_arm_m3_Hwi_Object__DESC__C)

.const:ti_sysbios_gates_GateHwi_Object__DESC__C 
*          0    000002f0    00000020     
                  000002f0    00000020     empty_pem3.oem3 (.const:ti_sysbios_gates_GateHwi_Object__DESC__C)

.const:ti_sysbios_gates_GateMutex_Object__DESC__C 
*          0    00000310    00000020     
                  00000310    00000020     empty_pem3.oem3 (.const:ti_sysbios_gates_GateMutex_Object__DESC__C)

.const:ti_sysbios_hal_Hwi_Object__DESC__C 
*          0    00000330    00000020     
                  00000330    00000020     empty_pem3.oem3 (.const:ti_sysbios_hal_Hwi_Object__DESC__C)

.const:ti_sysbios_heaps_HeapMem_Object__DESC__C 
*          0    00000350    00000020     
                  00000350    00000020     empty_pem3.oem3 (.const:ti_sysbios_heaps_HeapMem_Object__DESC__C)

.const:ti_sysbios_knl_Clock_Object__DESC__C 
*          0    00000370    00000020     
                  00000370    00000020     empty_pem3.oem3 (.const:ti_sysbios_knl_Clock_Object__DESC__C)

.const:ti_sysbios_knl_Mailbox_Object__DESC__C 
*          0    00000390    00000020     
                  00000390    00000020     empty_pem3.oem3 (.const:ti_sysbios_knl_Mailbox_Object__DESC__C)

.const:ti_sysbios_knl_Queue_Object__DESC__C 
*          0    000003b0    00000020     
                  000003b0    00000020     empty_pem3.oem3 (.const:ti_sysbios_knl_Queue_Object__DESC__C)

.const:ti_sysbios_knl_Semaphore_Object__DESC__C 
*          0    000003d0    00000020     
                  000003d0    00000020     empty_pem3.oem3 (.const:ti_sysbios_knl_Semaphore_Object__DESC__C)

.const:ti_sysbios_knl_Swi_Object__DESC__C 
*          0    000003f0    00000020     
                  000003f0    00000020     empty_pem3.oem3 (.const:ti_sysbios_knl_Swi_Object__DESC__C)

.const:ti_sysbios_knl_Task_Object__DESC__C 
*          0    00000410    00000020     
                  00000410    00000020     empty_pem3.oem3 (.const:ti_sysbios_knl_Task_Object__DESC__C)

.const:ti_sysbios_gates_GateHwi_Object__PARAMS__C 
*          0    00000430    00000018     
                  00000430    00000018     empty_pem3.oem3 (.const:ti_sysbios_gates_GateHwi_Object__PARAMS__C)

.const:ti_sysbios_gates_GateMutex_Object__PARAMS__C 
*          0    00000448    00000018     
                  00000448    00000018     empty_pem3.oem3 (.const:ti_sysbios_gates_GateMutex_Object__PARAMS__C)

.const:ti_sysbios_knl_Queue_Object__PARAMS__C 
*          0    00000460    00000018     
                  00000460    00000018     empty_pem3.oem3 (.const:ti_sysbios_knl_Queue_Object__PARAMS__C)

.const:ti_sysbios_knl_Idle_funcList__C 
*          0    00000478    00000008     
                  00000478    00000008     empty_pem3.oem3 (.const:ti_sysbios_knl_Idle_funcList__C)

.const:ti_sysbios_family_arm_cc26xx_Timer_startupNeeded__C 
*          0    00000484    00000004     
                  00000484    00000004     empty_pem3.oem3 (.const:ti_sysbios_family_arm_cc26xx_Timer_startupNeeded__C)

.const:ti_sysbios_family_arm_m3_Hwi_E_alreadyDefined__C 
*          0    00000488    00000004     
                  00000488    00000004     empty_pem3.oem3 (.const:ti_sysbios_family_arm_m3_Hwi_E_alreadyDefined__C)

.const:ti_sysbios_family_arm_m3_Hwi_E_hwiLimitExceeded__C 
*          0    0000048c    00000004     
                  0000048c    00000004     empty_pem3.oem3 (.const:ti_sysbios_family_arm_m3_Hwi_E_hwiLimitExceeded__C)

.const:ti_sysbios_family_arm_m3_Hwi_NUM_INTERRUPTS__C 
*          0    00000490    00000004     
                  00000490    00000004     empty_pem3.oem3 (.const:ti_sysbios_family_arm_m3_Hwi_NUM_INTERRUPTS__C)

.const:ti_sysbios_family_arm_m3_Hwi_Object__count__C 
*          0    00000494    00000004     
                  00000494    00000004     empty_pem3.oem3 (.const:ti_sysbios_family_arm_m3_Hwi_Object__count__C)

.const:ti_sysbios_family_arm_m3_Hwi_Object__table__C 
*          0    00000498    00000004     
                  00000498    00000004     empty_pem3.oem3 (.const:ti_sysbios_family_arm_m3_Hwi_Object__table__C)

.const:ti_sysbios_family_arm_m3_Hwi_ccr__C 
*          0    0000049c    00000004     
                  0000049c    00000004     empty_pem3.oem3 (.const:ti_sysbios_family_arm_m3_Hwi_ccr__C)

.const:ti_sysbios_family_arm_m3_Hwi_excHandlerFunc__C 
*          0    000004a0    00000004     
                  000004a0    00000004     empty_pem3.oem3 (.const:ti_sysbios_family_arm_m3_Hwi_excHandlerFunc__C)

.const:ti_sysbios_family_arm_m3_Hwi_nullIsrFunc__C 
*          0    000004a4    00000004     
                  000004a4    00000004     empty_pem3.oem3 (.const:ti_sysbios_family_arm_m3_Hwi_nullIsrFunc__C)

.const:ti_sysbios_family_arm_m3_Hwi_numSparseInterrupts__C 
*          0    000004a8    00000004     
                  000004a8    00000004     empty_pem3.oem3 (.const:ti_sysbios_family_arm_m3_Hwi_numSparseInterrupts__C)

.const:ti_sysbios_family_arm_m3_Hwi_priGroup__C 
*          0    000004ac    00000004     
                  000004ac    00000004     empty_pem3.oem3 (.const:ti_sysbios_family_arm_m3_Hwi_priGroup__C)

.const:ti_sysbios_family_arm_m3_TaskSupport_stackAlignment__C 
*          0    000004b0    00000004     
                  000004b0    00000004     empty_pem3.oem3 (.const:ti_sysbios_family_arm_m3_TaskSupport_stackAlignment__C)

.const:ti_sysbios_heaps_HeapMem_E_memory__C 
*          0    000004b4    00000004     
                  000004b4    00000004     empty_pem3.oem3 (.const:ti_sysbios_heaps_HeapMem_E_memory__C)

.const:ti_sysbios_heaps_HeapMem_Module__gateObj__C 
*          0    000004b8    00000004     
                  000004b8    00000004     empty_pem3.oem3 (.const:ti_sysbios_heaps_HeapMem_Module__gateObj__C)

.const:ti_sysbios_heaps_HeapMem_Object__count__C 
*          0    000004bc    00000004     
                  000004bc    00000004     empty_pem3.oem3 (.const:ti_sysbios_heaps_HeapMem_Object__count__C)

.const:ti_sysbios_heaps_HeapMem_Object__table__C 
*          0    000004c0    00000004     
                  000004c0    00000004     empty_pem3.oem3 (.const:ti_sysbios_heaps_HeapMem_Object__table__C)

.const:ti_sysbios_heaps_HeapMem_reqAlign__C 
*          0    000004c4    00000004     
                  000004c4    00000004     empty_pem3.oem3 (.const:ti_sysbios_heaps_HeapMem_reqAlign__C)

.const:ti_sysbios_knl_Clock_serviceMargin__C 
*          0    000004c8    00000004     
                  000004c8    00000004     empty_pem3.oem3 (.const:ti_sysbios_knl_Clock_serviceMargin__C)

.const:ti_sysbios_knl_Mailbox_Object__count__C 
*          0    000004cc    00000004     
                  000004cc    00000004     empty_pem3.oem3 (.const:ti_sysbios_knl_Mailbox_Object__count__C)

.const:ti_sysbios_knl_Mailbox_Object__table__C 
*          0    000004d0    00000004     
                  000004d0    00000004     empty_pem3.oem3 (.const:ti_sysbios_knl_Mailbox_Object__table__C)

.const:ti_sysbios_knl_Queue_Object__count__C 
*          0    000004d4    00000004     
                  000004d4    00000004     empty_pem3.oem3 (.const:ti_sysbios_knl_Queue_Object__count__C)

.const:ti_sysbios_knl_Queue_Object__table__C 
*          0    000004d8    00000004     
                  000004d8    00000004     empty_pem3.oem3 (.const:ti_sysbios_knl_Queue_Object__table__C)

.const:ti_sysbios_knl_Swi_Object__count__C 
*          0    000004dc    00000004     
                  000004dc    00000004     empty_pem3.oem3 (.const:ti_sysbios_knl_Swi_Object__count__C)

.const:ti_sysbios_knl_Swi_Object__table__C 
*          0    000004e0    00000004     
                  000004e0    00000004     empty_pem3.oem3 (.const:ti_sysbios_knl_Swi_Object__table__C)

.const:ti_sysbios_knl_Swi_numPriorities__C 
*          0    000004e4    00000004     
                  000004e4    00000004     empty_pem3.oem3 (.const:ti_sysbios_knl_Swi_numPriorities__C)

.const:ti_sysbios_knl_Task_Object__count__C 
*          0    000004e8    00000004     
                  000004e8    00000004     empty_pem3.oem3 (.const:ti_sysbios_knl_Task_Object__count__C)

.const:ti_sysbios_knl_Task_Object__table__C 
*          0    000004ec    00000004     
                  000004ec    00000004     empty_pem3.oem3 (.const:ti_sysbios_knl_Task_Object__table__C)

.const:ti_sysbios_knl_Task_allBlockedFunc__C 
*          0    000004f0    00000004     
                  000004f0    00000004     empty_pem3.oem3 (.const:ti_sysbios_knl_Task_allBlockedFunc__C)

.const:ti_sysbios_knl_Task_defaultStackHeap__C 
*          0    000004f4    00000004     
                  000004f4    00000004     empty_pem3.oem3 (.const:ti_sysbios_knl_Task_defaultStackHeap__C)

.const:ti_sysbios_knl_Task_defaultStackSize__C 
*          0    000004f8    00000004     
                  000004f8    00000004     empty_pem3.oem3 (.const:ti_sysbios_knl_Task_defaultStackSize__C)

.const:ti_sysbios_knl_Task_numConstructedTasks__C 
*          0    000004fc    00000004     
                  000004fc    00000004     empty_pem3.oem3 (.const:ti_sysbios_knl_Task_numConstructedTasks__C)

.const:ti_sysbios_family_arm_cc26xx_Timer_Module__id__C 
*          0    00000502    00000002     
                  00000502    00000002     empty_pem3.oem3 (.const:ti_sysbios_family_arm_cc26xx_Timer_Module__id__C)

.const:ti_sysbios_family_arm_cc26xx_TimestampProvider_useClockTimer__C 
*          0    00000504    00000002     
                  00000504    00000002     empty_pem3.oem3 (.const:ti_sysbios_family_arm_cc26xx_TimestampProvider_useClockTimer__C)

.const:ti_sysbios_family_arm_m3_Hwi_Module__id__C 
*          0    00000506    00000002     
                  00000506    00000002     empty_pem3.oem3 (.const:ti_sysbios_family_arm_m3_Hwi_Module__id__C)

.const:ti_sysbios_gates_GateHwi_Module__id__C 
*          0    00000508    00000002     
                  00000508    00000002     empty_pem3.oem3 (.const:ti_sysbios_gates_GateHwi_Module__id__C)

.const:ti_sysbios_gates_GateMutex_Module__id__C 
*          0    0000050a    00000002     
                  0000050a    00000002     empty_pem3.oem3 (.const:ti_sysbios_gates_GateMutex_Module__id__C)

.const:ti_sysbios_heaps_HeapMem_Module__id__C 
*          0    0000050c    00000002     
                  0000050c    00000002     empty_pem3.oem3 (.const:ti_sysbios_heaps_HeapMem_Module__id__C)

.const:ti_sysbios_knl_Task_initStackFlag__C 
*          0    0000050e    00000002     
                  0000050e    00000002     empty_pem3.oem3 (.const:ti_sysbios_knl_Task_initStackFlag__C)

.const:ti_sysbios_knl_Clock_tickMode__C 
*          0    00000510    00000001     
                  00000510    00000001     empty_pem3.oem3 (.const:ti_sysbios_knl_Clock_tickMode__C)

.const:xdc_runtime_Startup_firstFxns__C 
*          0    00000514    00000008     
                  00000514    00000008     empty_pem3.oem3 (.const:xdc_runtime_Startup_firstFxns__C)

.const:xdc_runtime_Startup_lastFxns__C 
*          0    0000051c    00000008     
                  0000051c    00000008     empty_pem3.oem3 (.const:xdc_runtime_Startup_lastFxns__C)

.const:xdc_runtime_Assert_E_assertFailed__C 
*          0    00000524    00000004     
                  00000524    00000004     empty_pem3.oem3 (.const:xdc_runtime_Assert_E_assertFailed__C)

.const:xdc_runtime_Error_E_memory__C 
*          0    00000528    00000004     
                  00000528    00000004     empty_pem3.oem3 (.const:xdc_runtime_Error_E_memory__C)

.const:xdc_runtime_Error_policyFxn__C 
*          0    0000052c    00000004     
                  0000052c    00000004     empty_pem3.oem3 (.const:xdc_runtime_Error_policyFxn__C)

.const:xdc_runtime_IGateProvider_Interface__BASE__C 
*          0    00000530    00000004     
                  00000530    00000004     empty_pem3.oem3 (.const:xdc_runtime_IGateProvider_Interface__BASE__C)

.const:xdc_runtime_IHeap_Interface__BASE__C 
*          0    00000534    00000004     
                  00000534    00000004     empty_pem3.oem3 (.const:xdc_runtime_IHeap_Interface__BASE__C)

.const:xdc_runtime_IModule_Interface__BASE__C 
*          0    00000538    00000004     
                  00000538    00000004     empty_pem3.oem3 (.const:xdc_runtime_IModule_Interface__BASE__C)

.const:xdc_runtime_Main_Module__diagsEnabled__C 
*          0    0000053c    00000004     
                  0000053c    00000004     empty_pem3.oem3 (.const:xdc_runtime_Main_Module__diagsEnabled__C)

.const:xdc_runtime_Main_Module__diagsIncluded__C 
*          0    00000540    00000004     
                  00000540    00000004     empty_pem3.oem3 (.const:xdc_runtime_Main_Module__diagsIncluded__C)

.const:xdc_runtime_Main_Module__diagsMask__C 
*          0    00000544    00000004     
                  00000544    00000004     empty_pem3.oem3 (.const:xdc_runtime_Main_Module__diagsMask__C)

.const:xdc_runtime_Memory_defaultHeapInstance__C 
*          0    00000548    00000004     
                  00000548    00000004     empty_pem3.oem3 (.const:xdc_runtime_Memory_defaultHeapInstance__C)

.const:xdc_runtime_Startup_execImpl__C 
*          0    0000054c    00000004     
                  0000054c    00000004     empty_pem3.oem3 (.const:xdc_runtime_Startup_execImpl__C)

.const:xdc_runtime_Startup_maxPasses__C 
*          0    00000550    00000004     
                  00000550    00000004     empty_pem3.oem3 (.const:xdc_runtime_Startup_maxPasses__C)

.const:xdc_runtime_Startup_sfxnRts__C 
*          0    00000554    00000004     
                  00000554    00000004     empty_pem3.oem3 (.const:xdc_runtime_Startup_sfxnRts__C)

.const:xdc_runtime_Startup_sfxnTab__C 
*          0    00000558    00000004     
                  00000558    00000004     empty_pem3.oem3 (.const:xdc_runtime_Startup_sfxnTab__C)

.const:xdc_runtime_Startup_startModsFxn__C 
*          0    0000055c    00000004     
                  0000055c    00000004     empty_pem3.oem3 (.const:xdc_runtime_Startup_startModsFxn__C)

.const:xdc_runtime_SysCallback_abortFxn__C 
*          0    00000560    00000004     
                  00000560    00000004     empty_pem3.oem3 (.const:xdc_runtime_SysCallback_abortFxn__C)

.const:xdc_runtime_SysCallback_exitFxn__C 
*          0    00000564    00000004     
                  00000564    00000004     empty_pem3.oem3 (.const:xdc_runtime_SysCallback_exitFxn__C)

.const:xdc_runtime_System_abortFxn__C 
*          0    00000568    00000004     
                  00000568    00000004     empty_pem3.oem3 (.const:xdc_runtime_System_abortFxn__C)

.const:xdc_runtime_System_exitFxn__C 
*          0    0000056c    00000004     
                  0000056c    00000004     empty_pem3.oem3 (.const:xdc_runtime_System_exitFxn__C)

.const:xdc_runtime_System_maxAtexitHandlers__C 
*          0    00000570    00000004     
                  00000570    00000004     empty_pem3.oem3 (.const:xdc_runtime_System_maxAtexitHandlers__C)

.const:xdc_runtime_Text_charTab__C 
*          0    00000574    00000004     
                  00000574    00000004     empty_pem3.oem3 (.const:xdc_runtime_Text_charTab__C)

.const:xdc_runtime_Text_nameEmpty__C 
*          0    00000578    00000004     
                  00000578    00000004     empty_pem3.oem3 (.const:xdc_runtime_Text_nameEmpty__C)

.const:xdc_runtime_Text_nameStatic__C 
*          0    0000057c    00000004     
                  0000057c    00000004     empty_pem3.oem3 (.const:xdc_runtime_Text_nameStatic__C)

.const:xdc_runtime_Text_nameUnknown__C 
*          0    00000580    00000004     
                  00000580    00000004     empty_pem3.oem3 (.const:xdc_runtime_Text_nameUnknown__C)

.const:xdc_runtime_Main_Module__id__C 
*          0    00000584    00000002     
[...]
1001c24d  ti_sysbios_BIOS_RtsGateProxy_leave__E                                     
1001c251  ti_sysbios_family_arm_cc26xx_Timer_getExpiredTicks__E                     
1001c255  ti_sysbios_family_arm_cc26xx_Timer_getPeriod__E                           
1001c259  ti_sysbios_family_arm_cc26xx_Timer_setPeriod__E                           
1001c25d  ti_sysbios_family_arm_m3_Hwi_delete                                       
1001c261  ti_sysbios_family_arm_m3_Hwi_destruct                                     
1001c265  ti_sysbios_family_arm_m3_TaskSupport_Module__startupDone__S               
1001c269  ti_sysbios_gates_GateHwi_query__E                                         
1001c269  xdc_runtime_System_Module_GateProxy_query__E                              
1001c26d  ti_sysbios_gates_GateMutex_delete                                         
1001c271  ti_sysbios_gates_GateMutex_destruct                                       
1001c275  ti_sysbios_BIOS_RtsGateProxy_query__E                                     
1001c275  ti_sysbios_gates_GateMutex_query__E                                       
1001c275  ti_sysbios_heaps_HeapMem_Module_GateProxy_query__E                        
1001c279  ti_sysbios_hal_Hwi_HwiProxy_Module__startupDone__S                        
1001c27d  ti_sysbios_hal_Hwi_HwiProxy_delete                                        
1001c281  ti_sysbios_hal_Hwi_HwiProxy_disableInterrupt__E                           
1001c281  ti_sysbios_hal_Hwi_disableInterrupt__E                                    
1001c285  ti_sysbios_hal_Hwi_HwiProxy_enableInterrupt__E                            
1001c285  ti_sysbios_hal_Hwi_enableInterrupt__E                                     
1001c289  ti_sysbios_hal_Hwi_HwiProxy_getStackInfo__E                               
1001c289  ti_sysbios_hal_Hwi_getStackInfo__E                                        
1001c28d  ti_sysbios_hal_Hwi_HwiProxy_startup__E                                    
1001c28d  ti_sysbios_hal_Hwi_startup__E                                             
1001c291  ti_sysbios_hal_Hwi_HwiProxy_switchFromBootStack__E                        
1001c295  ti_sysbios_hal_Hwi_delete                                                 
1001c299  ti_sysbios_hal_Hwi_switchFromBootStack__E                                 
1001c29d  ti_sysbios_heaps_HeapMem_Module_GateProxy_enter__E                        
1001c2a1  ti_sysbios_heaps_HeapMem_Module_GateProxy_leave__E                        
1001c2a5  ti_sysbios_heaps_HeapMem_isBlocking__E                                    
1001c2a9  ti_sysbios_knl_Clock_TimerProxy_Module__startupDone__S                    
1001c2ad  ti_sysbios_knl_Clock_TimerProxy_getExpiredTicks__E                        
1001c2b1  ti_sysbios_knl_Clock_TimerProxy_getPeriod__E                              
1001c2b5  ti_sysbios_knl_Clock_delete                                               
1001c2b9  ti_sysbios_knl_Clock_destruct                                             
1001c2bd  ti_sysbios_knl_Clock_removeI__E                                           
1001c2c1  ti_sysbios_knl_Clock_setTimeout__E                                        
1001c2c5  ti_sysbios_knl_Mailbox_delete                                             
1001c2c9  ti_sysbios_knl_Mailbox_destruct                                           
1001c2cd  ti_sysbios_knl_Queue_delete                                               
1001c2d1  ti_sysbios_knl_Queue_destruct                                             
1001c2d5  ti_sysbios_knl_Queue_head__E                                              
1001c2d9  ti_sysbios_knl_Queue_next__E                                              
1001c2dd  ti_sysbios_knl_Semaphore_delete                                           
1001c2e1  ti_sysbios_knl_Semaphore_destruct                                         
1001c2e5  ti_sysbios_knl_Swi_delete                                                 
1001c2e9  ti_sysbios_knl_Swi_destruct                                               
1001c2ed  ti_sysbios_knl_Swi_postInit__I                                            
1001c2f1  ti_sysbios_knl_Task_SupportProxy_Module__startupDone__S                   
1001c2f5  ti_sysbios_knl_Task_SupportProxy_getStackAlignment__E                     
1001c2f9  ti_sysbios_knl_Task_SupportProxy_start__E                                 
1001c2fd  ti_sysbios_knl_Task_SupportProxy_swap__E                                  
1001c301  ti_sysbios_knl_Task_delete                                                
1001c305  ti_sysbios_knl_Task_destruct                                              
1001c309  ti_sysbios_knl_Task_startup__E                                            
1001c30d  xdc_runtime_Startup_startMods__I                                          
1001c405  xdc_runtime_Core_createObject__I                                          
1001c487  xdc_runtime_Error_policySpin__E                                           
1001c489  xdc_runtime_Memory_alloc__E                                               
1001c4f9  xdc_runtime_Core_deleteObject__I                                          
1001c559  xdc_runtime_Startup_exec__E                                               
1001c5a9  xdc_runtime_Assert_raise__I                                               
1001c5f1  xdc_runtime_Core_assignParams__I                                          
1001c639  xdc_runtime_Core_constructObject__I                                       
1001c681  xdc_runtime_System_atexit__E                                              
1001c6b9  xdc_runtime_System_processAtExit__E                                       
1001c6ed  xdc_runtime_Core_assignLabel__I                                           
1001c71d  xdc_runtime_Text_cordText__E                                              
1001c749  xdc_runtime_System_abort__E                                               
1001c769  xdc_runtime_Error_raiseX__E                                               
1001c785  xdc_runtime_Memory_valloc__E                                              
1001c7a1  xdc_runtime_Core_destructObject__I                                        
1001c7b9  xdc_runtime_Error_check__E                                                
1001c7d1  xdc_runtime_System_exit__E                                                
1001c7e9  xdc_runtime_Text_ropeText__E                                              
1001c801  xdc_runtime_Memory_free__E                                                
1001c811  xdc_runtime_SysCallback_abort__E                                          
1001c821  xdc_runtime_SysCallback_exit__E                                           
1001c831  xdc_runtime_Timestamp_SupportProxy_get32__E                               
1001c831  xdc_runtime_Timestamp_get32__E                                            
1001c841  xdc_runtime_Error_init__E                                                 
1001c84d  xdc_runtime_Memory_calloc__E                                              
1001c859  xdc_runtime_Memory_getMaxDefaultTypeAlign__E                              
1001c879  xdc_runtime_Gate_leaveSystem__E                                           
1001c87f  xdc_runtime_System_Module_startup__E                                      
1001c885  xdc_runtime_Gate_enterSystem__E                                           
1001c889  xdc_runtime_Memory_HeapProxy_alloc__E                                     
1001c88d  xdc_runtime_Memory_HeapProxy_free__E                                      
1001c891  xdc_runtime_System_Module_GateProxy_enter__E                              
1001c895  xdc_runtime_System_Module_GateProxy_leave__E                              
1001c899  xdc_runtime_System_abortSpin__E                                           
1001c89b  xdc_runtime_System_exitSpin__E                                            
1001c89d  ti_sysbios_family_arm_m3_Hwi_dispatch__I                                  
1001c96d  ti_sysbios_family_arm_m3_TaskSupport_buildTaskStack                       
1001c9b9  ti_sysbios_family_arm_m3_Hwi_initStacks__E                                
1001ca01  ti_sysbios_family_arm_m3_Hwi_excHandlerAsm__I                             
1001ca21  ti_sysbios_family_xxx_Hwi_switchAndRunFunc                                
1001ca3f  ti_sysbios_family_arm_m3_Hwi_pendSV__I                                    
1001ca57  ti_sysbios_family_arm_m3_Hwi_return                                       
1001ca59  ti_sysbios_family_arm_m3_TaskSupport_glue                                 
1001ca69  ti_sysbios_family_arm_m3_TaskSupport_swap__E                              
1001ca71  ti_sysbios_knl_Task_swapReturn                                            
1001ca9b  ti_sysbios_rom_cortexm_cc26xx_CC26xx_getRevision__E                       
20000000  ti_sysbios_family_arm_m3_Hwi_ramVectors                                   
20000100  ti_sysbios_knl_Task_Module__state__V                                      
20000144  ti_sysbios_family_arm_m3_Hwi_Module__state__V                             
20000178  ti_sysbios_knl_Clock_Module__state__V                                     
200001a4  ti_sysbios_BIOS_Module__state__V                                          
200001c8  ti_sysbios_knl_Swi_Module__state__V                                       
200001e4  ti_sysbios_family_arm_cc26xx_Timer_Module__state__V                       
200001ec  ti_sysbios_family_arm_cc26xx_TimestampProvider_Module__state__V           
200001f0  xdc_runtime_Startup_Module__state__V                                      
200001f8  xdc_runtime_System_Module__state__V                                       
20000200  xdc_runtime_Memory_Module__state__V                                       
20000520  taskCommStack                                                             
2000184c  taskStack                                                                 
20002ff8  ti_sysbios_heaps_HeapMem_Instance_State_0_buf__A                          
200033f8  ti_sysbios_knl_Task_Instance_State_0_stack__A                             
200035f8  spiCC26XXDMAObjects                                                       
200037b0  __CIOBUF_                                                                 
200038d0  i2cCC26xxObjects                                                          
200039b0  ti_sysbios_family_arm_m3_Hwi_dispatchTable                                
20003a78  __TI_tmpnams                                                              
20003c48  xdc_runtime_SysMin_Module_State_0_outbuf__A                               
20003cc8  PIN_HandleTable                                                           
20003d44  displaySharpObject                                                        
20003e24  cpe0Params                                                                
20003e50  cpe1Params                                                                
20003e9c  udmaObjects                                                               
20003ef4  i2cTransaction                                                            
20003f58  rxBuffer                                                                  
20003ff0  PIN_NumPins                                                               
20003ff4  cpe0Handle                                                                
20003ff8  cpe1Handle                                                                
20003ffc  hDisplay                                                                  
20004008  rx_read_entry                                                             
20004010  txBuffer                                                                  
20004017  driverlib_release_0_46593                                                 
20004018  PowerCC26XX_module                                                        
20004128  _ftable                                                                   
20004368  ti_sysbios_knl_Task_Object__table__V                                      
200043b7  rssi                                                                      
200043b8  ti_sysbios_family_arm_cc26xx_Timer_Object__table__V                       
20004400  ti_sysbios_gates_GateMutex_Object__table__V                               
20004438  ti_sysbios_knl_Swi_Module_State_0_readyQ__A                               
20004468  ti_sysbios_knl_Swi_Object__table__V                                       
200044c4  ti_sysbios_knl_Clock_Object__table__V                                     
200044e4  ti_sysbios_knl_Task_Module_State_0_readyQ__A                              
2000451c  ti_sysbios_family_arm_m3_Hwi_Object__table__V                             
20004534  ti_sysbios_heaps_HeapMem_Object__table__V                                 
2000454c  __TI_ft_end                                                               
20004550  __aeabi_stdin                                                             
20004554  __aeabi_stdout                                                            
20004558  __aeabi_stderr                                                            
2000455c  __TI_cleanup_ptr                                                          
20004560  __TI_dtors_ptr                                                            
20004564  __TI_enable_exit_profile_output                                           
20004568  cLed                                                                      
20004574  xdc_runtime_SysMin_Module__state__V                                       
20004580  _lock                                                                     
20004584  _unlock                                                                   
20004588  cButton0                                                                  
20004590  cPowerButton                                                              
20004598  cPowerWake                                                                
200045a8  ti_sysbios_family_arm_m3_Hwi_Module__root__V                              
200045b0  ti_sysbios_gates_GateHwi_Module__root__V                                  
200045b8  ti_sysbios_gates_GateMutex_Module__root__V                                
200045c0  ti_sysbios_hal_Hwi_Module__root__V                                        
200045c8  ti_sysbios_heaps_HeapMem_Module__root__V                                  
200045d0  ti_sysbios_knl_Clock_Module__root__V                                      
200045d8  ti_sysbios_knl_Mailbox_Module__root__V                                    
200045e0  ti_sysbios_knl_Queue_Module__root__V                                      
200045e8  ti_sysbios_knl_Semaphore_Module__root__V                                  
200045f0  ti_sysbios_knl_Swi_Module__root__V                                        
200045f8  ti_sysbios_knl_Task_Module__root__V                                       
20004600  xdc_runtime_Registry_Module__state__V                                     
20004608  xdc_runtime_System_Module_State_0_atexitHandlers__A                       
20004618  errno                                                                     
20004620  main_func_sp                                                              
20004624  ti_sysbios_family_arm_m3_Hwi_Module_State_0_excContext__A                 
20004628  ti_sysbios_family_arm_m3_Hwi_Module_State_0_excStack__A                   
2000462c  ti_sysbios_knl_Task_Module_State_0_idleTask__A                            
20004630  ti_sysbios_family_arm_m3_Hwi_Module_State_0_excActive__A                  
20004d00  __stack                                                                   
20005000  __STACK_END                                                               
e000e000  ti_sysbios_family_arm_m3_Hwi_nvic                                         
ffffffff  __TI_pprof_out_hndl                                                       
ffffffff  __TI_prof_data_size                                                       
ffffffff  __TI_prof_data_start                                                      
ffffffff  __binit__                                                                 
ffffffff  __c_args__                                                                
ffffffff  binit                                                                     
UNDEFED   HwiP_restore                                                              
UNDEFED   SHT$$INIT_ARRAY$$Base                                                     
UNDEFED   SHT$$INIT_ARRAY$$Limit                                                    
UNDEFED   ti_sysbios_BIOS_RtsGateProxy_Handle__label__S__mangled__                  
UNDEFED   ti_sysbios_BIOS_RtsGateProxy_Object__delete__S__mangled__                 
UNDEFED   ti_sysbios_BIOS_RtsGateProxy_Params__init__S__mangled__                   
UNDEFED   ti_sysbios_BIOS_RtsGateProxy_query__E__mangled__                          
UNDEFED   ti_sysbios_hal_Hwi_HwiProxy_Module__startupDone__S__mangled__             
UNDEFED   ti_sysbios_hal_Hwi_HwiProxy_Object__delete__S__mangled__                  
UNDEFED   ti_sysbios_hal_Hwi_HwiProxy_Params__init__S__mangled__                    
UNDEFED   ti_sysbios_hal_Hwi_HwiProxy_disableInterrupt__E__mangled__                
UNDEFED   ti_sysbios_hal_Hwi_HwiProxy_enableInterrupt__E__mangled__                 
UNDEFED   ti_sysbios_hal_Hwi_HwiProxy_getStackInfo__E__mangled__                    
UNDEFED   ti_sysbios_hal_Hwi_HwiProxy_startup__E__mangled__                         
UNDEFED   ti_sysbios_hal_Hwi_HwiProxy_switchFromBootStack__E__mangled__             
UNDEFED   ti_sysbios_hal_Hwi_disableInterrupt__E                                    
UNDEFED   ti_sysbios_hal_Hwi_enableInterrupt__E                                     
UNDEFED   ti_sysbios_hal_Hwi_getStackInfo__E                                        
UNDEFED   ti_sysbios_hal_Hwi_startup__E                                             
UNDEFED   ti_sysbios_hal_Hwi_switchFromBootStack__E                                 
UNDEFED   ti_sysbios_heaps_HeapMem_Module_GateProxy_Handle__label__S__mangled__     
UNDEFED   ti_sysbios_heaps_HeapMem_Module_GateProxy_Object__delete__S__mangled__    
UNDEFED   ti_sysbios_heaps_HeapMem_Module_GateProxy_Params__init__S__mangled__      
UNDEFED   ti_sysbios_heaps_HeapMem_Module_GateProxy_query__E__mangled__             
UNDEFED   ti_sysbios_knl_Clock_TimerProxy_Module__startupDone__S__mangled__         
UNDEFED   ti_sysbios_knl_Clock_TimerProxy_startup__E__mangled__                     
UNDEFED   ti_sysbios_knl_Task_SupportProxy_Module__startupDone__S__mangled__        
UNDEFED   ti_sysbios_knl_Task_SupportProxy_getStackAlignment__E__mangled__          
UNDEFED   ti_sysbios_knl_Task_SupportProxy_start__E__mangled__                      
UNDEFED   ti_sysbios_knl_Task_SupportProxy_swap__E__mangled__                       
UNDEFED   xdc_runtime_Main_Module_GateProxy_Handle__label__S                        
UNDEFED   xdc_runtime_Main_Module_GateProxy_Object__delete__S                       
UNDEFED   xdc_runtime_Main_Module_GateProxy_query__E                                
UNDEFED   xdc_runtime_Memory_HeapProxy_Handle__label__S__mangled__                  
UNDEFED   xdc_runtime_Memory_HeapProxy_Object__delete__S__mangled__                 
UNDEFED   xdc_runtime_System_Module_GateProxy_Handle__label__S__mangled__           
UNDEFED   xdc_runtime_System_Module_GateProxy_Object__delete__S__mangled__          
UNDEFED   xdc_runtime_System_Module_GateProxy_query__E__mangled__                   
UNDEFED   xdc_runtime_Timestamp_SupportProxy_get64__E__mangled__                    
UNDEFED   xdc_runtime_Timestamp_SupportProxy_getFreq__E__mangled__                  
UNDEFED   xdc_runtime_Timestamp_get32__E                                            
UNDEFED   xdc_runtime_Timestamp_get64__E                                            
UNDEFED   xdc_runtime_Timestamp_getFreq__E                                          

[929 symbols]
