******************************************************************************
                  TI ARM Linker PC v15.12.1                    
******************************************************************************
>> Linked Mon Oct 31 21:11:59 2016

OUTPUT FILE NAME:   <Lopputyo_.out>
ENTRY POINT SYMBOL: "ResetISR"  address: 0000886d


MEMORY CONFIGURATION

         name            origin    length      used     unused   attr    fill
----------------------  --------  ---------  --------  --------  ----  --------
  FLASH                 00000000   00020000  0000abb4  0001544c  R  X
  SRAM                  20000000   00005000  0000381e  000017e2  RW X


SEGMENT ALLOCATION MAP

run origin  load origin   length   init length attrs members
----------  ----------- ---------- ----------- ----- -------
00000000    00000000    0000003c   0000003c    r--
  00000000    00000000    0000003c   0000003c    r-- .resetVecs
00000100    00000100    0000ab34   0000ab34    r-x
  00000100    00000100    0000003c   0000003c    r-- .const:ti_sysbios_knl_Task_Object__PARAMS__C
  0000013c    0000013c    00000034   00000034    r-- .const:ti_sysbios_knl_Mailbox_Object__PARAMS__C
  00000170    00000170    00000030   00000030    r-- .const:ti_sysbios_family_arm_m3_Hwi_Object__PARAMS__C
  000001a0    000001a0    0000002c   0000002c    r-- .const:ti_sysbios_hal_Hwi_Object__PARAMS__C
  000001cc    000001cc    00000028   00000028    r-- .const:ti_sysbios_heaps_HeapMem_Module__FXNS__C
  000001f4    000001f4    00000028   00000028    r-- .const:ti_sysbios_knl_Swi_Object__PARAMS__C
  0000021c    0000021c    00000024   00000024    r-- .const:ti_sysbios_gates_GateHwi_Module__FXNS__C
  00000240    00000240    00000024   00000024    r-- .const:ti_sysbios_gates_GateMutex_Module__FXNS__C
  00000264    00000264    00000024   00000024    r-- .const:ti_sysbios_heaps_HeapMem_Object__PARAMS__C
  00000288    00000288    00000024   00000024    r-- .const:ti_sysbios_knl_Clock_Object__PARAMS__C
  000002ac    000002ac    00000024   00000024    r-- .const:ti_sysbios_knl_Semaphore_Object__PARAMS__C
  000002d0    000002d0    00000020   00000020    r-- .const:ti_sysbios_family_arm_m3_Hwi_Object__DESC__C
  000002f0    000002f0    00000020   00000020    r-- .const:ti_sysbios_gates_GateHwi_Object__DESC__C
  00000310    00000310    00000020   00000020    r-- .const:ti_sysbios_gates_GateMutex_Object__DESC__C
  00000330    00000330    00000020   00000020    r-- .const:ti_sysbios_hal_Hwi_Object__DESC__C
  00000350    00000350    00000020   00000020    r-- .const:ti_sysbios_heaps_HeapMem_Object__DESC__C
  00000370    00000370    00000020   00000020    r-- .const:ti_sysbios_knl_Clock_Object__DESC__C
  00000390    00000390    00000020   00000020    r-- .const:ti_sysbios_knl_Mailbox_Object__DESC__C
  000003b0    000003b0    00000020   00000020    r-- .const:ti_sysbios_knl_Queue_Object__DESC__C
  000003d0    000003d0    00000020   00000020    r-- .const:ti_sysbios_knl_Semaphore_Object__DESC__C
  000003f0    000003f0    00000020   00000020    r-- .const:ti_sysbios_knl_Swi_Object__DESC__C
  00000410    00000410    00000020   00000020    r-- .const:ti_sysbios_knl_Task_Object__DESC__C
  00000430    00000430    00000018   00000018    r-- .const:ti_sysbios_gates_GateHwi_Object__PARAMS__C
  00000448    00000448    00000018   00000018    r-- .const:ti_sysbios_gates_GateMutex_Object__PARAMS__C
  00000460    00000460    00000018   00000018    r-- .const:ti_sysbios_knl_Queue_Object__PARAMS__C
  00000478    00000478    00000008   00000008    r-- .const:ti_sysbios_knl_Idle_funcList__C
  00000484    00000484    00000004   00000004    r-- .const:ti_sysbios_family_arm_cc26xx_Timer_startupNeeded__C
  00000488    00000488    00000004   00000004    r-- .const:ti_sysbios_family_arm_m3_Hwi_E_alreadyDefined__C
  0000048c    0000048c    00000004   00000004    r-- .const:ti_sysbios_family_arm_m3_Hwi_E_hwiLimitExceeded__C
  00000490    00000490    00000004   00000004    r-- .const:ti_sysbios_family_arm_m3_Hwi_NUM_INTERRUPTS__C
  00000494    00000494    00000004   00000004    r-- .const:ti_sysbios_family_arm_m3_Hwi_Object__count__C
  00000498    00000498    00000004   00000004    r-- .const:ti_sysbios_family_arm_m3_Hwi_Object__table__C
  0000049c    0000049c    00000004   00000004    r-- .const:ti_sysbios_family_arm_m3_Hwi_ccr__C
  000004a0    000004a0    00000004   00000004    r-- .const:ti_sysbios_family_arm_m3_Hwi_excHandlerFunc__C
  000004a4    000004a4    00000004   00000004    r-- .const:ti_sysbios_family_arm_m3_Hwi_nullIsrFunc__C
  000004a8    000004a8    00000004   00000004    r-- .const:ti_sysbios_family_arm_m3_Hwi_numSparseInterrupts__C
  000004ac    000004ac    00000004   00000004    r-- .const:ti_sysbios_family_arm_m3_Hwi_priGroup__C
  000004b0    000004b0    00000004   00000004    r-- .const:ti_sysbios_family_arm_m3_TaskSupport_stackAlignment__C
  000004b4    000004b4    00000004   00000004    r-- .const:ti_sysbios_heaps_HeapMem_E_memory__C
  000004b8    000004b8    00000004   00000004    r-- .const:ti_sysbios_heaps_HeapMem_Module__gateObj__C
  000004bc    000004bc    00000004   00000004    r-- .const:ti_sysbios_heaps_HeapMem_Object__count__C
  000004c0    000004c0    00000004   00000004    r-- .const:ti_sysbios_heaps_HeapMem_Object__table__C
  000004c4    000004c4    00000004   00000004    r-- .const:ti_sysbios_heaps_HeapMem_reqAlign__C
  000004c8    000004c8    00000004   00000004    r-- .const:ti_sysbios_knl_Clock_serviceMargin__C
  000004cc    000004cc    00000004   00000004    r-- .const:ti_sysbios_knl_Mailbox_Object__count__C
  000004d0    000004d0    00000004   00000004    r-- .const:ti_sysbios_knl_Mailbox_Object__table__C
  000004d4    000004d4    00000004   00000004    r-- .const:ti_sysbios_knl_Queue_Object__count__C
  000004d8    000004d8    00000004   00000004    r-- .const:ti_sysbios_knl_Queue_Object__table__C
  000004dc    000004dc    00000004   00000004    r-- .const:ti_sysbios_knl_Swi_Object__count__C
  000004e0    000004e0    00000004   00000004    r-- .const:ti_sysbios_knl_Swi_Object__table__C
  000004e4    000004e4    00000004   00000004    r-- .const:ti_sysbios_knl_Swi_numPriorities__C
  000004e8    000004e8    00000004   00000004    r-- .const:ti_sysbios_knl_Task_Object__count__C
  000004ec    000004ec    00000004   00000004    r-- .const:ti_sysbios_knl_Task_Object__table__C
  000004f0    000004f0    00000004   00000004    r-- .const:ti_sysbios_knl_Task_allBlockedFunc__C
  000004f4    000004f4    00000004   00000004    r-- .const:ti_sysbios_knl_Task_defaultStackHeap__C
  000004f8    000004f8    00000004   00000004    r-- .const:ti_sysbios_knl_Task_defaultStackSize__C
  000004fc    000004fc    00000004   00000004    r-- .const:ti_sysbios_knl_Task_numConstructedTasks__C
  00000502    00000502    00000002   00000002    r-- .const:ti_sysbios_family_arm_cc26xx_Timer_Module__id__C
  00000504    00000504    00000002   00000002    r-- .const:ti_sysbios_family_arm_cc26xx_TimestampProvider_useClockTimer__C
  00000506    00000506    00000002   00000002    r-- .const:ti_sysbios_family_arm_m3_Hwi_Module__id__C
  00000508    00000508    00000002   00000002    r-- .const:ti_sysbios_gates_GateHwi_Module__id__C
  0000050a    0000050a    00000002   00000002    r-- .const:ti_sysbios_gates_GateMutex_Module__id__C
  0000050c    0000050c    00000002   00000002    r-- .const:ti_sysbios_heaps_HeapMem_Module__id__C
  0000050e    0000050e    00000002   00000002    r-- .const:ti_sysbios_knl_Task_initStackFlag__C
  00000510    00000510    00000001   00000001    r-- .const:ti_sysbios_knl_Clock_tickMode__C
  00000514    00000514    00000008   00000008    r-- .const:xdc_runtime_Startup_firstFxns__C
  0000051c    0000051c    00000008   00000008    r-- .const:xdc_runtime_Startup_lastFxns__C
  00000524    00000524    00000004   00000004    r-- .const:xdc_runtime_Assert_E_assertFailed__C
  00000528    00000528    00000004   00000004    r-- .const:xdc_runtime_Error_E_memory__C
  0000052c    0000052c    00000004   00000004    r-- .const:xdc_runtime_Error_policyFxn__C
  00000530    00000530    00000004   00000004    r-- .const:xdc_runtime_IGateProvider_Interface__BASE__C
  00000534    00000534    00000004   00000004    r-- .const:xdc_runtime_IHeap_Interface__BASE__C
  00000538    00000538    00000004   00000004    r-- .const:xdc_runtime_IModule_Interface__BASE__C
  0000053c    0000053c    00000004   00000004    r-- .const:xdc_runtime_Main_Module__diagsEnabled__C
  00000540    00000540    00000004   00000004    r-- .const:xdc_runtime_Main_Module__diagsIncluded__C
  00000544    00000544    00000004   00000004    r-- .const:xdc_runtime_Main_Module__diagsMask__C
  00000548    00000548    00000004   00000004    r-- .const:xdc_runtime_Memory_defaultHeapInstance__C
  0000054c    0000054c    00000004   00000004    r-- .const:xdc_runtime_Startup_execImpl__C
  00000550    00000550    00000004   00000004    r-- .const:xdc_runtime_Startup_maxPasses__C
  00000554    00000554    00000004   00000004    r-- .const:xdc_runtime_Startup_sfxnRts__C
  00000558    00000558    00000004   00000004    r-- .const:xdc_runtime_Startup_sfxnTab__C
  0000055c    0000055c    00000004   00000004    r-- .const:xdc_runtime_Startup_startModsFxn__C
  00000560    00000560    00000004   00000004    r-- .const:xdc_runtime_SysCallback_abortFxn__C
  00000564    00000564    00000004   00000004    r-- .const:xdc_runtime_SysCallback_exitFxn__C
  00000568    00000568    00000004   00000004    r-- .const:xdc_runtime_System_abortFxn__C
  0000056c    0000056c    00000004   00000004    r-- .const:xdc_runtime_System_exitFxn__C
  00000570    00000570    00000004   00000004    r-- .const:xdc_runtime_System_maxAtexitHandlers__C
  00000574    00000574    00000004   00000004    r-- .const:xdc_runtime_Text_charTab__C
  00000578    00000578    00000004   00000004    r-- .const:xdc_runtime_Text_nameEmpty__C
  0000057c    0000057c    00000004   00000004    r-- .const:xdc_runtime_Text_nameStatic__C
  00000580    00000580    00000004   00000004    r-- .const:xdc_runtime_Text_nameUnknown__C
  00000584    00000584    00000002   00000002    r-- .const:xdc_runtime_Main_Module__id__C
  00000586    00000586    00000002   00000002    r-- .const:xdc_runtime_Memory_Module__id__C
  00000588    00000588    00000002   00000002    r-- .const:xdc_runtime_Text_charCnt__C
  0000058a    0000058a    00000002   00000002    r-- .const:xdc_runtime_Text_isLoaded__C
  0000058c    0000058c    00000001   00000001    r-- .const:xdc_runtime_Error_policy__C
  00000590    00000590    00000004   00000004    r-- .const:ti_sysbios_rom_ROM_AONRTCChannelEnable
  00000594    00000594    00000004   00000004    r-- .const:ti_sysbios_rom_ROM_AONRTCCompareValueSet
  00000598    00000598    00000004   00000004    r-- .const:ti_sysbios_rom_ROM_AONRTCCurrentCompareValueGet
  0000059c    0000059c    00000004   00000004    r-- .const:ti_sysbios_rom_ROM_AONRTCEventClear
  000005a0    000005a0    00000004   00000004    r-- .const:ti_sysbios_rom_ROM_ti_sysbios_family_arm_cc26xx_Timer_getCount64__E
  000005a4    000005a4    00000004   00000004    r-- .const:ti_sysbios_rom_ROM_ti_sysbios_family_arm_cc26xx_Timer_getCurrentTick__E
  000005a8    000005a8    00000004   00000004    r-- .const:ti_sysbios_rom_ROM_ti_sysbios_family_arm_cc26xx_Timer_getMaxTicks__E
  000005ac    000005ac    00000004   00000004    r-- .const:ti_sysbios_rom_ROM_ti_sysbios_family_arm_cc26xx_Timer_initDevice__I
  000005b0    000005b0    00000004   00000004    r-- .const:ti_sysbios_rom_ROM_ti_sysbios_family_arm_cc26xx_Timer_setNextTick__E
  000005b4    000005b4    00000004   00000004    r-- .const:ti_sysbios_rom_ROM_ti_sysbios_family_arm_cc26xx_Timer_setThreshold__I
  000005b8    000005b8    00000004   00000004    r-- .const:ti_sysbios_rom_ROM_ti_sysbios_family_arm_cc26xx_Timer_start__E
  000005bc    000005bc    00000004   00000004    r-- .const:ti_sysbios_rom_ROM_ti_sysbios_family_arm_cc26xx_TimestampProvider_get32__E
  000005c0    000005c0    00000004   00000004    r-- .const:ti_sysbios_rom_ROM_xdc_runtime_Startup_getState__I
  000005c4    000005c4    00000004   00000004    r-- .const:ti_sysbios_rom_ROM_xdc_runtime_System_SupportProxy_abort__E
  000005c8    000005c8    00000004   00000004    r-- .const:ti_sysbios_rom_ROM_xdc_runtime_System_SupportProxy_exit__E
  000005cc    000005cc    00000004   00000004    r-- .const:ti_sysbios_gates_GateMutex_Instance_State_sem__O
  000005d0    000005d0    00000004   00000004    r-- .const:ti_sysbios_knl_Clock_Module_State_clockQ__O
  000005d4    000005d4    00000004   00000004    r-- .const:ti_sysbios_knl_Mailbox_Instance_State_dataQue__O
  000005d8    000005d8    00000004   00000004    r-- .const:ti_sysbios_knl_Mailbox_Instance_State_dataSem__O
  000005dc    000005dc    00000004   00000004    r-- .const:ti_sysbios_knl_Mailbox_Instance_State_freeQue__O
  000005e0    000005e0    00000004   00000004    r-- .const:ti_sysbios_knl_Mailbox_Instance_State_freeSem__O
  000005e4    000005e4    00000004   00000004    r-- .const:ti_sysbios_knl_Semaphore_Instance_State_pendQ__O
  000005e8    000005e8    00000004   00000004    r-- .const:ti_sysbios_knl_Task_Module_State_inactiveQ__O
  000005ec    000005ec    000098b0   000098b0    r-x .text
  00009ea0    00009ea0    0000090c   0000090c    r-- .const
  0000a7b0    0000a7b0    00000484   00000484    r-- .cinit
0001ffa8    0001ffa8    00000058   00000058    r--
  0001ffa8    0001ffa8    00000058   00000058    r-- .ccfg
20000000    20000000    000000c8   00000000    rw-
  20000000    20000000    000000c8   00000000    rw- .vecs
20000100    20000100    00000104   00000000    rw-
  20000100    20000100    00000044   00000000    rw- .data:ti_sysbios_knl_Task_Module__state__V
  20000144    20000144    00000034   00000000    rw- .data:ti_sysbios_family_arm_m3_Hwi_Module__state__V
  20000178    20000178    0000002c   00000000    rw- .data:ti_sysbios_knl_Clock_Module__state__V
  200001a4    200001a4    00000024   00000000    rw- .data:ti_sysbios_BIOS_Module__state__V
  200001c8    200001c8    0000001c   00000000    rw- .data:ti_sysbios_knl_Swi_Module__state__V
  200001e4    200001e4    00000008   00000000    rw- .data:ti_sysbios_family_arm_cc26xx_Timer_Module__state__V
  200001ec    200001ec    00000004   00000000    rw- .data:ti_sysbios_family_arm_cc26xx_TimestampProvider_Module__state__V
  200001f0    200001f0    00000008   00000000    rw- .data:xdc_runtime_Startup_Module__state__V
  200001f8    200001f8    00000008   00000000    rw- .data:xdc_runtime_System_Module__state__V
  20000200    20000200    00000004   00000000    rw- .data:xdc_runtime_Memory_Module__state__V
20000430    20000430    00000010   00000000    rw-
  20000430    20000430    00000010   00000000    rw- .TI.bound:dmaSpi0RxControlTableEntry
20000440    20000440    00000010   00000000    rw-
  20000440    20000440    00000010   00000000    rw- .TI.bound:dmaSpi0TxControlTableEntry
20000500    20000500    00000010   00000000    rw-
  20000500    20000500    00000010   00000000    rw- .TI.bound:dmaSpi1RxControlTableEntry
20000510    20000510    00003326   00000000    rw-
  20000510    20000510    00000010   00000000    rw- .TI.bound:dmaSpi1TxControlTableEntry
  20000520    20000520    00002cec   00000000    rw- .bss
  20003210    20003210    00000626   00000000    rw- .data
20004d00    20004d00    00000300   00000000    rw-
  20004d00    20004d00    00000300   00000000    rw- .stack


SECTION ALLOCATION MAP

 output                                  attributes/
section   page    origin      length       input sections
--------  ----  ----------  ----------   ----------------
.text      0    000005ec    000098b0     
                  000005ec    000010f0     rtsv7M3_T_le_eabi.lib : _printfi.obj (.text)
                  000016dc    00000338     rom_sysbios.aem3 : rom_sysbios.obj (.text:xdc_runtime_System_doPrint__I)
                  00001a14    00000324     rtsv7M3_T_le_eabi.lib : trgdrv.obj (.text)
                  00001d38    0000030c                           : lowlev.obj (.text)
                  00002044    000002e8     grlib.aem3 : string.oem3 (.text:GrStringDraw)
                  0000232c    00000268     CWC_CC2650_154Drv.obj (.text:CWC_CC2650_154_Init)
                  00002594    00000238     bmp280.obj (.text:BMP280_ConvertPressure)
                  000027cc    00000228     drivers_cc26xxware.aem3 : PowerCC26XX.oem3 (.text:Power_sleep)
                  000029f4    0000021e     rtsv7M3_T_le_eabi.lib : ll_div_t2.obj (.text)
                  00002c12    00000002     ERRORS.obj (.text:ERROR_CRITICAL)
                  00002c14    00000204     driverlib.lib : sys_ctrl.obj (.text:NOROM_SysCtrlSetRechargeBeforePowerDown)
                  00002e18    000001f4     rtsv7M3_T_le_eabi.lib : ull_div_t2.obj (.text)
                  0000300c    000001dc     main.obj (.text:main)
                  000031e8    000001d0     drivers_cc26xxware.aem3 : PowerCC26XX_calibrateRCOSC.oem3 (.text:calibrateRcoscHf1)
                  000033b8    000001c4                             : PINCC26XX.oem3 (.text:PIN_init)
                  0000357c    000001c4     rtsv7M3_T_le_eabi.lib : fopen.obj (.text)
                  00003740    000001b8     bmp280.obj (.text:BMP280_Setup)
                  000038f8    000001b6     rtsv7M3_T_le_eabi.lib : fd_add_t2.obj (.text)
                  00003aae    00000002     drivers_cc26xxware.aem3 : SPICC26XXDMA.oem3 (.text:SPICC26XXDMA_serviceISR)
                  00003ab0    00000184                             : PowerCC26XX_calibrateRCOSC.oem3 (.text:PowerCC26XX_doCalibrate)
                  00003c34    00000170     opt3001.obj (.text:OPT3001_GetLuminosity)
                  00003da4    00000160     drivers_cc26xxware.aem3 : SPICC26XXDMA.oem3 (.text:SPICC26XXDMA_initIO)
                  00003f04    00000148                             : SPICC26XXDMA.oem3 (.text:SPICC26XXDMA_open)
                  0000404c    00000144     CWC_CC2650_154Drv.obj (.text:CWC_CC2650_154_SendDataPacket_Forced)
                  00004190    00000140     display.aem3 : DisplaySharp.oem3 (.text:DisplaySharp_open)
                  000042d0    00000136     rtsv7M3_T_le_eabi.lib : fd_div_t2.obj (.text)
                  00004406    00000002     drivers_cc26xxware.aem3 : PowerCC26XX.oem3 (.text:emptyClockFunc)
                  00004408    00000134     rtsv7M3_T_le_eabi.lib : fputs.obj (.text)
                  0000453c    00000130     driverlib.lib : setup.obj (.text:NOROM_SetupAfterColdResetWakeupFromShutDownCfg3)
                  0000466c    0000012c     bmp280.obj (.text:BMP280_SetTrimming)
                  00004798    0000011c     drivers_cc26xxware.aem3 : PowerCC26XX.oem3 (.text:Power_init)
                  000048b4    00000114                             : PowerCC26XX.oem3 (.text:Power_shutdown)
                  000049c8    00000108     main.obj (.text:SensorTask)
                  00004ad0    00000100     comm_lib.obj (.text:Init6LoWPAN)
                  00004bd0    00000100     lcd.aem3 : SharpGrLib.oem3 (.text:SharpGrLib_flush)
                  00004cd0    000000fc     rtsv7M3_T_le_eabi.lib : fd_mul_t2.obj (.text)
                  00004dcc    000000fa                           : fs_add_t2.obj (.text)
                  00004ec6    00000002                           : i_div0.obj (.text)
                  00004ec8    000000f8     drivers_cc26xxware.aem3 : I2CCC26XX.oem3 (.text:I2CCC26XX_open)
                  00004fc0    000000f8     tmp007.obj (.text:TMP007_GetTemperature)
                  000050b8    000000f8     empty_pem3.oem3 (.text:xdc_runtime_System_printfExtend__I)
                  000051b0    000000ec     drivers_cc26xxware.aem3 : SPICC26XXDMA.oem3 (.text:SPICC26XXDMA_transferCancel)
                  0000529c    000000e8     bmp280.obj (.text:BMP280_GetPressure)
                  00005384    000000e8     drivers_cc26xxware.aem3 : I2CCC26XX.oem3 (.text:I2CCC26XX_hwiFxn)
                  0000546c    000000e8     rom_sysbios.aem3 : rom_sysbios.obj (.text:ti_sysbios_knl_Event_pend__E)
                  00005554    000000e6     lcd.aem3 : SharpGrLib.oem3 (.text:SharpGrLib_rectFill)
                  0000563a    00000002     rtsv7M3_T_le_eabi.lib : l_div0.obj (.text)
                  0000563c    000000e4     driverlib.lib : setup.obj (.text:NOROM_SetupAfterColdResetWakeupFromShutDownCfg2)
                  00005720    000000e0     display.aem3 : DisplaySharp.oem3 (.text:DisplaySharp_put5)
                  00005800    000000e0     main.obj (.text:DisplayTask)
                  000058e0    000000dc     rtsv7M3_T_le_eabi.lib : setvbuf.obj (.text)
                  000059bc    000000d4     drivers_cc26xxware.aem3 : PowerCC26XX.oem3 (.text:Power_releaseDependency)
                  00005a90    000000d4                             : SPICC26XXDMA.oem3 (.text:SPICC26XXDMA_configDMA)
                  00005b64    000000d0     display.aem3 : DisplaySharp.oem3 (.text:DisplaySharp_control)
                  00005c34    000000d0     drivers_cc26xxware.aem3 : PowerCC26XX.oem3 (.text:Power_setDependency)
                  00005d04    000000d0     rtsv7M3_T_le_eabi.lib : s_scalbn.obj (.text)
                  00005dd4    000000cc     driverlib.lib : setup.obj (.text:TrimAfterColdResetWakeupFromShutDown)
                  00005ea0    000000c8     rtsv7M3_T_le_eabi.lib : fflush.obj (.text)
                  00005f68    000000c4     drivers_cc26xxware.aem3 : SPICC26XXDMA.oem3 (.text:SPICC26XXDMA_transfer)
                  0000602c    000000c2                             : I2CCC26XX.oem3 (.text:I2CCC26XX_transfer)
                  000060ee    00000002     rom_sysbios.aem3 : rom_sysbios.obj (.text:ti_sysbios_BIOS_linkedWithIncorrectBootLibrary__E)
                  000060f0    000000bc     power_cc26xx_tirtos.aem3 : PowerCC26XX_tirtos.oem3 (.text:PowerCC26XX_standbyPolicy)
                  000061ac    000000bc     lcd.aem3 : SharpGrLib.oem3 (.text:SharpGrLib_clearScreen)
                  00006268    000000b8     drivers_cc26xxware.aem3 : PINCC26XX.oem3 (.text:PINCC26XX_setIoCfg)
                  00006320    000000b0     opt3001.obj (.text:OPT3001_Setup)
                  000063d0    000000ac     rtsv7M3_T_le_eabi.lib : _io_perm.obj (.text)
                  0000647c    000000aa     lcd.aem3 : SharpGrLib.oem3 (.text:SharpGrLib_lineDrawH)
                  00006526    00000002     empty_pem3.oem3 (.text:ti_sysbios_BIOS_nullFunc__I)
                  00006528    000000a8     bmp280.obj (.text:BMP280_ConvertTemperature)
                  000065d0    000000a4     driverlib.lib : setup.obj (.text:NOROM_SetupTrimDevice)
                  00006674    000000a2     drivers_cc26xxware.aem3 : SPICC26XXDMA.oem3 (.text:SPICC26XXDMA_hwiFxn)
                  00006716    00000002     rom_sysbios.aem3 : rom_sysbios.obj (.text:ti_sysbios_knl_Clock_triggerFunc__I)
                  00006718    000000a0     comm_lib.obj (.text:Receive6LoWPAN)
                  000067b8    000000a0     auto_init.aem3 : auto_init.oem3 (.text)
                  00006858    0000009c     rtsv7M3_T_le_eabi.lib : memcpy_t2.obj (.text)
                  000068f4    0000009a     rom_sysbios.aem3 : rom_sysbios.obj (.text:xdc_runtime_Text_putSite__E)
                  0000698e    00000002     empty_pem3.oem3 (.text:ti_sysbios_rom_cortexm_cc26xx_CC26xx_badRomRevision__E)
                  00006990    00000098     CWC_CC2650_154Drv.obj (.text:RFCCPE1IntHandler)
                  00006a28    00000098     math.obj (.text:pow2)
                  00006ac0    00000098     rtsv7M3_T_le_eabi.lib : fclose.obj (.text)
                  00006b58    00000098     rom_sysbios.aem3 : rom_sysbios.obj (.text:ti_sysbios_knl_Clock_workFuncDynamic__E)
                  00006bf0    00000094     comm_lib.obj (.text:CC2650_RXEntry_Decode)
                  00006c84    00000094     drivers_cc26xxware.aem3 : PINCC26XX.oem3 (.text:PIN_open)
                  00006d18    00000094     rom_sysbios.aem3 : rom_sysbios.obj (.text:xdc_runtime_Text_putMod__E)
                  00006dac    00000090     main.obj (.text:CommTask)
                  00006e3c    00000090     drivers_cc26xxware.aem3 : I2CCC26XX.oem3 (.text:I2CCC26XX_cancel)
                  00006ecc    00000090                             : PowerCC26XX.oem3 (.text:switchXOSCHFclockFunc)
                  00006f5c    0000008c                             : I2CCC26XX.oem3 (.text:I2CCC26XX_primeTransfer)
                  00006fe8    0000008c                             : SPICC26XXDMA.oem3 (.text:SPICC26XXDMA_control)
                  00007074    00000088     grlib.aem3 : rectangle.oem3 (.text:GrRectFill)
                  000070fc    00000086     rtsv7M3_T_le_eabi.lib : fd_cmp_t2.obj (.text:__aeabi_cdcmple)
                  00007182    00000086                           : fd_cmp_t2.obj (.text:__aeabi_cdrcmple)
                  00007208    0000007c     drivers_cc26xxware.aem3 : PowerCC26XX.oem3 (.text:disableLFClockQualifiers)
                  00007284    0000007a     rtsv7M3_T_le_eabi.lib : fs_mul_t2.obj (.text)
                  000072fe    0000007a                           : memset_t2.obj (.text)
                  00007378    00000078     driverlib.lib : setup.obj (.text:NOROM_SetupAfterColdResetWakeupFromShutDownCfg1)
                  000073f0    00000074     drivers_cc26xxware.aem3 : PowerCC26XX_calibrateRCOSC.oem3 (.text:PowerCC26XX_auxISR)
                  00007464    00000074                             : PowerCC26XX_calibrateRCOSC.oem3 (.text:calibrateRcoscHf2)
                  000074d8    00000070     driverlib.lib : chipinfo.obj (.text:NOROM_ChipInfo_GetHwRevision)
                  00007548    00000070     rom_sysbios.aem3 : rom_sysbios.obj (.text:ti_sysbios_knl_Event_post__E)
                  000075b8    0000006e     rtsv7M3_T_le_eabi.lib : fd_tos_t2.obj (.text)
                  00007626    00000002     rom_sysbios.aem3 : rom_sysbios.obj (.text:xdc_runtime_SysCallback_defaultAbort)
                  00007628    0000006d                      : rom_sysbios.obj (.text:xdc_runtime_System_formatNum__I)
                  00007695    00000001     --HOLE-- [fill = 0]
                  00007696    00000002                      : rom_sysbios.obj (.text:xdc_runtime_SysCallback_defaultExit)
                  00007698    0000006c     driverlib.lib : setup.obj (.text:NOROM_SetupGetTrimForAmpcompCtrl)
                  00007704    0000006c     drivers_cc26xxware.aem3 : PINCC26XX.oem3 (.text:PIN_add)
                  00007770    0000006c                             : PowerCC26XX.oem3 (.text:PowerCC26XX_calibrate)
                  000077dc    0000006a     rtsv7M3_T_le_eabi.lib : copy_decompress_rle.obj (.text)
                  00007846    00000002     --HOLE-- [fill = 0]
                  00007848    00000068     driverlib.lib : setup.obj (.text:NOROM_SetupGetTrimForAnabypassValue1)
                  000078b0    00000068                   : sys_ctrl.obj (.text:NOROM_SysCtrl_DCDC_VoltageConditionalControl)
                  00007918    00000068     rtsv7M3_T_le_eabi.lib : trgmsg.obj (.text)
                  00007980    00000064     drivers_cc26xxware.aem3 : I2CCC26XX.oem3 (.text:I2CCC26XX_close)
                  000079e4    00000064                             : I2CCC26XX.oem3 (.text:I2CCC26XX_initIO)
                  00007a48    00000064     rtsv7M3_T_le_eabi.lib : fseek.obj (.text)
                  00007aac    00000064     rom_sysbios.aem3 : rom_sysbios.obj (.text:ti_sysbios_family_arm_cc26xx_Timer_start__E)
                  00007b10    00000060     display.aem3 : DisplaySharp.oem3 (.text:DisplaySharp_clearLines)
                  00007b70    00000060     drivers_cc26xxware.aem3 : PowerCC26XX_calibrateRCOSC.oem3 (.text:PowerCC26XX_RCOSC_clockFunc)
                  00007bd0    00000060                             : SPICC26XXDMA.oem3 (.text:SPICC26XXDMA_initHw)
                  00007c30    00000060     rtsv7M3_T_le_eabi.lib : sprintf.obj (.text)
                  00007c90    00000060     drivers_cc26xxware.aem3 : PowerCC26XX_calibrateRCOSC.oem3 (.text:updateSubSecInc)
                  00007cf0    0000005c     driverlib.lib : osc.obj (.text:NOROM_OSCHF_AttemptToSwitchToXosc)
                  00007d4c    0000005c                   : sys_ctrl.obj (.text:NOROM_SysCtrlAdjustRechargeAfterPowerDown)
                  00007da8    0000005c     drivers_cc26xxware.aem3 : PINCC26XX.oem3 (.text:PIN_remove)
                  00007e04    0000005c     comm_lib.obj (.text:Send6LoWPAN)
                  00007e60    0000005c     drivers_cc26xxware.aem3 : UDMACC26XX.oem3 (.text:UDMACC26XX_open)
                  00007ebc    0000005c     rtsv7M3_T_le_eabi.lib : s_frexp.obj (.text)
                  00007f18    0000005c     empty_pem3.oem3 (.text:xdc_runtime_Startup_getState__I)
                  00007f74    0000005b     rom_sysbios.aem3 : rom_sysbios.obj (.text:xdc_runtime_Text_putLab__E)
                  00007fcf    00000001     --HOLE-- [fill = 0]
                  00007fd0    0000005a     drivers_cc26xxware.aem3 : SPICC26XXDMA.oem3 (.text:SPICC26XXDMA_close)
                  0000802a    00000058                             : I2CCC26XX.oem3 (.text:I2CCC26XX_swiFxn)
                  00008082    00000002     --HOLE-- [fill = 0]
                  00008084    00000058                             : PowerCC26XX_calibrateRCOSC.oem3 (.text:PowerCC26XX_initiateCalibration)
                  000080dc    00000058     lcd.aem3 : SharpGrLib.oem3 (.text:SharpGrLib_lineDrawV)
                  00008134    00000056     rtsv7M3_T_le_eabi.lib : ltoa.obj (.text)
                  0000818a    00000002     --HOLE-- [fill = 0]
                  0000818c    00000054     main.obj (.text:InitCommTask)
                  000081e0    00000054     drivers_cc26xxware.aem3 : PowerCC26XX.oem3 (.text:configureXOSCHF)
                  00008234    00000054     main.obj (.text:powerButtonFxn)
                  00008288    00000054     rtsv7M3_T_le_eabi.lib : exit.obj (.text)
                  000082dc    00000052     drivers_cc26xxware.aem3 : SPICC26XXDMA.oem3 (.text:SPICC26XXDMA_swiFxn)
                  0000832e    00000002     --HOLE-- [fill = 0]
                  00008330    00000050     main.obj (.text:InitDisplayTask)
                  00008380    00000050     main.obj (.text:InitSensorTask)
                  000083d0    00000050     driverlib.lib : setup.obj (.text:NOROM_SetupSetCacheModeAccordingToCcfgSetting)
                  00008420    0000004e     grlib.aem3 : line.oem3 (.text:GrLineDrawH)
                  0000846e    00000002     --HOLE-- [fill = 0]
                  00008470    0000004c     driverlib.lib : osc.obj (.text:NOROM_OSCClockSourceSet)
                  000084bc    0000004c     rtsv7M3_T_le_eabi.lib : atoi.obj (.text)
                  00008508    0000004c                           : cpy_tbl.obj (.text)
                  00008554    0000004a     display.aem3 : DisplaySharp.oem3 (.text:DisplaySharp_close)
                  0000859e    0000004a     lcd.aem3 : SharpGrLib.oem3 (.text:SharpGrLib_drawMultiple)
                  000085e8    00000048     CWC_CC2650_154Drv.obj (.text:CWC_CC2650_154_ReceiveStart)
                  00008630    00000048     display.aem3 : Display.oem3 (.text:Display_doOpen)
                  00008678    00000048     drivers_cc26xxware.aem3 : I2CCC26XX.oem3 (.text:I2CCC26XX_initHw)
                  000086c0    00000048     driverlib.lib : chipinfo.obj (.text:NOROM_ChipInfo_GetChipFamily)
                  00008708    00000048                   : ddi.obj (.text:NOROM_DDI16BitfieldWrite)
                  00008750    00000048     drivers_cc26xxware.aem3 : PINCC26XX.oem3 (.text:PIN_swi)
                  00008798    00000048                             : PowerCC26XX.oem3 (.text:notify)
                  000087e0    00000048     rtsv7M3_T_le_eabi.lib : fd_toi_t2.obj (.text)
                  00008828    00000044     comm_lib.obj (.text:Radio_IRQ)
                  0000886c    00000044     boot.aem3 : boot.oem3 (.text)
                  000088b0    00000044     rom_sysbios.aem3 : rom_sysbios.obj (.text:xdc_runtime_SysMin_flush__E)
                  000088f4    00000044                      : rom_sysbios.obj (.text:xdc_runtime_Text_xprintf__I)
                  00008938    00000042     lcd.aem3 : SharpGrLib.oem3 (.text:SharpGrLib_pixelDraw)
                  0000897a    00000002     --HOLE-- [fill = 0]
                  0000897c    00000040     driverlib.lib : ddi.obj (.text:NOROM_DDI16BitfieldRead)
                  000089bc    00000040     rtsv7M3_T_le_eabi.lib : ll_tofd_t2.obj (.text)
                  000089fc    00000040                           : u_divt2.obj (.text)
                  00008a3c    0000003c     CWC_CC2650_154Drv.obj (.text:CWC_CC2650_154_EnableRadioIRQs)
                  00008a78    0000003c     driverlib.lib : osc.obj (.text:NOROM_OSC_HPOSCRelativeFrequencyOffsetGet)
                  00008ab4    0000003c     drivers_cc26xxware.aem3 : PINCC26XX.oem3 (.text:PINCC26XX_getConfig)
                  00008af0    0000003c                             : PINCC26XX.oem3 (.text:PIN_setOutputValue)
                  00008b2c    0000003c                             : SPICC26XXDMA.oem3 (.text:SPICC26XXDMA_csnCallback)
                  00008b68    00000038                             : PINCC26XX.oem3 (.text:PIN_setInterrupt)
                  00008ba0    00000038     rtsv7M3_T_le_eabi.lib : fs_tod_t2.obj (.text)
                  00008bd8    00000038                           : i_tofs_t2.obj (.text)
                  00008c10    00000038     rom_sysbios.aem3 : rom_sysbios.obj (.text:ti_sysbios_family_arm_cc26xx_Timer_getCurrentTick__E)
                  00008c48    00000038                      : rom_sysbios.obj (.text:xdc_runtime_SysMin_putch__E)
                  00008c80    00000036     drivers_cc26xxware.aem3 : UDMACC26XX.oem3 (.text:UDMACC26XX_close)
                  00008cb6    00000002     --HOLE-- [fill = 0]
                  00008cb8    00000034     driverlib.lib : osc.obj (.text:NOROM_OSCHF_SwitchToRcOscTurnOffXosc)
                  00008cec    00000034     drivers_cc26xxware.aem3 : PINCC26XX.oem3 (.text:PIN_setConfig)
                  00008d20    00000032     display.aem3 : DisplaySharp.oem3 (.text:DisplaySharp_clear)
                  00008d52    00000032     rom_sysbios.aem3 : rom_sysbios.obj (.text:ti_sysbios_family_arm_cc26xx_Timer_setNextTick__E)
                  00008d84    00000030     drivers_cc26xxware.aem3 : I2C.oem3 (.text:I2C_open)
                  00008db4    00000030     driverlib.lib : setup.obj (.text:NOROM_SetupSetAonRtcSubSecInc)
                  00008de4    00000030     drivers_cc26xxware.aem3 : PowerCC26XX.oem3 (.text:Power_releaseConstraint)
                  00008e14    00000030                             : PowerCC26XX.oem3 (.text:Power_setConstraint)
                  00008e44    00000030                             : SPI.oem3 (.text:SPI_open)
                  00008e74    00000030     rtsv7M3_T_le_eabi.lib : strncpy.obj (.text)
                  00008ea4    00000030     empty_pem3.oem3 (.text:ti_sysbios_BIOS_atExitFunc__I)
                  00008ed4    00000030     empty_pem3.oem3 (.text:ti_sysbios_BIOS_startFunc__I)
                  00008f04    00000030     rom_sysbios.aem3 : rom_sysbios.obj (.text:ti_sysbios_family_arm_cc26xx_Timer_initDevice__I)
                  00008f34    00000030                      : rom_sysbios.obj (.text:ti_sysbios_family_arm_cc26xx_Timer_setThreshold__I)
                  00008f64    00000030     empty_pem3.oem3 (.text:ti_sysbios_knl_Event_create)
                  00008f94    00000030     rom_sysbios.aem3 : rom_sysbios.obj (.text:xdc_runtime_SysMin_abort__E)
                  00008fc4    0000002f                      : rom_sysbios.obj (.text:xdc_runtime_Text_printVisFxn__I)
                  00008ff3    00000001     --HOLE-- [fill = 0]
                  00008ff4    0000002e     lcd.aem3 : SharpGrLib.oem3 (.text:SharpGrLib_initializeDisplayBuffer)
                  00009022    0000002e     empty_pem3.oem3 (.text:malloc)
                  00009050    0000002e     rtsv7M3_T_le_eabi.lib : i_tofd_t2.obj (.text)
                  0000907e    00000002     --HOLE-- [fill = 0]
                  00009080    0000002c     driverlib.lib : ddi.obj (.text:NOROM_DDI32RegWrite)
                  000090ac    0000002c                   : setup.obj (.text:NOROM_SetupGetTrimForRadcExtCfg)
                  000090d8    0000002c     drivers_cc26xxware.aem3 : PINCC26XX.oem3 (.text:PINCC26XX_setMux)
                  00009104    0000002c     lcd.aem3 : SharpGrLib.oem3 (.text:SharpGrLib_init)
                  00009130    0000002c     tmp007.obj (.text:TMP007_Setup)
                  0000915c    0000002c     main.obj (.text:ledButtonFxn)
                  00009188    0000002c     rtsv7M3_T_le_eabi.lib : assert.obj (.text)
                  000091b4    0000002c     rom_sysbios.aem3 : rom_sysbios.obj (.text:ti_sysbios_knl_Clock_getTicksUntilInterrupt__E)
                  000091e0    0000002c                      : rom_sysbios.obj (.text:ti_sysbios_knl_Event_pendTimeout__I)
                  0000920c    0000002a                      : rom_sysbios.obj (.text:xdc_runtime_System_putchar__I)
                  00009236    00000002     --HOLE-- [fill = 0]
                  00009238    00000028     driverlib.lib : aon_batmon.obj (.text:NOROM_AONBatMonTemperatureGetDegC)
                  00009260    00000028     drivers_cc26xxware.aem3 : PINCC26XX.oem3 (.text:PINCC26XX_setWakeup)
                  00009288    00000028                             : PowerCC26XX.oem3 (.text:Power_registerNotify)
                  000092b0    00000028                             : SPICC26XXDMA.oem3 (.text:SPICC26XXDMA_flushFifos)
                  000092d8    00000028     driverlib.lib : adi.obj (.text:SafeHapiVoid)
                  00009300    00000028     rom_sysbios.aem3 : rom_sysbios.obj (.text:ti_sysbios_family_arm_cc26xx_Timer_getMaxTicks__E)
                  00009328    00000026     display.aem3 : Display.oem3 (.text:Display_doPut5)
                  0000934e    00000026     drivers_cc26xxware.aem3 : List.oem3 (.text:List_put)
                  00009374    00000024     comm_lib.obj (.text:CC2650_RXEntry_Release)
                  00009398    00000024     drivers_cc26xxware.aem3 : PINCC26XX.oem3 (.text:PINCC26XX_getPinCount)
                  000093bc    00000024                             : PowerCC26XX_calibrateRCOSC.oem3 (.text:getTdcSemaphore)
                  000093e0    00000024     empty_pem3.oem3 (.text:ti_sysbios_BIOS_registerRTSLock__I)
                  00009404    00000024     empty_pem3.oem3 (.text:ti_sysbios_BIOS_removeRTSLock__I)
                  00009428    00000024     rom_sysbios.aem3 : rom_sysbios.obj (.text:xdc_runtime_System_vprintf__E)
                  0000944c    00000022     grlib.aem3 : context.oem3 (.text:GrContextInit)
                  0000946e    00000022     empty_pem3.oem3 (.text:xdc_runtime_SysMin_output__I)
                  00009490    00000020     driverlib.lib : rfc.obj (.text:NOROM_RFCDoorbellSendTo)
                  000094b0    00000020                   : setup.obj (.text:NOROM_SetupGetTrimForXoscHfCtl)
                  000094d0    00000020     drivers_cc26xxware.aem3 : PowerCC26XX.oem3 (.text:Power_unregisterNotify)
                  000094f0    00000020     rtsv7M3_T_le_eabi.lib : memchr.obj (.text)
                  00009510    00000020     empty_pem3.oem3 (.text:ti_sysbios_BIOS_rtsLock__I)
                  00009530    00000020     rom_sysbios.aem3 : rom_sysbios.obj (.text:ti_sysbios_knl_Clock_stop__E)
                  00009550    00000020                      : rom_sysbios.obj (.text:ti_sysbios_knl_Event_checkEvents__I)
                  00009570    00000020                      : rom_sysbios.obj (.text:xdc_runtime_Registry_findById__E)
                  00009590    00000020                      : rom_sysbios.obj (.text:xdc_runtime_SysMin_Module_startup__E)
                  000095b0    0000001e     drivers_cc26xxware.aem3 : PINCC26XX.oem3 (.text:PIN_close)
                  000095ce    0000001e                             : PowerCC26XX.oem3 (.text:Power_getTransitionLatency)
                  000095ec    0000001c     driverlib.lib : osc.obj (.text:NOROM_OSCClockSourceGet)
                  00009608    0000001c                   : setup.obj (.text:NOROM_SetupGetTrimForAmpcompTh2)
                  00009624    0000001c                   : setup.obj (.text:NOROM_SetupGetTrimForRcOscLfRtuneCtuneTrim)
                  00009640    0000001c     drivers_cc26xxware.aem3 : PINCC26XX.oem3 (.text:PINCC26XX_setIoCfgMux)
                  0000965c    0000001c                             : PINCC26XX.oem3 (.text:PIN_hwi)
                  00009678    0000001c     CWC_CC2650_154Drv.obj (.text:RFCCPE0IntHandler)
                  00009694    0000001c     drivers_cc26xxware.aem3 : UDMACC26XX.oem3 (.text:UDMACC26XX_initHw)
                  000096b0    0000001c     rom_sysbios.aem3 : rom_sysbios.obj (.text:ti_sysbios_family_arm_cc26xx_Timer_dynamicStub__E)
                  000096cc    0000001c                      : rom_sysbios.obj (.text:xdc_runtime_SysMin_exit__E)
                  000096e8    0000001a     drivers_cc26xxware.aem3 : List.oem3 (.text:List_remove)
                  00009702    0000001a     grlib.aem3 : string.oem3 (.text:NumLeadingZeros)
                  0000971c    0000001a     rtsv7M3_T_le_eabi.lib : memccpy.obj (.text)
                  00009736    0000001a     rom_sysbios.aem3 : rom_sysbios_config.obj (.text:xdc_runtime_System_printf__E)
                  00009750    0000001a                      : rom_sysbios_config.obj (.text:xdc_runtime_System_snprintf__E)
                  0000976a    00000002     --HOLE-- [fill = 0]
                  0000976c    00000018     driverlib.lib : aon_rtc.obj (.text:NOROM_AONRTCCurrentCompareValueGet)
                  00009784    00000018                   : chipinfo.obj (.text:NOROM_ChipInfo_GetPackageType)
                  0000979c    00000018                   : osc.obj (.text:NOROM_OSCHF_TurnOnXosc)
                  000097b4    00000018                   : setup.obj (.text:NOROM_SetupGetTrimForAdcShModeEn)
                  000097cc    00000018                   : setup.obj (.text:NOROM_SetupGetTrimForAdcShVbufEn)
                  000097e4    00000018                   : setup.obj (.text:NOROM_SetupGetTrimForAmpcompTh1)
                  000097fc    00000018                   : setup.obj (.text:NOROM_SetupGetTrimForDblrLoopFilterResetVoltage)
                  00009814    00000018                   : setup.obj (.text:NOROM_SetupGetTrimForRcOscLfIBiasTrim)
                  0000982c    00000018                   : setup.obj (.text:NOROM_SetupGetTrimForXoscLfRegulatorAndCmirrwrRatio)
                  00009844    00000018     drivers_cc26xxware.aem3 : PINCC26XX.oem3 (.text:PIN_getConfig)
                  0000985c    00000018                             : PowerCC26XX.oem3 (.text:Power_idleFunc)
                  00009874    00000018                             : PowerCC26XX.oem3 (.text:configureRFCoreClocks)
                  0000988c    00000018     empty_pem3.oem3 (.text:free)
                  000098a4    00000018     lcd.aem3 : SharpGrLib.oem3 (.text:reverse)
                  000098bc    00000018     rtsv7M3_T_le_eabi.lib : args_main.obj (.text)
                  000098d4    00000018                           : ll_mul_t2.obj (.text)
                  000098ec    00000018                           : strcmp.obj (.text)
                  00009904    00000018     empty_pem3.oem3 (.text:ti_sysbios_BIOS_rtsUnlock__I)
                  0000991c    00000018     rom_sysbios.aem3 : rom_sysbios.obj (.text:ti_sysbios_knl_Swi_or__E)
                  00009934    00000018     empty_pem3.oem3 (.text:ti_sysbios_rom_cortexm_cc26xx_CC26xx_checkRevision__E)
                  0000994c    00000016     rtsv7M3_T_le_eabi.lib : strchr.obj (.text)
                  00009962    00000016                           : strcpy.obj (.text)
                  00009978    00000016     empty_pem3.oem3 (.text:ti_sysbios_BIOS_exitFunc__I)
                  0000998e    00000016     comm_lib.obj (.text:ti_sysbios_hal_Hwi_Params_init)
                  000099a4    00000016     main.obj (.text:ti_sysbios_knl_Task_Params_init)
                  000099ba    00000002     --HOLE-- [fill = 0]
                  000099bc    00000014     driverlib.lib : aon_rtc.obj (.text:NOROM_AONRTCCurrent64BitValueGet)
                  000099d0    00000014                   : chipinfo.obj (.text:NOROM_ThisCodeIsBuiltForCC26xxHwRev22AndLater_HaltIfViolated)
                  000099e4    00000014     drivers_cc26xxware.aem3 : PINCC26XX.oem3 (.text:PINCC26XX_getOutputValue)
                  000099f8    00000014                             : SPI.oem3 (.text:SPI_Params_init)
                  00009a0c    00000014     rtsv7M3_T_le_eabi.lib : _lock.obj (.text)
                  00009a20    00000014                           : strlen.obj (.text)
                  00009a34    00000014     empty_pem3.oem3 (.text:ti_sysbios_knl_Clock_doTick__I)
                  00009a48    00000014     rom_sysbios.aem3 : rom_sysbios.obj (.text:ti_sysbios_knl_Event_Instance_init__E)
                  00009a5c    00000012     empty_pem3.oem3 (.text:xdc_runtime_Startup_exec__I)
                  00009a6e    00000002     --HOLE-- [fill = 0]
                  00009a70    00000010     drivers_cc26xxware.aem3 : I2C.oem3 (.text:I2C_Params_init)
                  00009a80    00000010     CWC_CC2650_154Drv.obj (.text:IntMasterDisable)
                  00009a90    00000010     CWC_CC2650_154Drv.obj (.text:IntMasterEnable)
                  00009aa0    00000010     driverlib.lib : setup.obj (.text:NOROM_SetupGetTrimForXoscHfFastStart)
                  00009ab0    00000010                   : setup.obj (.text:NOROM_SetupGetTrimForXoscHfIbiastherm)
                  00009ac0    00000010     CWC_CC2650_154Drv.obj (.text:RFCClockEnable)
                  00009ad0    00000010     drivers_cc26xxware.aem3 : I2CCC26XX.oem3 (.text:i2cPostNotify)
                  00009ae0    00000010     rom_sysbios.aem3 : rom_sysbios.obj (.text:xdc_runtime_SysMin_ready__E)
                  00009af0    00000010                      : rom_sysbios.obj (.text:xdc_runtime_System_vsnprintf__E)
                  00009b00    0000000e     driverlib.lib : setup.obj (.text:NOROM_SetupSignExtendVddrTrimValue)
                  00009b0e    0000000e                   : vims.obj (.text:NOROM_VIMSModeGet)
                  00009b1c    0000000e     drivers_cc26xxware.aem3 : SPICC26XXDMA.oem3 (.text:SPICC26XXDMA_init)
                  00009b2a    0000000e     rtsv7M3_T_le_eabi.lib : copy_decompress_none.obj (.text:decompress:none)
                  00009b38    0000000e     rom_sysbios.aem3 : rom_sysbios.obj (.text:ti_sysbios_family_arm_cc26xx_TimestampProvider_get32__E)
                  00009b46    0000000c     display.aem3 : Display.oem3 (.text:Display_doClear)
                  00009b52    0000000c                  : Display.oem3 (.text:Display_doClose)
                  00009b5e    00000002     --HOLE-- [fill = 0]
                  00009b60    0000000c     comm_lib.obj (.text:GetRXFlag)
                  00009b6c    0000000c     driverlib.lib : cpu.obj (.text:NOROM_CPUcpsid)
                  00009b78    0000000c                   : cpu.obj (.text:NOROM_CPUcpsie)
                  00009b84    0000000c     drivers_cc26xxware.aem3 : PINCC26XX.oem3 (.text:PIN_registerIntCb)
                  00009b90    0000000c                             : PowerCC26XX.oem3 (.text:Power_getConstraintMask)
                  00009b9c    0000000c                             : PowerCC26XX.oem3 (.text:Power_getDependencyCount)
                  00009ba8    0000000c     CWC_CC2650_154Drv.obj (.text:RFCAckIntClear)
                  00009bb4    0000000c     drivers_cc26xxware.aem3 : SPICC26XXDMA.oem3 (.text:spiPostNotify)
                  00009bc0    0000000c     rom_sysbios.aem3 : rom_sysbios_config.obj (.text:ti_sysbios_hal_Hwi_Params__init__S)
                  00009bcc    0000000c                      : rom_sysbios.obj (.text:ti_sysbios_knl_Swi_getTrigger__E)
                  00009bd8    0000000c     empty_pem3.oem3 (.text:xdc_runtime_Startup_reset__I)
                  00009be4    0000000c     rom_sysbios.aem3 : rom_sysbios.obj (.text:xdc_runtime_Startup_rtsDone__E)
                  00009bf0    0000000a     drivers_cc26xxware.aem3 : I2CCC26XX.oem3 (.text:I2CCC26XX_init)
                  00009bfa    0000000a                             : I2C.oem3 (.text:I2C_transfer)
                  00009c04    0000000a                             : List.oem3 (.text:List_empty)
                  00009c0e    0000000a                             : SPI.oem3 (.text:SPI_close)
                  00009c18    0000000a                             : SPI.oem3 (.text:SPI_transfer)
                  00009c22    0000000a     lcd.aem3 : SharpGrLib.oem3 (.text:SharpGrLib_colorTranslate)
                  00009c2c    0000000a     comm_lib.obj (.text:StartReceive6LoWPAN)
                  00009c36    0000000a     drivers_cc26xxware.aem3 : UDMACC26XX.oem3 (.text:UDMACC26XX_hwiIntFxn)
                  00009c40    00000008     display.aem3 : DisplaySharp.oem3 (.text:DisplaySharp_getType)
                  00009c48    00000008     drivers_cc26xxware.aem3 : I2CCC26XX.oem3 (.text:I2CCC26XX_blockingCallback)
                  00009c50    00000008                             : SPICC26XXDMA.oem3 (.text:SPICC26XXDMA_transferCallback)
                  00009c58    00000008     rtsv7M3_T_le_eabi.lib : s_copysign.obj (.text)
                  00009c60    00000008     empty_pem3.oem3 (.text:xdc_runtime_Text_visitRope__I)
                  00009c68    00000006     display.aem3 : Display.oem3 (.text:Display_doParamsInit)
                  00009c6e    00000006     drivers_cc26xxware.aem3 : I2CCC26XX.oem3 (.text:I2CCC26XX_control)
                  00009c74    00000006     driverlib.lib : cpu.obj (.text:NOROM_CPUdelay)
                  00009c7a    00000006     rtsv7M3_T_le_eabi.lib : copy_decompress_rle.obj (.text:decompress:rle24)
                  00009c80    00000004     tirtosport.aem3 : HwiP_tirtos.oem3 (.text:HwiP_disable)
                  00009c84    00000004     drivers_cc26xxware.aem3 : List.oem3 (.text:List_head)
                  00009c88    00000004                             : List.oem3 (.text:List_next)
                  00009c8c    00000004                             : PowerCC26XX.oem3 (.text:nopResourceHandler)
                  00009c90    00000004     rom_sysbios.aem3 : rom_sysbios.obj (.text:ti_sysbios_family_arm_cc26xx_Timer_getCount64__E)
                  00009c94    00000004                      : rom_sysbios.obj (.text:xdc_runtime_System_printf_va__F)
                  00009c98    00000004                      : rom_sysbios.obj (.text:xdc_runtime_System_snprintf_va__F)
                  00009c9c    00000008     (.tramp.xdc_runtime_Core_assignParams__I.1)
                  00009ca4    00000008     (.tramp.xdc_runtime_Startup_startMods__I.1)
                  00009cac    00000008     (.tramp.ti_sysbios_knl_Queue_construct.1)
                  00009cb4    00000008     (.tramp.ti_sysbios_knl_Clock_logTick__E.1)
                  00009cbc    00000008     (.tramp.ti_sysbios_knl_Task_Params__init__S.1)
                  00009cc4    00000008     (.tramp.ti_sysbios_BIOS_RtsGateProxy_leave__E.1)
                  00009ccc    00000008     (.tramp.xdc_runtime_Memory_free__E.1)
                  00009cd4    00000008     (.tramp.ti_sysbios_BIOS_RtsGateProxy_enter__E.1)
                  00009cdc    00000008     (.tramp.xdc_runtime_Memory_alloc__E.1)
                  00009ce4    00000008     (.tramp.xdc_runtime_Error_init__E.1)
                  00009cec    00000008     (.tramp.xdc_runtime_Core_createObject__I.1)
                  00009cf4    00000008     (.tramp.ti_sysbios_knl_Task_startup__E.1)
                  00009cfc    00000008     (.tramp.ti_sysbios_knl_Swi_startup__E.1)
                  00009d04    00000008     (.tramp.ti_sysbios_hal_Hwi_startup__E.1)
                  00009d0c    00000008     (.tramp.ti_sysbios_family_arm_cc26xx_Timer_startup__E.1)
                  00009d14    00000008     (.tramp.xdc_runtime_System_atexit__E.1)
                  00009d1c    00000008     (.tramp.ti_sysbios_BIOS_setThreadType__E.1)
                  00009d24    00000008     (.tramp.xdc_runtime_Gate_leaveSystem__E.1)
                  00009d2c    00000008     (.tramp.xdc_runtime_Gate_enterSystem__E.1)
                  00009d34    00000008     (.tramp.xdc_runtime_System_exit__E.1)
                  00009d3c    00000008     (.tramp.ti_sysbios_knl_Task_create.1)
                  00009d44    00000008     (.tramp.ti_sysbios_BIOS_getCpuFreq__E.1)
                  00009d4c    00000008     (.tramp.ti_sysbios_knl_Semaphore_destruct.1)
                  00009d54    00000008     (.tramp.ti_sysbios_knl_Swi_destruct.1)
                  00009d5c    00000008     (.tramp.ti_sysbios_family_arm_m3_Hwi_destruct.1)
                  00009d64    00000008     (.tramp.ti_sysbios_knl_Task_unblockI__E.1)
                  00009d6c    00000008     (.tramp.ti_sysbios_knl_Queue_remove__E.1)
                  00009d74    00000008     (.tramp.ti_sysbios_knl_Queue_head__E.1)
                  00009d7c    00000008     (.tramp.ti_sysbios_knl_Queue_empty__E.1)
                  00009d84    00000008     (.tramp.ti_sysbios_knl_Clock_scheduleNextTick__E.1)
                  00009d8c    00000008     (.tramp.ti_sysbios_knl_Clock_walkQueueDynamic__E.1)
                  00009d94    00000008     (.tramp.ti_sysbios_knl_Clock_TimerProxy_getCurrentTick__E.1)
                  00009d9c    00000008     (.tramp.ti_sysbios_family_arm_m3_Hwi_enableInterrupt__E.1)
                  00009da4    00000008     (.tramp.ti_sysbios_family_arm_m3_Hwi_disableInterrupt__E.1)
                  00009dac    00000008     (.tramp.ti_sysbios_knl_Clock_removeI__E.1)
                  00009db4    00000008     (.tramp.ti_sysbios_knl_Clock_startI__E.1)
                  00009dbc    00000008     (.tramp.ti_sysbios_knl_Task_blockI__E.1)
                  00009dc4    00000008     (.tramp.ti_sysbios_knl_Queue_enqueue__E.1)
                  00009dcc    00000008     (.tramp.ti_sysbios_knl_Task_self__E.1)
                  00009dd4    00000008     (.tramp.ti_sysbios_knl_Clock_addI__E.1)
                  00009ddc    00000008     (.tramp.ti_sysbios_knl_Swi_post__E.1)
                  00009de4    00000008     (.tramp.ti_sysbios_hal_Hwi_create.1)
                  00009dec    00000008     (.tramp.ti_sysbios_knl_Task_sleep__E.1)
                  00009df4    00000008     (.tramp.ti_sysbios_knl_Clock_setTimeout__E.1)
                  00009dfc    00000008     (.tramp.ti_sysbios_knl_Clock_construct.1)
                  00009e04    00000008     (.tramp.ti_sysbios_knl_Clock_Params__init__S.1)
                  00009e0c    00000008     (.tramp.ti_sysbios_knl_Semaphore_post__E.1)
                  00009e14    00000008     (.tramp.ti_sysbios_knl_Semaphore_pend__E.1)
                  00009e1c    00000008     (.tramp.ti_sysbios_family_arm_m3_Hwi_restoreFxn__E.1)
                  00009e24    00000008     (.tramp.ti_sysbios_family_arm_m3_Hwi_disableFxn__E.1)
                  00009e2c    00000008     (.tramp.ti_sysbios_knl_Clock_start__E.1)
                  00009e34    00000008     (.tramp.xdc_runtime_System_abortSpin__E.1)
                  00009e3c    00000008     (.tramp.ti_sysbios_knl_Swi_construct.1)
                  00009e44    00000008     (.tramp.ti_sysbios_knl_Swi_Params__init__S.1)
                  00009e4c    00000008     (.tramp.ti_sysbios_family_arm_m3_Hwi_construct.1)
                  00009e54    00000008     (.tramp.ti_sysbios_family_arm_m3_Hwi_Params__init__S.1)
                  00009e5c    00000008     (.tramp.ti_sysbios_knl_Semaphore_construct.1)
                  00009e64    00000008     (.tramp.ti_sysbios_knl_Semaphore_Params__init__S.1)
                  00009e6c    00000008     (.tramp.ti_sysbios_BIOS_start__E.1)
                  00009e74    00000008     (.tramp.xdc_runtime_System_abort__E.1)
                  00009e7c    00000008     (.tramp.ti_sysbios_knl_Task_restore__E.1)
                  00009e84    00000008     (.tramp.ti_sysbios_knl_Swi_restore__E.1)
                  00009e8c    00000008     (.tramp.ti_sysbios_knl_Swi_disable__E.1)
                  00009e94    00000008     (.tramp.ti_sysbios_knl_Task_disable__E.1)

.const     0    00009ea0    0000090c     
                  00009ea0    000002f8     grlib.aem3 : fontfixed6x8.oem3 (.const:.string:g_pucFontFixed6x8Data)
                  0000a198    00000101     rtsv7M3_T_le_eabi.lib : ctype.obj (.const:.string:_ctypes_)
                  0000a299    00000001     display.aem3 : Display.oem3 (.const)
                  0000a29a    00000002     CWC_CC2650_154Drv.obj (.const:RF_cmdPing)
                  0000a29c    000000c8     grlib.aem3 : fontfixed6x8.oem3 (.const:g_sFontFixed6x8)
                  0000a364    00000068     CC2650STK.obj (.const:BoardGpioInitTable)
                  0000a3cc    00000054     drivers_cc26xxware.aem3 : SPICC26XXDMA.oem3 (.const)
                  0000a420    0000004c                             : PowerCC26XX.oem3 (.const:resourceDB)
                  0000a46c    00000048     empty_pem3.oem3 (.const:.string)
                  0000a4b4    00000004     empty_pem3.oem3 (.const:ti_sysbios_knl_Clock_tickPeriod__C)
                  0000a4b8    00000040     CWC_CC2650_154Drv.obj (.const:IEEE_RX)
                  0000a4f8    00000038     CC2650STK.obj (.const:spiCC26XXDMAHWAttrs)
                  0000a530    00000028     empty_pem3.oem3 (.const:xdc_runtime_Startup_sfxnTab__A)
                  0000a558    00000024     math.obj (.const:POW2_NEGATIVE)
                  0000a57c    00000024     CC2650STK.obj (.const:SPI_config)
                  0000a5a0    00000024     display.aem3 : DisplaySharp.oem3 (.const)
                  0000a5c4    00000020     CWC_CC2650_154Drv.obj (.const:ChannelMap)
                  0000a5e4    00000020     drivers_cc26xxware.aem3 : I2CCC26XX.oem3 (.const)
                  0000a604    00000020                             : SPI.oem3 (.const)
                  0000a624    00000020     lcd.aem3 : SharpGrLib.oem3 (.const)
                  0000a644    00000020     empty_pem3.oem3 (.const:ti_sysbios_knl_Event_Object__DESC__C)
                  0000a664    00000018     CC2650STK.obj (.const:Display_config)
                  0000a67c    00000018     CC2650STK.obj (.const:I2C_config)
                  0000a694    00000018     CWC_CC2650_154Drv.obj (.const:IEEE_TX)
                  0000a6ac    00000018     CWC_CC2650_154Drv.obj (.const:RF_cmdRadioSetup)
                  0000a6c4    00000018     CC2650STK.obj (.const:i2cCC26xxHWAttrs)
                  0000a6dc    00000018     empty_pem3.oem3 (.const:ti_sysbios_knl_Event_Object__PARAMS__C)
                  0000a6f4    00000014     empty_pem3.oem3 (.const:xdc_runtime_Startup_sfxnRts__A)
                  0000a708    00000010     lcd.aem3 : SharpGrLib.oem3 (.const:.string)
                  0000a718    00000010     CC2650STK.obj (.const:PowerCC26XX_config)
                  0000a728    00000010     CC2650STK.obj (.const:UDMACC26XX_config)
                  0000a738    00000010     CC2650STK.obj (.const:displaySharpHWattrs)
                  0000a748    00000010     drivers_cc26xxware.aem3 : I2C.oem3 (.const)
                  0000a758    0000000c     empty_pem3.oem3 (.const:xdc_runtime_Startup_firstFxns__A)
                  0000a764    0000000a     CWC_CC2650_154Drv.obj (.const:RF_cmdGetFvInfo)
                  0000a76e    00000009     CWC_CC2650_154Drv.obj (.const:IEEE154_header)
                  0000a777    00000001     empty_pem3.oem3 (.const:xdc_runtime_Text_charTab__A)
                  0000a778    00000008     CC2650STK.obj (.const:PINCC26XX_hwAttrs)
                  0000a780    00000008     CC2650STK.obj (.const:udmaHWAttrs)
                  0000a788    00000004     empty_pem3.oem3 (.const:ti_sysbios_knl_Clock_triggerClock__C)
                  0000a78c    00000004     empty_pem3.oem3 (.const:ti_sysbios_knl_Event_Instance_State_pendQ__O)
                  0000a790    00000004     empty_pem3.oem3 (.const:ti_sysbios_knl_Idle_funcList__A)
                  0000a794    00000004     empty_pem3.oem3 (.const:xdc_runtime_SysMin_bufSize__C)
                  0000a798    00000004     empty_pem3.oem3 (.const:xdc_runtime_SysMin_outputFunc__C)
                  0000a79c    00000004     empty_pem3.oem3 (.const:xdc_runtime_System_extendFxn__C)
                  0000a7a0    00000004     empty_pem3.oem3 (.const:xdc_runtime_Text_visitRopeFxn__C)
                  0000a7a4    00000002     CWC_CC2650_154Drv.obj (.const:RF_cmdStartRat)
                  0000a7a6    00000002     empty_pem3.oem3 (.const:xdc_runtime_SysMin_flushAtExit__C)
                  0000a7a8    00000002     empty_pem3.oem3 (.const:xdc_runtime_Text_registryModsLastId__C)
                  0000a7aa    00000002     empty_pem3.oem3 (.const:xdc_runtime_Text_unnamedModsLastId__C)

.cinit     0    0000a7b0    00000484     
                  0000a7b0    00000282     (.cinit..data.load) [load image, compression = rle]
                  0000aa32    00000006     --HOLE-- [fill = 0]
                  0000aa38    0000002c     (.cinit..data:ti_sysbios_family_arm_m3_Hwi_Module__state__V.load) [load image, compression = rle]
                  0000aa64    00000004     --HOLE-- [fill = 0]
                  0000aa68    0000002c     (.cinit..data:ti_sysbios_knl_Task_Module__state__V.load) [load image, compression = rle]
                  0000aa94    00000004     --HOLE-- [fill = 0]
                  0000aa98    00000021     (.cinit..data:ti_sysbios_knl_Clock_Module__state__V.load) [load image, compression = rle]
                  0000aab9    00000007     --HOLE-- [fill = 0]
                  0000aac0    0000001f     (.cinit..data:ti_sysbios_BIOS_Module__state__V.load) [load image, compression = rle]
                  0000aadf    00000001     --HOLE-- [fill = 0]
                  0000aae0    00000011     (.cinit..data:ti_sysbios_knl_Swi_Module__state__V.load) [load image, compression = rle]
                  0000aaf1    00000007     --HOLE-- [fill = 0]
                  0000aaf8    0000000d     (.cinit..data:ti_sysbios_family_arm_cc26xx_Timer_Module__state__V.load) [load image, compression = rle]
                  0000ab05    00000003     --HOLE-- [fill = 0]
                  0000ab08    0000000d     (.cinit..data:xdc_runtime_System_Module__state__V.load) [load image, compression = rle]
                  0000ab15    00000003     --HOLE-- [fill = 0]
                  0000ab18    0000000b     (.cinit..bss.load) [load image, compression = rle]
                  0000ab23    00000005     --HOLE-- [fill = 0]
                  0000ab28    0000000a     (.cinit..data:xdc_runtime_Memory_Module__state__V.load) [load image, compression = rle]
                  0000ab32    00000006     --HOLE-- [fill = 0]
                  0000ab38    00000009     (.cinit..TI.bound:dmaSpi0RxControlTableEntry.load) [load image, compression = rle]
                  0000ab41    00000007     --HOLE-- [fill = 0]
                  0000ab48    00000009     (.cinit..TI.bound:dmaSpi0TxControlTableEntry.load) [load image, compression = rle]
                  0000ab51    00000007     --HOLE-- [fill = 0]
                  0000ab58    00000009     (.cinit..TI.bound:dmaSpi1RxControlTableEntry.load) [load image, compression = rle]
                  0000ab61    00000007     --HOLE-- [fill = 0]
                  0000ab68    00000009     (.cinit..TI.bound:dmaSpi1TxControlTableEntry.load) [load image, compression = rle]
                  0000ab71    00000007     --HOLE-- [fill = 0]
                  0000ab78    00000009     (.cinit..data:ti_sysbios_family_arm_cc26xx_TimestampProvider_Module__state__V.load) [load image, compression = rle]
                  0000ab81    00000007     --HOLE-- [fill = 0]
                  0000ab88    00000009     (.cinit..data:xdc_runtime_Startup_Module__state__V.load) [load image, compression = rle]
                  0000ab91    00000007     --HOLE-- [fill = 0]
                  0000ab98    00000009     (.cinit..vecs.load) [load image, compression = rle]
                  0000aba1    00000003     --HOLE-- [fill = 0]
                  0000aba4    00000008     (__TI_handler_table)
                  0000abac    00000088     (__TI_cinit_table)

.init_array 
*          0    00000000    00000000     UNINITIALIZED

.ccfg      0    0001ffa8    00000058     
                  0001ffa8    00000058     ccfg.obj (.ccfg:retain)

.resetVecs 
*          0    00000000    0000003c     
                  00000000    0000003c     empty_pem3.oem3 (.resetVecs)

.binit     0    00000000    00000000     

.const:ti_sysbios_knl_Task_Object__PARAMS__C 
*          0    00000100    0000003c     
                  00000100    0000003c     empty_pem3.oem3 (.const:ti_sysbios_knl_Task_Object__PARAMS__C)

.const:ti_sysbios_knl_Mailbox_Object__PARAMS__C 
*          0    0000013c    00000034     
                  0000013c    00000034     empty_pem3.oem3 (.const:ti_sysbios_knl_Mailbox_Object__PARAMS__C)

.const:ti_sysbios_family_arm_m3_Hwi_Object__PARAMS__C 
*          0    00000170    00000030     
                  00000170    00000030     empty_pem3.oem3 (.const:ti_sysbios_family_arm_m3_Hwi_Object__PARAMS__C)

.const:ti_sysbios_hal_Hwi_Object__PARAMS__C 
*          0    000001a0    0000002c     
                  000001a0    0000002c     empty_pem3.oem3 (.const:ti_sysbios_hal_Hwi_Object__PARAMS__C)

.const:ti_sysbios_heaps_HeapMem_Module__FXNS__C 
*          0    000001cc    00000028     
                  000001cc    00000028     empty_pem3.oem3 (.const:ti_sysbios_heaps_HeapMem_Module__FXNS__C)

.const:ti_sysbios_knl_Swi_Object__PARAMS__C 
*          0    000001f4    00000028     
                  000001f4    00000028     empty_pem3.oem3 (.const:ti_sysbios_knl_Swi_Object__PARAMS__C)

.const:ti_sysbios_gates_GateHwi_Module__FXNS__C 
*          0    0000021c    00000024     
                  0000021c    00000024     empty_pem3.oem3 (.const:ti_sysbios_gates_GateHwi_Module__FXNS__C)

.const:ti_sysbios_gates_GateMutex_Module__FXNS__C 
*          0    00000240    00000024     
                  00000240    00000024     empty_pem3.oem3 (.const:ti_sysbios_gates_GateMutex_Module__FXNS__C)

.const:ti_sysbios_heaps_HeapMem_Object__PARAMS__C 
*          0    00000264    00000024     
                  00000264    00000024     empty_pem3.oem3 (.const:ti_sysbios_heaps_HeapMem_Object__PARAMS__C)

.const:ti_sysbios_knl_Clock_Object__PARAMS__C 
*          0    00000288    00000024     
                  00000288    00000024     empty_pem3.oem3 (.const:ti_sysbios_knl_Clock_Object__PARAMS__C)

.const:ti_sysbios_knl_Semaphore_Object__PARAMS__C 
*          0    000002ac    00000024     
                  000002ac    00000024     empty_pem3.oem3 (.const:ti_sysbios_knl_Semaphore_Object__PARAMS__C)

.const:ti_sysbios_family_arm_m3_Hwi_Object__DESC__C 
*          0    000002d0    00000020     
                  000002d0    00000020     empty_pem3.oem3 (.const:ti_sysbios_family_arm_m3_Hwi_Object__DESC__C)

.const:ti_sysbios_gates_GateHwi_Object__DESC__C 
*          0    000002f0    00000020     
                  000002f0    00000020     empty_pem3.oem3 (.const:ti_sysbios_gates_GateHwi_Object__DESC__C)

.const:ti_sysbios_gates_GateMutex_Object__DESC__C 
*          0    00000310    00000020     
                  00000310    00000020     empty_pem3.oem3 (.const:ti_sysbios_gates_GateMutex_Object__DESC__C)

.const:ti_sysbios_hal_Hwi_Object__DESC__C 
*          0    00000330    00000020     
                  00000330    00000020     empty_pem3.oem3 (.const:ti_sysbios_hal_Hwi_Object__DESC__C)

.const:ti_sysbios_heaps_HeapMem_Object__DESC__C 
*          0    00000350    00000020     
                  00000350    00000020     empty_pem3.oem3 (.const:ti_sysbios_heaps_HeapMem_Object__DESC__C)

.const:ti_sysbios_knl_Clock_Object__DESC__C 
*          0    00000370    00000020     
                  00000370    00000020     empty_pem3.oem3 (.const:ti_sysbios_knl_Clock_Object__DESC__C)

.const:ti_sysbios_knl_Mailbox_Object__DESC__C 
*          0    00000390    00000020     
                  00000390    00000020     empty_pem3.oem3 (.const:ti_sysbios_knl_Mailbox_Object__DESC__C)

.const:ti_sysbios_knl_Queue_Object__DESC__C 
*          0    000003b0    00000020     
                  000003b0    00000020     empty_pem3.oem3 (.const:ti_sysbios_knl_Queue_Object__DESC__C)

.const:ti_sysbios_knl_Semaphore_Object__DESC__C 
*          0    000003d0    00000020     
                  000003d0    00000020     empty_pem3.oem3 (.const:ti_sysbios_knl_Semaphore_Object__DESC__C)

.const:ti_sysbios_knl_Swi_Object__DESC__C 
*          0    000003f0    00000020     
                  000003f0    00000020     empty_pem3.oem3 (.const:ti_sysbios_knl_Swi_Object__DESC__C)

.const:ti_sysbios_knl_Task_Object__DESC__C 
*          0    00000410    00000020     
                  00000410    00000020     empty_pem3.oem3 (.const:ti_sysbios_knl_Task_Object__DESC__C)

.const:ti_sysbios_gates_GateHwi_Object__PARAMS__C 
*          0    00000430    00000018     
                  00000430    00000018     empty_pem3.oem3 (.const:ti_sysbios_gates_GateHwi_Object__PARAMS__C)

.const:ti_sysbios_gates_GateMutex_Object__PARAMS__C 
*          0    00000448    00000018     
                  00000448    00000018     empty_pem3.oem3 (.const:ti_sysbios_gates_GateMutex_Object__PARAMS__C)

.const:ti_sysbios_knl_Queue_Object__PARAMS__C 
*          0    00000460    00000018     
                  00000460    00000018     empty_pem3.oem3 (.const:ti_sysbios_knl_Queue_Object__PARAMS__C)

.const:ti_sysbios_knl_Idle_funcList__C 
*          0    00000478    00000008     
                  00000478    00000008     empty_pem3.oem3 (.const:ti_sysbios_knl_Idle_funcList__C)

.const:ti_sysbios_family_arm_cc26xx_Timer_startupNeeded__C 
*          0    00000484    00000004     
                  00000484    00000004     empty_pem3.oem3 (.const:ti_sysbios_family_arm_cc26xx_Timer_startupNeeded__C)

.const:ti_sysbios_family_arm_m3_Hwi_E_alreadyDefined__C 
*          0    00000488    00000004     
                  00000488    00000004     empty_pem3.oem3 (.const:ti_sysbios_family_arm_m3_Hwi_E_alreadyDefined__C)

.const:ti_sysbios_family_arm_m3_Hwi_E_hwiLimitExceeded__C 
*          0    0000048c    00000004     
                  0000048c    00000004     empty_pem3.oem3 (.const:ti_sysbios_family_arm_m3_Hwi_E_hwiLimitExceeded__C)

.const:ti_sysbios_family_arm_m3_Hwi_NUM_INTERRUPTS__C 
*          0    00000490    00000004     
                  00000490    00000004     empty_pem3.oem3 (.const:ti_sysbios_family_arm_m3_Hwi_NUM_INTERRUPTS__C)

.const:ti_sysbios_family_arm_m3_Hwi_Object__count__C 
*          0    00000494    00000004     
                  00000494    00000004     empty_pem3.oem3 (.const:ti_sysbios_family_arm_m3_Hwi_Object__count__C)

.const:ti_sysbios_family_arm_m3_Hwi_Object__table__C 
*          0    00000498    00000004     
                  00000498    00000004     empty_pem3.oem3 (.const:ti_sysbios_family_arm_m3_Hwi_Object__table__C)

.const:ti_sysbios_family_arm_m3_Hwi_ccr__C 
*          0    0000049c    00000004     
                  0000049c    00000004     empty_pem3.oem3 (.const:ti_sysbios_family_arm_m3_Hwi_ccr__C)

.const:ti_sysbios_family_arm_m3_Hwi_excHandlerFunc__C 
*          0    000004a0    00000004     
                  000004a0    00000004     empty_pem3.oem3 (.const:ti_sysbios_family_arm_m3_Hwi_excHandlerFunc__C)

.const:ti_sysbios_family_arm_m3_Hwi_nullIsrFunc__C 
*          0    000004a4    00000004     
                  000004a4    00000004     empty_pem3.oem3 (.const:ti_sysbios_family_arm_m3_Hwi_nullIsrFunc__C)

.const:ti_sysbios_family_arm_m3_Hwi_numSparseInterrupts__C 
*          0    000004a8    00000004     
                  000004a8    00000004     empty_pem3.oem3 (.const:ti_sysbios_family_arm_m3_Hwi_numSparseInterrupts__C)

.const:ti_sysbios_family_arm_m3_Hwi_priGroup__C 
*          0    000004ac    00000004     
                  000004ac    00000004     empty_pem3.oem3 (.const:ti_sysbios_family_arm_m3_Hwi_priGroup__C)

.const:ti_sysbios_family_arm_m3_TaskSupport_stackAlignment__C 
*          0    000004b0    00000004     
                  000004b0    00000004     empty_pem3.oem3 (.const:ti_sysbios_family_arm_m3_TaskSupport_stackAlignment__C)

.const:ti_sysbios_heaps_HeapMem_E_memory__C 
*          0    000004b4    00000004     
                  000004b4    00000004     empty_pem3.oem3 (.const:ti_sysbios_heaps_HeapMem_E_memory__C)

.const:ti_sysbios_heaps_HeapMem_Module__gateObj__C 
*          0    000004b8    00000004     
                  000004b8    00000004     empty_pem3.oem3 (.const:ti_sysbios_heaps_HeapMem_Module__gateObj__C)

.const:ti_sysbios_heaps_HeapMem_Object__count__C 
*          0    000004bc    00000004     
                  000004bc    00000004     empty_pem3.oem3 (.const:ti_sysbios_heaps_HeapMem_Object__count__C)

.const:ti_sysbios_heaps_HeapMem_Object__table__C 
*          0    000004c0    00000004     
                  000004c0    00000004     empty_pem3.oem3 (.const:ti_sysbios_heaps_HeapMem_Object__table__C)

.const:ti_sysbios_heaps_HeapMem_reqAlign__C 
*          0    000004c4    00000004     
                  000004c4    00000004     empty_pem3.oem3 (.const:ti_sysbios_heaps_HeapMem_reqAlign__C)

.const:ti_sysbios_knl_Clock_serviceMargin__C 
*          0    000004c8    00000004     
                  000004c8    00000004     empty_pem3.oem3 (.const:ti_sysbios_knl_Clock_serviceMargin__C)

.const:ti_sysbios_knl_Mailbox_Object__count__C 
*          0    000004cc    00000004     
                  000004cc    00000004     empty_pem3.oem3 (.const:ti_sysbios_knl_Mailbox_Object__count__C)

.const:ti_sysbios_knl_Mailbox_Object__table__C 
*          0    000004d0    00000004     
                  000004d0    00000004     empty_pem3.oem3 (.const:ti_sysbios_knl_Mailbox_Object__table__C)

.const:ti_sysbios_knl_Queue_Object__count__C 
*          0    000004d4    00000004     
                  000004d4    00000004     empty_pem3.oem3 (.const:ti_sysbios_knl_Queue_Object__count__C)

.const:ti_sysbios_knl_Queue_Object__table__C 
*          0    000004d8    00000004     
                  000004d8    00000004     empty_pem3.oem3 (.const:ti_sysbios_knl_Queue_Object__table__C)

.const:ti_sysbios_knl_Swi_Object__count__C 
*          0    000004dc    00000004     
                  000004dc    00000004     empty_pem3.oem3 (.const:ti_sysbios_knl_Swi_Object__count__C)

.const:ti_sysbios_knl_Swi_Object__table__C 
*          0    000004e0    00000004     
                  000004e0    00000004     empty_pem3.oem3 (.const:ti_sysbios_knl_Swi_Object__table__C)

.const:ti_sysbios_knl_Swi_numPriorities__C 
*          0    000004e4    00000004     
                  000004e4    00000004     empty_pem3.oem3 (.const:ti_sysbios_knl_Swi_numPriorities__C)

.const:ti_sysbios_knl_Task_Object__count__C 
*          0    000004e8    00000004     
                  000004e8    00000004     empty_pem3.oem3 (.const:ti_sysbios_knl_Task_Object__count__C)

.const:ti_sysbios_knl_Task_Object__table__C 
*          0    000004ec    00000004     
                  000004ec    00000004     empty_pem3.oem3 (.const:ti_sysbios_knl_Task_Object__table__C)

.const:ti_sysbios_knl_Task_allBlockedFunc__C 
*          0    000004f0    00000004     
                  000004f0    00000004     empty_pem3.oem3 (.const:ti_sysbios_knl_Task_allBlockedFunc__C)

.const:ti_sysbios_knl_Task_defaultStackHeap__C 
*          0    000004f4    00000004     
                  000004f4    00000004     empty_pem3.oem3 (.const:ti_sysbios_knl_Task_defaultStackHeap__C)

.const:ti_sysbios_knl_Task_defaultStackSize__C 
*          0    000004f8    00000004     
                  000004f8    00000004     empty_pem3.oem3 (.const:ti_sysbios_knl_Task_defaultStackSize__C)

.const:ti_sysbios_knl_Task_numConstructedTasks__C 
*          0    000004fc    00000004     
                  000004fc    00000004     empty_pem3.oem3 (.const:ti_sysbios_knl_Task_numConstructedTasks__C)

.const:ti_sysbios_family_arm_cc26xx_Timer_Module__id__C 
*          0    00000502    00000002     
                  00000502    00000002     empty_pem3.oem3 (.const:ti_sysbios_family_arm_cc26xx_Timer_Module__id__C)

.const:ti_sysbios_family_arm_cc26xx_TimestampProvider_useClockTimer__C 
*          0    00000504    00000002     
                  00000504    00000002     empty_pem3.oem3 (.const:ti_sysbios_family_arm_cc26xx_TimestampProvider_useClockTimer__C)

.const:ti_sysbios_family_arm_m3_Hwi_Module__id__C 
*          0    00000506    00000002     
                  00000506    00000002     empty_pem3.oem3 (.const:ti_sysbios_family_arm_m3_Hwi_Module__id__C)

.const:ti_sysbios_gates_GateHwi_Module__id__C 
*          0    00000508    00000002     
                  00000508    00000002     empty_pem3.oem3 (.const:ti_sysbios_gates_GateHwi_Module__id__C)

.const:ti_sysbios_gates_GateMutex_Module__id__C 
*          0    0000050a    00000002     
                  0000050a    00000002     empty_pem3.oem3 (.const:ti_sysbios_gates_GateMutex_Module__id__C)

.const:ti_sysbios_heaps_HeapMem_Module__id__C 
*          0    0000050c    00000002     
                  0000050c    00000002     empty_pem3.oem3 (.const:ti_sysbios_heaps_HeapMem_Module__id__C)

.const:ti_sysbios_knl_Task_initStackFlag__C 
*          0    0000050e    00000002     
                  0000050e    00000002     empty_pem3.oem3 (.const:ti_sysbios_knl_Task_initStackFlag__C)

.const:ti_sysbios_knl_Clock_tickMode__C 
*          0    00000510    00000001     
                  00000510    00000001     empty_pem3.oem3 (.const:ti_sysbios_knl_Clock_tickMode__C)

.const:xdc_runtime_Startup_firstFxns__C 
*          0    00000514    00000008     
                  00000514    00000008     empty_pem3.oem3 (.const:xdc_runtime_Startup_firstFxns__C)

.const:xdc_runtime_Startup_lastFxns__C 
*          0    0000051c    00000008     
                  0000051c    00000008     empty_pem3.oem3 (.const:xdc_runtime_Startup_lastFxns__C)

.const:xdc_runtime_Assert_E_assertFailed__C 
*          0    00000524    00000004     
                  00000524    00000004     empty_pem3.oem3 (.const:xdc_runtime_Assert_E_assertFailed__C)

.const:xdc_runtime_Error_E_memory__C 
*          0    00000528    00000004     
                  00000528    00000004     empty_pem3.oem3 (.const:xdc_runtime_Error_E_memory__C)

.const:xdc_runtime_Error_policyFxn__C 
*          0    0000052c    00000004     
                  0000052c    00000004     empty_pem3.oem3 (.const:xdc_runtime_Error_policyFxn__C)

.const:xdc_runtime_IGateProvider_Interface__BASE__C 
*          0    00000530    00000004     
                  00000530    00000004     empty_pem3.oem3 (.const:xdc_runtime_IGateProvider_Interface__BASE__C)

.const:xdc_runtime_IHeap_Interface__BASE__C 
*          0    00000534    00000004     
                  00000534    00000004     empty_pem3.oem3 (.const:xdc_runtime_IHeap_Interface__BASE__C)

.const:xdc_runtime_IModule_Interface__BASE__C 
*          0    00000538    00000004     
                  00000538    00000004     empty_pem3.oem3 (.const:xdc_runtime_IModule_Interface__BASE__C)

.const:xdc_runtime_Main_Module__diagsEnabled__C 
*          0    0000053c    00000004     
                  0000053c    00000004     empty_pem3.oem3 (.const:xdc_runtime_Main_Module__diagsEnabled__C)

.const:xdc_runtime_Main_Module__diagsIncluded__C 
*          0    00000540    00000004     
                  00000540    00000004     empty_pem3.oem3 (.const:xdc_runtime_Main_Module__diagsIncluded__C)

.const:xdc_runtime_Main_Module__diagsMask__C 
[...]
1001c281  ti_sysbios_hal_Hwi_disableInterrupt__E                                    
1001c285  ti_sysbios_hal_Hwi_HwiProxy_enableInterrupt__E                            
1001c285  ti_sysbios_hal_Hwi_enableInterrupt__E                                     
1001c289  ti_sysbios_hal_Hwi_HwiProxy_getStackInfo__E                               
1001c289  ti_sysbios_hal_Hwi_getStackInfo__E                                        
1001c28d  ti_sysbios_hal_Hwi_HwiProxy_startup__E                                    
1001c28d  ti_sysbios_hal_Hwi_startup__E                                             
1001c291  ti_sysbios_hal_Hwi_HwiProxy_switchFromBootStack__E                        
1001c295  ti_sysbios_hal_Hwi_delete                                                 
1001c299  ti_sysbios_hal_Hwi_switchFromBootStack__E                                 
1001c29d  ti_sysbios_heaps_HeapMem_Module_GateProxy_enter__E                        
1001c2a1  ti_sysbios_heaps_HeapMem_Module_GateProxy_leave__E                        
1001c2a5  ti_sysbios_heaps_HeapMem_isBlocking__E                                    
1001c2a9  ti_sysbios_knl_Clock_TimerProxy_Module__startupDone__S                    
1001c2ad  ti_sysbios_knl_Clock_TimerProxy_getExpiredTicks__E                        
1001c2b1  ti_sysbios_knl_Clock_TimerProxy_getPeriod__E                              
1001c2b5  ti_sysbios_knl_Clock_delete                                               
1001c2b9  ti_sysbios_knl_Clock_destruct                                             
1001c2bd  ti_sysbios_knl_Clock_removeI__E                                           
1001c2c1  ti_sysbios_knl_Clock_setTimeout__E                                        
1001c2c5  ti_sysbios_knl_Mailbox_delete                                             
1001c2c9  ti_sysbios_knl_Mailbox_destruct                                           
1001c2cd  ti_sysbios_knl_Queue_delete                                               
1001c2d1  ti_sysbios_knl_Queue_destruct                                             
1001c2d5  ti_sysbios_knl_Queue_head__E                                              
1001c2d9  ti_sysbios_knl_Queue_next__E                                              
1001c2dd  ti_sysbios_knl_Semaphore_delete                                           
1001c2e1  ti_sysbios_knl_Semaphore_destruct                                         
1001c2e5  ti_sysbios_knl_Swi_delete                                                 
1001c2e9  ti_sysbios_knl_Swi_destruct                                               
1001c2ed  ti_sysbios_knl_Swi_postInit__I                                            
1001c2f1  ti_sysbios_knl_Task_SupportProxy_Module__startupDone__S                   
1001c2f5  ti_sysbios_knl_Task_SupportProxy_getStackAlignment__E                     
1001c2f9  ti_sysbios_knl_Task_SupportProxy_start__E                                 
1001c2fd  ti_sysbios_knl_Task_SupportProxy_swap__E                                  
1001c301  ti_sysbios_knl_Task_delete                                                
1001c305  ti_sysbios_knl_Task_destruct                                              
1001c309  ti_sysbios_knl_Task_startup__E                                            
1001c30d  xdc_runtime_Startup_startMods__I                                          
1001c405  xdc_runtime_Core_createObject__I                                          
1001c487  xdc_runtime_Error_policySpin__E                                           
1001c489  xdc_runtime_Memory_alloc__E                                               
1001c4f9  xdc_runtime_Core_deleteObject__I                                          
1001c559  xdc_runtime_Startup_exec__E                                               
1001c5a9  xdc_runtime_Assert_raise__I                                               
1001c5f1  xdc_runtime_Core_assignParams__I                                          
1001c639  xdc_runtime_Core_constructObject__I                                       
1001c681  xdc_runtime_System_atexit__E                                              
1001c6b9  xdc_runtime_System_processAtExit__E                                       
1001c6ed  xdc_runtime_Core_assignLabel__I                                           
1001c71d  xdc_runtime_Text_cordText__E                                              
1001c749  xdc_runtime_System_abort__E                                               
1001c769  xdc_runtime_Error_raiseX__E                                               
1001c785  xdc_runtime_Memory_valloc__E                                              
1001c7a1  xdc_runtime_Core_destructObject__I                                        
1001c7b9  xdc_runtime_Error_check__E                                                
1001c7d1  xdc_runtime_System_exit__E                                                
1001c7e9  xdc_runtime_Text_ropeText__E                                              
1001c801  xdc_runtime_Memory_free__E                                                
1001c811  xdc_runtime_SysCallback_abort__E                                          
1001c821  xdc_runtime_SysCallback_exit__E                                           
1001c831  xdc_runtime_Timestamp_SupportProxy_get32__E                               
1001c831  xdc_runtime_Timestamp_get32__E                                            
1001c841  xdc_runtime_Error_init__E                                                 
1001c84d  xdc_runtime_Memory_calloc__E                                              
1001c859  xdc_runtime_Memory_getMaxDefaultTypeAlign__E                              
1001c879  xdc_runtime_Gate_leaveSystem__E                                           
1001c87f  xdc_runtime_System_Module_startup__E                                      
1001c885  xdc_runtime_Gate_enterSystem__E                                           
1001c889  xdc_runtime_Memory_HeapProxy_alloc__E                                     
1001c88d  xdc_runtime_Memory_HeapProxy_free__E                                      
1001c891  xdc_runtime_System_Module_GateProxy_enter__E                              
1001c895  xdc_runtime_System_Module_GateProxy_leave__E                              
1001c899  xdc_runtime_System_abortSpin__E                                           
1001c89b  xdc_runtime_System_exitSpin__E                                            
1001c89d  ti_sysbios_family_arm_m3_Hwi_dispatch__I                                  
1001c96d  ti_sysbios_family_arm_m3_TaskSupport_buildTaskStack                       
1001c9b9  ti_sysbios_family_arm_m3_Hwi_initStacks__E                                
1001ca01  ti_sysbios_family_arm_m3_Hwi_excHandlerAsm__I                             
1001ca21  ti_sysbios_family_xxx_Hwi_switchAndRunFunc                                
1001ca3f  ti_sysbios_family_arm_m3_Hwi_pendSV__I                                    
1001ca57  ti_sysbios_family_arm_m3_Hwi_return                                       
1001ca59  ti_sysbios_family_arm_m3_TaskSupport_glue                                 
1001ca69  ti_sysbios_family_arm_m3_TaskSupport_swap__E                              
1001ca71  ti_sysbios_knl_Task_swapReturn                                            
1001ca9b  ti_sysbios_rom_cortexm_cc26xx_CC26xx_getRevision__E                       
20000000  ti_sysbios_family_arm_m3_Hwi_ramVectors                                   
20000100  ti_sysbios_knl_Task_Module__state__V                                      
20000144  ti_sysbios_family_arm_m3_Hwi_Module__state__V                             
20000178  ti_sysbios_knl_Clock_Module__state__V                                     
200001a4  ti_sysbios_BIOS_Module__state__V                                          
200001c8  ti_sysbios_knl_Swi_Module__state__V                                       
200001e4  ti_sysbios_family_arm_cc26xx_Timer_Module__state__V                       
200001ec  ti_sysbios_family_arm_cc26xx_TimestampProvider_Module__state__V           
200001f0  xdc_runtime_Startup_Module__state__V                                      
200001f8  xdc_runtime_System_Module__state__V                                       
20000200  xdc_runtime_Memory_Module__state__V                                       
20000520  commTaskStack                                                             
20000d20  displayTaskStack                                                          
20001520  sensorTaskStack                                                           
200021a0  ti_sysbios_heaps_HeapMem_Instance_State_0_buf__A                          
200025a0  ti_sysbios_knl_Task_Instance_State_0_stack__A                             
200027a0  spiCC26XXDMAObjects                                                       
20002958  __CIOBUF_                                                                 
20002a78  i2cCC26xxObjects                                                          
20002b58  ti_sysbios_family_arm_m3_Hwi_dispatchTable                                
20002c20  __TI_tmpnams                                                              
20002df0  xdc_runtime_SysMin_Module_State_0_outbuf__A                               
20002e70  PIN_HandleTable                                                           
20002eec  displaySharpObject                                                        
20002fcc  sensorDisplayData                                                         
20002ffc  cpe0Params                                                                
20003028  cpe1Params                                                                
20003074  udmaObjects                                                               
200030cc  i2cTransaction                                                            
20003130  rxBuffer                                                                  
200031c8  PIN_NumPins                                                               
200031cc  cpe0Handle                                                                
200031d0  cpe1Handle                                                                
200031d4  evt                                                                       
200031d8  hDisplay                                                                  
200031e4  rx_read_entry                                                             
200031ec  txBuffer                                                                  
200031f2  dig_P1                                                                    
200031f4  dig_P2                                                                    
200031f6  dig_P3                                                                    
200031f8  dig_P4                                                                    
200031fa  dig_P5                                                                    
200031fc  dig_P6                                                                    
200031fe  dig_P7                                                                    
20003200  dig_P8                                                                    
20003202  dig_P9                                                                    
20003204  dig_T1                                                                    
20003206  dig_T2                                                                    
20003208  dig_T3                                                                    
2000320b  driverlib_release_0_46593                                                 
20003210  PowerCC26XX_module                                                        
20003320  _ftable                                                                   
20003560  ti_sysbios_knl_Task_Object__table__V                                      
200035ac  t_fine                                                                    
200035b0  ti_sysbios_family_arm_cc26xx_Timer_Object__table__V                       
200035f8  ti_sysbios_gates_GateMutex_Object__table__V                               
20003630  ti_sysbios_knl_Swi_Module_State_0_readyQ__A                               
20003660  ti_sysbios_knl_Swi_Object__table__V                                       
200036bc  ti_sysbios_knl_Clock_Object__table__V                                     
200036dc  ti_sysbios_knl_Task_Module_State_0_readyQ__A                              
20003714  ti_sysbios_family_arm_m3_Hwi_Object__table__V                             
2000372c  ti_sysbios_heaps_HeapMem_Object__table__V                                 
20003744  __TI_ft_end                                                               
20003748  __aeabi_stdin                                                             
2000374c  __aeabi_stdout                                                            
20003750  __aeabi_stderr                                                            
20003754  __TI_cleanup_ptr                                                          
20003758  __TI_dtors_ptr                                                            
2000375c  __TI_enable_exit_profile_output                                           
20003760  cLed                                                                      
2000376c  xdc_runtime_SysMin_Module__state__V                                       
20003778  _lock                                                                     
2000377c  _unlock                                                                   
20003780  cButton0                                                                  
20003788  cPowerButton                                                              
20003790  cPowerWake                                                                
200037a0  ti_sysbios_family_arm_m3_Hwi_Module__root__V                              
200037a8  ti_sysbios_gates_GateHwi_Module__root__V                                  
200037b0  ti_sysbios_gates_GateMutex_Module__root__V                                
200037b8  ti_sysbios_hal_Hwi_Module__root__V                                        
200037c0  ti_sysbios_heaps_HeapMem_Module__root__V                                  
200037c8  ti_sysbios_knl_Clock_Module__root__V                                      
200037d0  ti_sysbios_knl_Event_Module__root__V                                      
200037d8  ti_sysbios_knl_Mailbox_Module__root__V                                    
200037e0  ti_sysbios_knl_Queue_Module__root__V                                      
200037e8  ti_sysbios_knl_Semaphore_Module__root__V                                  
200037f0  ti_sysbios_knl_Swi_Module__root__V                                        
200037f8  ti_sysbios_knl_Task_Module__root__V                                       
20003800  xdc_runtime_Registry_Module__state__V                                     
20003808  xdc_runtime_System_Module_State_0_atexitHandlers__A                       
20003813  rssi                                                                      
2000381c  errno                                                                     
20003824  main_func_sp                                                              
20003828  ti_sysbios_family_arm_m3_Hwi_Module_State_0_excContext__A                 
2000382c  ti_sysbios_family_arm_m3_Hwi_Module_State_0_excStack__A                   
20003830  ti_sysbios_knl_Task_Module_State_0_idleTask__A                            
20003834  ti_sysbios_family_arm_m3_Hwi_Module_State_0_excActive__A                  
20004d00  __stack                                                                   
20005000  __STACK_END                                                               
e000e000  ti_sysbios_family_arm_m3_Hwi_nvic                                         
ffffffff  __TI_pprof_out_hndl                                                       
ffffffff  __TI_prof_data_size                                                       
ffffffff  __TI_prof_data_start                                                      
ffffffff  __binit__                                                                 
ffffffff  __c_args__                                                                
ffffffff  binit                                                                     
UNDEFED   HwiP_restore                                                              
UNDEFED   SHT$$INIT_ARRAY$$Base                                                     
UNDEFED   SHT$$INIT_ARRAY$$Limit                                                    
UNDEFED   ti_sysbios_BIOS_RtsGateProxy_Handle__label__S__mangled__                  
UNDEFED   ti_sysbios_BIOS_RtsGateProxy_Object__delete__S__mangled__                 
UNDEFED   ti_sysbios_BIOS_RtsGateProxy_Params__init__S__mangled__                   
UNDEFED   ti_sysbios_BIOS_RtsGateProxy_query__E__mangled__                          
UNDEFED   ti_sysbios_hal_Hwi_HwiProxy_Module__startupDone__S__mangled__             
UNDEFED   ti_sysbios_hal_Hwi_HwiProxy_Object__delete__S__mangled__                  
UNDEFED   ti_sysbios_hal_Hwi_HwiProxy_Params__init__S__mangled__                    
UNDEFED   ti_sysbios_hal_Hwi_HwiProxy_disableInterrupt__E__mangled__                
UNDEFED   ti_sysbios_hal_Hwi_HwiProxy_enableInterrupt__E__mangled__                 
UNDEFED   ti_sysbios_hal_Hwi_HwiProxy_getStackInfo__E__mangled__                    
UNDEFED   ti_sysbios_hal_Hwi_HwiProxy_startup__E__mangled__                         
UNDEFED   ti_sysbios_hal_Hwi_HwiProxy_switchFromBootStack__E__mangled__             
UNDEFED   ti_sysbios_hal_Hwi_disableInterrupt__E                                    
UNDEFED   ti_sysbios_hal_Hwi_enableInterrupt__E                                     
UNDEFED   ti_sysbios_hal_Hwi_getStackInfo__E                                        
UNDEFED   ti_sysbios_hal_Hwi_startup__E                                             
UNDEFED   ti_sysbios_hal_Hwi_switchFromBootStack__E                                 
UNDEFED   ti_sysbios_heaps_HeapMem_Module_GateProxy_Handle__label__S__mangled__     
UNDEFED   ti_sysbios_heaps_HeapMem_Module_GateProxy_Object__delete__S__mangled__    
UNDEFED   ti_sysbios_heaps_HeapMem_Module_GateProxy_Params__init__S__mangled__      
UNDEFED   ti_sysbios_heaps_HeapMem_Module_GateProxy_query__E__mangled__             
UNDEFED   ti_sysbios_knl_Clock_TimerProxy_Module__startupDone__S__mangled__         
UNDEFED   ti_sysbios_knl_Clock_TimerProxy_startup__E__mangled__                     
UNDEFED   ti_sysbios_knl_Task_SupportProxy_Module__startupDone__S__mangled__        
UNDEFED   ti_sysbios_knl_Task_SupportProxy_getStackAlignment__E__mangled__          
UNDEFED   ti_sysbios_knl_Task_SupportProxy_start__E__mangled__                      
UNDEFED   ti_sysbios_knl_Task_SupportProxy_swap__E__mangled__                       
UNDEFED   xdc_runtime_Main_Module_GateProxy_Handle__label__S                        
UNDEFED   xdc_runtime_Main_Module_GateProxy_Object__delete__S                       
UNDEFED   xdc_runtime_Main_Module_GateProxy_query__E                                
UNDEFED   xdc_runtime_Memory_HeapProxy_Handle__label__S__mangled__                  
UNDEFED   xdc_runtime_Memory_HeapProxy_Object__delete__S__mangled__                 
UNDEFED   xdc_runtime_System_Module_GateProxy_Handle__label__S__mangled__           
UNDEFED   xdc_runtime_System_Module_GateProxy_Object__delete__S__mangled__          
UNDEFED   xdc_runtime_System_Module_GateProxy_query__E__mangled__                   
UNDEFED   xdc_runtime_Timestamp_SupportProxy_get64__E__mangled__                    
UNDEFED   xdc_runtime_Timestamp_SupportProxy_getFreq__E__mangled__                  
UNDEFED   xdc_runtime_Timestamp_get32__E                                            
UNDEFED   xdc_runtime_Timestamp_get64__E                                            
UNDEFED   xdc_runtime_Timestamp_getFreq__E                                          

[964 symbols]
